19:30:17.010 INFO  manager.ApplicationManager -- All tests runs in Chrome Browser
19:30:18.617 INFO  manager.ApplicationManager -- The link --->https://telranedu.web.app/home
19:30:18.674 INFO  manager.TestNGListener -- Start testing on date -->Thu Jun 04 19:30:18 IDT 2026
19:30:18.852 INFO  tests.TestBase -- Name of method (test) ---> loginSuccess
19:30:23.940 INFO  manager.TestNGListener -- Start test --> null
19:30:23.942 INFO  tests.TestBase -- Start test with name 'loginSuccess'
19:30:23.942 INFO  tests.TestBase -- Test data ---> email: margo@gmail.com& password: Mmar123456$
19:30:23.943 INFO  manager.ListenerWD -- Before find element-->By.cssSelector: a[href='/login']
19:30:24.000 INFO  manager.ListenerWD -- After find element-->By.cssSelector: a[href='/login']
19:30:24.034 INFO  manager.ListenerWD -- Location of element-->a
19:30:24.077 INFO  manager.ListenerWD -- Before click element-->atext-->LOGIN
19:30:24.279 INFO  manager.ListenerWD -- After click element-->a
19:30:24.281 INFO  manager.ListenerWD -- Before find element-->By.name: email
19:30:24.353 INFO  manager.ListenerWD -- After find element-->By.name: email
19:30:24.371 INFO  manager.ListenerWD -- Location of element-->input
19:30:24.403 INFO  manager.ListenerWD -- Before click element-->inputtext-->
19:30:24.545 INFO  manager.ListenerWD -- After click element-->input
19:30:24.631 INFO  manager.ListenerWD -- SendKeys-->
19:30:24.643 INFO  manager.ListenerWD -- SendKeys_TagName-->input
19:30:24.747 INFO  manager.ListenerWD -- SendKeys-->
19:30:24.759 INFO  manager.ListenerWD -- SendKeys_TagName-->input
19:30:24.835 INFO  manager.ListenerWD -- SendKeys-->
19:30:24.851 INFO  manager.ListenerWD -- SendKeys_TagName-->input
19:30:24.936 INFO  manager.ListenerWD -- Before find element-->By.xpath: //input[@placeholder='Password']
19:30:24.996 INFO  manager.ListenerWD -- After find element-->By.xpath: //input[@placeholder='Password']
19:30:25.011 INFO  manager.ListenerWD -- Location of element-->input
19:30:25.054 INFO  manager.ListenerWD -- Before click element-->inputtext-->
19:30:25.195 INFO  manager.ListenerWD -- After click element-->input
19:30:25.274 INFO  manager.ListenerWD -- SendKeys-->
19:30:25.287 INFO  manager.ListenerWD -- SendKeys_TagName-->input
19:30:25.370 INFO  manager.ListenerWD -- SendKeys-->
19:30:25.384 INFO  manager.ListenerWD -- SendKeys_TagName-->input
19:30:25.462 INFO  manager.ListenerWD -- SendKeys-->
19:30:25.473 INFO  manager.ListenerWD -- SendKeys_TagName-->input
19:30:25.551 INFO  manager.ListenerWD -- Before find element-->By.xpath: //button[text()='Login']
19:30:25.602 INFO  manager.ListenerWD -- After find element-->By.xpath: //button[text()='Login']
19:30:25.612 INFO  manager.ListenerWD -- Location of element-->button
19:30:25.639 INFO  manager.ListenerWD -- Before click element-->buttontext-->Login
19:30:26.830 INFO  tests.TestBase -- Assert check is element button 'Sign out' present
19:30:26.834 INFO  manager.TestNGListener -- Success test --> loginSuccess
19:30:26.837 INFO  tests.TestBase -- ===============================================
19:30:26.840 INFO  tests.TestBase -- Name of method (test) ---> loginSuccess
19:30:26.890 INFO  manager.ListenerWD -- Before find element-->By.xpath: //button[text()='Sign Out']
19:30:26.939 INFO  manager.ListenerWD -- After find element-->By.xpath: //button[text()='Sign Out']
19:30:26.952 INFO  manager.ListenerWD -- Location of element-->button
19:30:26.983 INFO  manager.ListenerWD -- Before click element-->buttontext-->Sign Out
19:30:27.186 INFO  manager.ListenerWD -- After click element-->null
19:30:27.187 INFO  tests.TestBase -- Before method finished logout
19:30:27.188 INFO  manager.TestNGListener -- Start test --> null
19:30:27.189 INFO  tests.TestBase -- Start test with name 'loginSuccess'
19:30:27.189 INFO  tests.TestBase -- Test data ---> email: sonya@gmail.com& password: Ss12345$
19:30:27.190 INFO  manager.ListenerWD -- Before find element-->By.cssSelector: a[href='/login']
19:30:27.201 INFO  manager.ListenerWD -- Huston, we have a problem
19:30:27.202 INFO  manager.ListenerWD -- Failed method:findElement
19:30:27.203 INFO  manager.ListenerWD -- **************************************
19:30:27.203 INFO  manager.ListenerWD -- Arguments:[By.cssSelector: a[href='/login']]
19:30:27.204 INFO  manager.ListenerWD -- **************************************
19:30:27.204 INFO  manager.ListenerWD -- Exception:NoSuchWindowException
19:30:27.205 INFO  manager.ListenerWD -- **************************************
19:30:27.206 INFO  manager.ListenerWD -- Message:no such window: target window already closed
from unknown error: web view not found
  (Session info: chrome=148.0.7778.181)
Build info: version: '4.26.0', revision: '8ccf0219d7'
System info: os.name: 'Windows 11', os.arch: 'amd64', os.version: '10.0', java.version: '17.0.12'
Driver info: org.openqa.selenium.chrome.ChromeDriver
Command: [cd6e3628fe098d5e77a32e360b439df9, findElement {value=a[href='/login'], using=css selector}]
Capabilities {acceptInsecureCerts: false, browserName: chrome, browserVersion: 148.0.7778.181, chrome: {chromedriverVersion: 148.0.7778.167 (65db666ac2c..., userDataDir: C:\Users\Mariya\AppData\Loc...}, fedcm:accounts: true, goog:chromeOptions: {debuggerAddress: localhost:54733}, goog:processID: 191828, networkConnectionEnabled: false, pageLoadStrategy: normal, platformName: windows, proxy: Proxy(), se:cdp: ws://localhost:54733/devtoo..., se:cdpVersion: 148.0.7778.181, setWindowRect: true, strictFileInteractability: false, timeouts: {implicit: 0, pageLoad: 300000, script: 30000}, unhandledPromptBehavior: dismiss and notify, webauthn:extension:credBlob: true, webauthn:extension:largeBlob: true, webauthn:extension:minPinLength: true, webauthn:extension:prf: true, webauthn:virtualAuthenticators: true}
Session ID: cd6e3628fe098d5e77a32e360b439df9
19:30:27.207 INFO  manager.ListenerWD -- **************************************
19:30:27.209 INFO  manager.ListenerWD -- Screen with error is-->src/test/screenchots/screen_1332.png
19:30:27.239 INFO  manager.TestNGListener -- Failure test --> null
19:30:27.244 INFO  tests.TestBase -- ===============================================
19:30:27.255 INFO  tests.TestBase -- Name of method (test) ---> loginSuccess
19:30:27.293 INFO  manager.ListenerWD -- Huston, we have a problem
19:30:27.293 INFO  manager.ListenerWD -- Failed method:findElements
19:30:27.294 INFO  manager.ListenerWD -- **************************************
19:30:27.294 INFO  manager.ListenerWD -- Arguments:[By.xpath: //button[text()='Sign Out']]
19:30:27.294 INFO  manager.ListenerWD -- **************************************
19:30:27.295 INFO  manager.ListenerWD -- Exception:NoSuchWindowException
19:30:27.295 INFO  manager.ListenerWD -- **************************************
19:30:27.297 INFO  manager.ListenerWD -- Message:no such window: target window already closed
from unknown error: web view not found
  (Session info: chrome=148.0.7778.181)
Build info: version: '4.26.0', revision: '8ccf0219d7'
System info: os.name: 'Windows 11', os.arch: 'amd64', os.version: '10.0', java.version: '17.0.12'
Driver info: org.openqa.selenium.chrome.ChromeDriver
Command: [cd6e3628fe098d5e77a32e360b439df9, findElements {value=//button[text()='Sign Out'], using=xpath}]
Capabilities {acceptInsecureCerts: false, browserName: chrome, browserVersion: 148.0.7778.181, chrome: {chromedriverVersion: 148.0.7778.167 (65db666ac2c..., userDataDir: C:\Users\Mariya\AppData\Loc...}, fedcm:accounts: true, goog:chromeOptions: {debuggerAddress: localhost:54733}, goog:processID: 191828, networkConnectionEnabled: false, pageLoadStrategy: normal, platformName: windows, proxy: Proxy(), se:cdp: ws://localhost:54733/devtoo..., se:cdpVersion: 148.0.7778.181, setWindowRect: true, strictFileInteractability: false, timeouts: {implicit: 0, pageLoad: 300000, script: 30000}, unhandledPromptBehavior: dismiss and notify, webauthn:extension:credBlob: true, webauthn:extension:largeBlob: true, webauthn:extension:minPinLength: true, webauthn:extension:prf: true, webauthn:virtualAuthenticators: true}
Session ID: cd6e3628fe098d5e77a32e360b439df9
19:30:27.307 INFO  manager.ListenerWD -- **************************************
19:30:27.312 INFO  manager.ListenerWD -- Screen with error is-->src/test/screenchots/screen_1337.png
19:30:27.375 INFO  manager.TestNGListener -- Start test --> null
19:30:27.377 INFO  manager.TestNGListener -- Skipped test --> null
19:30:27.388 INFO  manager.TestNGListener -- Start test --> null
19:30:27.389 INFO  manager.TestNGListener -- Skipped test --> null
19:30:27.397 INFO  manager.TestNGListener -- Start test --> null
19:30:27.400 INFO  manager.TestNGListener -- Skipped test --> null
19:30:27.409 INFO  manager.TestNGListener -- Start test --> null
19:30:27.412 INFO  manager.TestNGListener -- Skipped test --> null
19:30:27.420 INFO  manager.TestNGListener -- Start test --> null
19:30:27.421 INFO  manager.TestNGListener -- Skipped test --> null
19:30:27.426 INFO  manager.TestNGListener -- Start test --> null
19:30:27.427 INFO  manager.TestNGListener -- Skipped test --> null
19:30:27.436 INFO  manager.TestNGListener -- Start test --> null
19:30:27.436 INFO  manager.TestNGListener -- Skipped test --> null
19:30:27.442 INFO  manager.TestNGListener -- Start test --> null
19:30:27.443 INFO  manager.TestNGListener -- Skipped test --> null
19:30:27.449 INFO  manager.TestNGListener -- Start test --> null
19:30:27.450 INFO  manager.TestNGListener -- Skipped test --> null
19:30:27.460 INFO  tests.TestBase -- Name of method (test) ---> RegistrationExistsUser
19:30:27.473 INFO  manager.ListenerWD -- Huston, we have a problem
19:30:27.473 INFO  manager.ListenerWD -- Failed method:findElements
19:30:27.474 INFO  manager.ListenerWD -- **************************************
19:30:27.474 INFO  manager.ListenerWD -- Arguments:[By.xpath: //button[text()='Sign Out']]
19:30:27.474 INFO  manager.ListenerWD -- **************************************
19:30:27.474 INFO  manager.ListenerWD -- Exception:NoSuchWindowException
19:30:27.475 INFO  manager.ListenerWD -- **************************************
19:30:27.475 INFO  manager.ListenerWD -- Message:no such window: target window already closed
from unknown error: web view not found
  (Session info: chrome=148.0.7778.181)
Build info: version: '4.26.0', revision: '8ccf0219d7'
System info: os.name: 'Windows 11', os.arch: 'amd64', os.version: '10.0', java.version: '17.0.12'
Driver info: org.openqa.selenium.chrome.ChromeDriver
Command: [cd6e3628fe098d5e77a32e360b439df9, findElements {value=//button[text()='Sign Out'], using=xpath}]
Capabilities {acceptInsecureCerts: false, browserName: chrome, browserVersion: 148.0.7778.181, chrome: {chromedriverVersion: 148.0.7778.167 (65db666ac2c..., userDataDir: C:\Users\Mariya\AppData\Loc...}, fedcm:accounts: true, goog:chromeOptions: {debuggerAddress: localhost:54733}, goog:processID: 191828, networkConnectionEnabled: false, pageLoadStrategy: normal, platformName: windows, proxy: Proxy(), se:cdp: ws://localhost:54733/devtoo..., se:cdpVersion: 148.0.7778.181, setWindowRect: true, strictFileInteractability: false, timeouts: {implicit: 0, pageLoad: 300000, script: 30000}, unhandledPromptBehavior: dismiss and notify, webauthn:extension:credBlob: true, webauthn:extension:largeBlob: true, webauthn:extension:minPinLength: true, webauthn:extension:prf: true, webauthn:virtualAuthenticators: true}
Session ID: cd6e3628fe098d5e77a32e360b439df9
19:30:27.475 INFO  manager.ListenerWD -- **************************************
19:30:27.476 INFO  manager.ListenerWD -- Screen with error is-->src/test/screenchots/screen_1708.png
19:30:27.493 INFO  manager.TestNGListener -- Start test --> null
19:30:27.494 INFO  manager.TestNGListener -- Skipped test --> null
19:30:27.500 INFO  manager.TestNGListener -- Start test --> null
19:30:27.502 INFO  manager.TestNGListener -- Skipped test --> null
19:30:27.507 INFO  manager.TestNGListener -- Start test --> null
19:30:27.508 INFO  manager.TestNGListener -- Skipped test --> null
19:30:27.514 INFO  manager.TestNGListener -- Start test --> null
19:30:27.515 INFO  manager.TestNGListener -- Skipped test --> null
19:30:27.519 INFO  manager.TestNGListener -- Stop testing on date -->Thu Jun 04 19:30:27 IDT 2026
