21:10:18.180 INFO  manager.ApplicationManager -- All tests runs in Chrome Browser
21:10:19.793 INFO  manager.ApplicationManager -- The link --->https://telranedu.web.app/home
21:10:19.830 INFO  manager.TestNGListener -- Start testing on date -->Mon Jun 01 21:10:19 IDT 2026
21:10:24.895 INFO  manager.ListenerWD -- Before find element-->By.cssSelector: a[href='/login']
21:10:24.959 INFO  manager.ListenerWD -- After find element-->By.cssSelector: a[href='/login']
21:10:24.974 INFO  manager.ListenerWD -- Location of element-->a
21:10:25.008 INFO  manager.ListenerWD -- Before click element-->atext-->LOGIN
21:10:25.168 INFO  manager.ListenerWD -- After click element-->a
21:10:25.170 INFO  manager.ListenerWD -- Before find element-->By.name: email
21:10:25.231 INFO  manager.ListenerWD -- After find element-->By.name: email
21:10:25.245 INFO  manager.ListenerWD -- Location of element-->input
21:10:25.276 INFO  manager.ListenerWD -- Before click element-->inputtext-->
21:10:25.389 INFO  manager.ListenerWD -- After click element-->input
21:10:25.472 INFO  manager.ListenerWD -- SendKeys-->
21:10:25.489 INFO  manager.ListenerWD -- SendKeys_TagName-->input
21:10:25.559 INFO  manager.ListenerWD -- SendKeys-->
21:10:25.575 INFO  manager.ListenerWD -- SendKeys_TagName-->input
21:10:25.639 INFO  manager.ListenerWD -- SendKeys-->
21:10:25.643 INFO  manager.ListenerWD -- SendKeys_TagName-->input
21:10:25.720 INFO  manager.ListenerWD -- Before find element-->By.xpath: //input[@placeholder='Password']
21:10:25.768 INFO  manager.ListenerWD -- After find element-->By.xpath: //input[@placeholder='Password']
21:10:25.775 INFO  manager.ListenerWD -- Location of element-->input
21:10:25.809 INFO  manager.ListenerWD -- Before click element-->inputtext-->
21:10:25.924 INFO  manager.ListenerWD -- After click element-->input
21:10:25.982 INFO  manager.ListenerWD -- SendKeys-->
21:10:25.995 INFO  manager.ListenerWD -- SendKeys_TagName-->input
21:10:26.056 INFO  manager.ListenerWD -- SendKeys-->
21:10:26.060 INFO  manager.ListenerWD -- SendKeys_TagName-->input
21:10:26.131 INFO  manager.ListenerWD -- SendKeys-->
21:10:26.134 INFO  manager.ListenerWD -- SendKeys_TagName-->input
21:10:26.209 INFO  manager.ListenerWD -- Before find element-->By.xpath: //button[text()='Login']
21:10:26.249 INFO  manager.ListenerWD -- After find element-->By.xpath: //button[text()='Login']
21:10:26.258 INFO  manager.ListenerWD -- Location of element-->button
21:10:26.274 INFO  manager.ListenerWD -- Before click element-->buttontext-->Login
21:10:26.438 INFO  tests.TestBase -- Before method finished login
21:10:26.490 INFO  tests.TestBase -- Name of method (test) ---> addContactSuccessAllFieldsCSV
21:10:26.494 INFO  manager.TestNGListener -- Start test --> null
21:10:26.500 INFO  tests.TestBase -- Tests run with data: --->Contact(name=Harry, lastName=Potter, phone=056321478411, email=harry@gmail.com, address=Haifa, description=friend)
21:10:26.500 INFO  manager.ListenerWD -- Before find element-->By.cssSelector: a[href="/add"]
21:10:27.461 INFO  manager.ListenerWD -- After find element-->By.cssSelector: a[href="/add"]
21:10:27.471 INFO  manager.ListenerWD -- Location of element-->a
21:10:27.492 INFO  manager.ListenerWD -- Before click element-->atext-->ADD
21:10:27.623 INFO  manager.ListenerWD -- After click element-->a
21:10:27.623 INFO  manager.ListenerWD -- Before find element-->By.xpath: //input[@placeholder='Name']
21:10:27.667 INFO  manager.ListenerWD -- After find element-->By.xpath: //input[@placeholder='Name']
21:10:27.683 INFO  manager.ListenerWD -- Location of element-->input
21:10:27.716 INFO  manager.ListenerWD -- Before click element-->inputtext-->
21:10:27.837 INFO  manager.ListenerWD -- After click element-->input
21:10:27.903 INFO  manager.ListenerWD -- SendKeys-->
21:10:27.914 INFO  manager.ListenerWD -- SendKeys_TagName-->input
21:10:27.979 INFO  manager.ListenerWD -- SendKeys-->
21:10:27.990 INFO  manager.ListenerWD -- SendKeys_TagName-->input
21:10:28.051 INFO  manager.ListenerWD -- SendKeys-->
21:10:28.054 INFO  manager.ListenerWD -- SendKeys_TagName-->input
21:10:28.111 INFO  manager.ListenerWD -- Before find element-->By.xpath: //input[@placeholder='Last Name']
21:10:28.150 INFO  manager.ListenerWD -- After find element-->By.xpath: //input[@placeholder='Last Name']
21:10:28.152 INFO  manager.ListenerWD -- Location of element-->input
21:10:28.188 INFO  manager.ListenerWD -- Before click element-->inputtext-->
21:10:28.312 INFO  manager.ListenerWD -- After click element-->input
21:10:28.366 INFO  manager.ListenerWD -- SendKeys-->
21:10:28.385 INFO  manager.ListenerWD -- SendKeys_TagName-->input
21:10:28.450 INFO  manager.ListenerWD -- SendKeys-->
21:10:28.459 INFO  manager.ListenerWD -- SendKeys_TagName-->input
21:10:28.523 INFO  manager.ListenerWD -- SendKeys-->
21:10:28.532 INFO  manager.ListenerWD -- SendKeys_TagName-->input
21:10:28.587 INFO  manager.ListenerWD -- Before find element-->By.xpath: //input[@placeholder='Phone']
21:10:28.629 INFO  manager.ListenerWD -- After find element-->By.xpath: //input[@placeholder='Phone']
21:10:28.640 INFO  manager.ListenerWD -- Location of element-->input
21:10:28.656 INFO  manager.ListenerWD -- Before click element-->inputtext-->
21:10:28.779 INFO  manager.ListenerWD -- After click element-->input
21:10:28.843 INFO  manager.ListenerWD -- SendKeys-->
21:10:28.856 INFO  manager.ListenerWD -- SendKeys_TagName-->input
21:10:28.922 INFO  manager.ListenerWD -- SendKeys-->
21:10:28.933 INFO  manager.ListenerWD -- SendKeys_TagName-->input
21:10:28.997 INFO  manager.ListenerWD -- SendKeys-->
21:10:29.001 INFO  manager.ListenerWD -- SendKeys_TagName-->input
21:10:29.079 INFO  manager.ListenerWD -- Before find element-->By.xpath: //input[@placeholder='email']
21:10:29.122 INFO  manager.ListenerWD -- After find element-->By.xpath: //input[@placeholder='email']
21:10:29.133 INFO  manager.ListenerWD -- Location of element-->input
21:10:29.158 INFO  manager.ListenerWD -- Before click element-->inputtext-->
21:10:29.272 INFO  manager.ListenerWD -- After click element-->input
21:10:29.332 INFO  manager.ListenerWD -- SendKeys-->
21:10:29.342 INFO  manager.ListenerWD -- SendKeys_TagName-->input
21:10:29.413 INFO  manager.ListenerWD -- SendKeys-->
21:10:29.418 INFO  manager.ListenerWD -- SendKeys_TagName-->input
21:10:29.485 INFO  manager.ListenerWD -- SendKeys-->
21:10:29.494 INFO  manager.ListenerWD -- SendKeys_TagName-->input
21:10:29.560 INFO  manager.ListenerWD -- Before find element-->By.xpath: //input[@placeholder='Address']
21:10:29.600 INFO  manager.ListenerWD -- After find element-->By.xpath: //input[@placeholder='Address']
21:10:29.606 INFO  manager.ListenerWD -- Location of element-->input
21:10:29.640 INFO  manager.ListenerWD -- Before click element-->inputtext-->
21:10:29.750 INFO  manager.ListenerWD -- After click element-->input
21:10:29.806 INFO  manager.ListenerWD -- SendKeys-->
21:10:29.822 INFO  manager.ListenerWD -- SendKeys_TagName-->input
21:10:29.887 INFO  manager.ListenerWD -- SendKeys-->
21:10:29.895 INFO  manager.ListenerWD -- SendKeys_TagName-->input
21:10:29.952 INFO  manager.ListenerWD -- SendKeys-->
21:10:29.962 INFO  manager.ListenerWD -- SendKeys_TagName-->input
21:10:30.010 INFO  manager.ListenerWD -- Before find element-->By.xpath: //input[@placeholder='description']
21:10:30.052 INFO  manager.ListenerWD -- After find element-->By.xpath: //input[@placeholder='description']
21:10:30.052 INFO  manager.ListenerWD -- Location of element-->input
21:10:30.082 INFO  manager.ListenerWD -- Before click element-->inputtext-->
21:10:30.194 INFO  manager.ListenerWD -- After click element-->input
21:10:30.248 INFO  manager.ListenerWD -- SendKeys-->
21:10:30.248 INFO  manager.ListenerWD -- SendKeys_TagName-->input
21:10:30.331 INFO  manager.ListenerWD -- SendKeys-->
21:10:30.334 INFO  manager.ListenerWD -- SendKeys_TagName-->input
21:10:30.406 INFO  manager.ListenerWD -- SendKeys-->
21:10:30.415 INFO  manager.ListenerWD -- SendKeys_TagName-->input
21:10:31.002 INFO  manager.TestNGListener -- Failure test --> null
21:10:31.004 INFO  tests.TestBase -- ===============================================
21:10:31.006 INFO  tests.TestBase -- Name of method (test) ---> addContactSuccessAllFieldsCSV
21:10:31.006 INFO  manager.TestNGListener -- Start test --> null
21:10:31.008 INFO  tests.TestBase -- Tests run with data: --->Contact(name=John, lastName=Lev, phone=0512365410, email=john@lev.com, address=Tel Aviv, description=friend)
21:10:31.008 INFO  manager.ListenerWD -- Before find element-->By.cssSelector: a[href="/add"]
21:10:31.045 INFO  manager.ListenerWD -- After find element-->By.cssSelector: a[href="/add"]
21:10:31.058 INFO  manager.ListenerWD -- Location of element-->a
21:10:31.082 INFO  manager.ListenerWD -- Before click element-->atext-->ADD
21:10:31.231 INFO  manager.ListenerWD -- After click element-->a
21:10:31.232 INFO  manager.ListenerWD -- Before find element-->By.xpath: //input[@placeholder='Name']
21:10:31.282 INFO  manager.ListenerWD -- After find element-->By.xpath: //input[@placeholder='Name']
21:10:31.324 INFO  manager.ListenerWD -- Location of element-->input
21:10:31.368 INFO  manager.ListenerWD -- Before click element-->inputtext-->
21:10:31.519 INFO  manager.ListenerWD -- After click element-->input
21:10:31.603 INFO  manager.ListenerWD -- SendKeys-->
21:10:31.609 INFO  manager.ListenerWD -- SendKeys_TagName-->input
21:10:31.721 INFO  manager.ListenerWD -- SendKeys-->
21:10:31.726 INFO  manager.ListenerWD -- SendKeys_TagName-->input
21:10:31.804 INFO  manager.ListenerWD -- SendKeys-->
21:10:31.817 INFO  manager.ListenerWD -- SendKeys_TagName-->input
21:10:31.872 INFO  manager.ListenerWD -- Before find element-->By.xpath: //input[@placeholder='Last Name']
21:10:31.909 INFO  manager.ListenerWD -- After find element-->By.xpath: //input[@placeholder='Last Name']
21:10:31.921 INFO  manager.ListenerWD -- Location of element-->input
21:10:31.948 INFO  manager.ListenerWD -- Before click element-->inputtext-->
21:10:32.059 INFO  manager.ListenerWD -- After click element-->input
21:10:32.121 INFO  manager.ListenerWD -- SendKeys-->
21:10:32.125 INFO  manager.ListenerWD -- SendKeys_TagName-->input
21:10:32.219 INFO  manager.ListenerWD -- SendKeys-->
21:10:32.225 INFO  manager.ListenerWD -- SendKeys_TagName-->input
21:10:32.283 INFO  manager.ListenerWD -- SendKeys-->
21:10:32.292 INFO  manager.ListenerWD -- SendKeys_TagName-->input
21:10:32.336 INFO  manager.ListenerWD -- Before find element-->By.xpath: //input[@placeholder='Phone']
21:10:32.368 INFO  manager.ListenerWD -- After find element-->By.xpath: //input[@placeholder='Phone']
21:10:32.376 INFO  manager.ListenerWD -- Location of element-->input
21:10:32.404 INFO  manager.ListenerWD -- Before click element-->inputtext-->
21:10:32.499 INFO  manager.ListenerWD -- After click element-->input
21:10:32.558 INFO  manager.ListenerWD -- SendKeys-->
21:10:32.558 INFO  manager.ListenerWD -- SendKeys_TagName-->input
21:10:32.652 INFO  manager.ListenerWD -- SendKeys-->
21:10:32.659 INFO  manager.ListenerWD -- SendKeys_TagName-->input
21:10:32.717 INFO  manager.ListenerWD -- SendKeys-->
21:10:32.727 INFO  manager.ListenerWD -- SendKeys_TagName-->input
21:10:32.831 INFO  manager.ListenerWD -- Before find element-->By.xpath: //input[@placeholder='email']
21:10:32.868 INFO  manager.ListenerWD -- After find element-->By.xpath: //input[@placeholder='email']
21:10:32.882 INFO  manager.ListenerWD -- Location of element-->input
21:10:32.903 INFO  manager.ListenerWD -- Before click element-->inputtext-->
21:10:33.068 INFO  manager.ListenerWD -- After click element-->input
21:10:33.230 INFO  manager.ListenerWD -- SendKeys-->
21:10:33.258 INFO  manager.ListenerWD -- SendKeys_TagName-->input
21:10:33.587 INFO  manager.ListenerWD -- SendKeys-->
21:10:33.613 INFO  manager.ListenerWD -- SendKeys_TagName-->input
21:10:33.733 INFO  manager.ListenerWD -- SendKeys-->
21:10:33.755 INFO  manager.ListenerWD -- SendKeys_TagName-->input
21:10:33.853 INFO  manager.ListenerWD -- Before find element-->By.xpath: //input[@placeholder='Address']
21:10:33.892 INFO  manager.ListenerWD -- After find element-->By.xpath: //input[@placeholder='Address']
21:10:33.906 INFO  manager.ListenerWD -- Location of element-->input
21:10:33.938 INFO  manager.ListenerWD -- Before click element-->inputtext-->
21:10:34.083 INFO  manager.ListenerWD -- After click element-->input
21:10:34.169 INFO  manager.ListenerWD -- SendKeys-->
21:10:34.187 INFO  manager.ListenerWD -- SendKeys_TagName-->input
21:10:34.292 INFO  manager.ListenerWD -- SendKeys-->
21:10:34.304 INFO  manager.ListenerWD -- SendKeys_TagName-->input
21:10:34.372 INFO  manager.ListenerWD -- SendKeys-->
21:10:34.382 INFO  manager.ListenerWD -- SendKeys_TagName-->input
21:10:34.456 INFO  manager.ListenerWD -- Before find element-->By.xpath: //input[@placeholder='description']
21:10:34.475 INFO  manager.ListenerWD -- After find element-->By.xpath: //input[@placeholder='description']
21:10:34.498 INFO  manager.ListenerWD -- Location of element-->input
21:10:34.525 INFO  manager.ListenerWD -- Before click element-->inputtext-->
21:10:34.651 INFO  manager.ListenerWD -- After click element-->input
21:10:34.723 INFO  manager.ListenerWD -- SendKeys-->
21:10:34.740 INFO  manager.ListenerWD -- SendKeys_TagName-->input
21:10:34.851 INFO  manager.ListenerWD -- SendKeys-->
21:10:34.860 INFO  manager.ListenerWD -- SendKeys_TagName-->input
21:10:34.933 INFO  manager.ListenerWD -- SendKeys-->
21:10:34.944 INFO  manager.ListenerWD -- SendKeys_TagName-->input
21:10:35.579 INFO  manager.TestNGListener -- Failure test --> null
21:10:35.581 INFO  tests.TestBase -- ===============================================
21:10:35.583 INFO  tests.TestBase -- Name of method (test) ---> addContactSuccessAllFieldsCSV
21:10:35.585 INFO  manager.TestNGListener -- Start test --> null
21:10:35.585 INFO  tests.TestBase -- Tests run with data: --->Contact(name=Tonya, lastName=Fisher, phone=0512000147, email=tonya@mail.com, address=Almaty, description=ahot)
21:10:35.585 INFO  manager.ListenerWD -- Before find element-->By.cssSelector: a[href="/add"]
21:10:35.647 INFO  manager.ListenerWD -- After find element-->By.cssSelector: a[href="/add"]
21:10:35.664 INFO  manager.ListenerWD -- Location of element-->a
21:10:35.693 INFO  manager.ListenerWD -- Before click element-->atext-->ADD
21:10:35.854 INFO  manager.ListenerWD -- After click element-->a
21:10:35.854 INFO  manager.ListenerWD -- Before find element-->By.xpath: //input[@placeholder='Name']
21:10:35.893 INFO  manager.ListenerWD -- After find element-->By.xpath: //input[@placeholder='Name']
21:10:35.916 INFO  manager.ListenerWD -- Location of element-->input
21:10:35.949 INFO  manager.ListenerWD -- Before click element-->inputtext-->
21:10:36.087 INFO  manager.ListenerWD -- After click element-->input
21:10:36.161 INFO  manager.ListenerWD -- SendKeys-->
21:10:36.174 INFO  manager.ListenerWD -- SendKeys_TagName-->input
21:10:36.283 INFO  manager.ListenerWD -- SendKeys-->
21:10:36.292 INFO  manager.ListenerWD -- SendKeys_TagName-->input
21:10:36.370 INFO  manager.ListenerWD -- SendKeys-->
21:10:36.388 INFO  manager.ListenerWD -- SendKeys_TagName-->input
21:10:36.479 INFO  manager.ListenerWD -- Before find element-->By.xpath: //input[@placeholder='Last Name']
21:10:36.515 INFO  manager.ListenerWD -- After find element-->By.xpath: //input[@placeholder='Last Name']
21:10:36.530 INFO  manager.ListenerWD -- Location of element-->input
21:10:36.558 INFO  manager.ListenerWD -- Before click element-->inputtext-->
21:10:36.671 INFO  manager.ListenerWD -- After click element-->input
21:10:36.733 INFO  manager.ListenerWD -- SendKeys-->
21:10:36.733 INFO  manager.ListenerWD -- SendKeys_TagName-->input
21:10:36.837 INFO  manager.ListenerWD -- SendKeys-->
21:10:36.842 INFO  manager.ListenerWD -- SendKeys_TagName-->input
21:10:36.908 INFO  manager.ListenerWD -- SendKeys-->
21:10:36.908 INFO  manager.ListenerWD -- SendKeys_TagName-->input
21:10:36.971 INFO  manager.ListenerWD -- Before find element-->By.xpath: //input[@placeholder='Phone']
21:10:36.991 INFO  manager.ListenerWD -- After find element-->By.xpath: //input[@placeholder='Phone']
21:10:37.002 INFO  manager.ListenerWD -- Location of element-->input
21:10:37.023 INFO  manager.ListenerWD -- Before click element-->inputtext-->
21:10:37.131 INFO  manager.ListenerWD -- After click element-->input
21:10:37.196 INFO  manager.ListenerWD -- SendKeys-->
21:10:37.203 INFO  manager.ListenerWD -- SendKeys_TagName-->input
21:10:37.297 INFO  manager.ListenerWD -- SendKeys-->
21:10:37.303 INFO  manager.ListenerWD -- SendKeys_TagName-->input
21:10:37.366 INFO  manager.ListenerWD -- SendKeys-->
21:10:37.366 INFO  manager.ListenerWD -- SendKeys_TagName-->input
21:10:37.442 INFO  manager.ListenerWD -- Before find element-->By.xpath: //input[@placeholder='email']
21:10:37.468 INFO  manager.ListenerWD -- After find element-->By.xpath: //input[@placeholder='email']
21:10:37.476 INFO  manager.ListenerWD -- Location of element-->input
21:10:37.490 INFO  manager.ListenerWD -- Before click element-->inputtext-->
21:10:37.588 INFO  manager.ListenerWD -- After click element-->input
21:10:37.659 INFO  manager.ListenerWD -- SendKeys-->
21:10:37.659 INFO  manager.ListenerWD -- SendKeys_TagName-->input
21:10:37.765 INFO  manager.ListenerWD -- SendKeys-->
21:10:37.766 INFO  manager.ListenerWD -- SendKeys_TagName-->input
21:10:37.842 INFO  manager.ListenerWD -- SendKeys-->
21:10:37.847 INFO  manager.ListenerWD -- SendKeys_TagName-->input
21:10:37.926 INFO  manager.ListenerWD -- Before find element-->By.xpath: //input[@placeholder='Address']
21:10:37.949 INFO  manager.ListenerWD -- After find element-->By.xpath: //input[@placeholder='Address']
21:10:37.967 INFO  manager.ListenerWD -- Location of element-->input
21:10:37.997 INFO  manager.ListenerWD -- Before click element-->inputtext-->
21:10:38.114 INFO  manager.ListenerWD -- After click element-->input
21:10:38.183 INFO  manager.ListenerWD -- SendKeys-->
21:10:38.183 INFO  manager.ListenerWD -- SendKeys_TagName-->input
21:10:38.306 INFO  manager.ListenerWD -- SendKeys-->
21:10:38.313 INFO  manager.ListenerWD -- SendKeys_TagName-->input
21:10:38.419 INFO  manager.ListenerWD -- SendKeys-->
21:10:38.433 INFO  manager.ListenerWD -- SendKeys_TagName-->input
21:10:38.495 INFO  manager.ListenerWD -- Before find element-->By.xpath: //input[@placeholder='description']
21:10:38.527 INFO  manager.ListenerWD -- After find element-->By.xpath: //input[@placeholder='description']
21:10:38.538 INFO  manager.ListenerWD -- Location of element-->input
21:10:38.563 INFO  manager.ListenerWD -- Before click element-->inputtext-->
21:10:38.691 INFO  manager.ListenerWD -- After click element-->input
21:10:38.758 INFO  manager.ListenerWD -- SendKeys-->
21:10:38.758 INFO  manager.ListenerWD -- SendKeys_TagName-->input
21:10:38.859 INFO  manager.ListenerWD -- SendKeys-->
21:10:38.866 INFO  manager.ListenerWD -- SendKeys_TagName-->input
21:10:38.925 INFO  manager.ListenerWD -- SendKeys-->
21:10:38.933 INFO  manager.ListenerWD -- SendKeys_TagName-->input
21:10:39.374 INFO  manager.TestNGListener -- Failure test --> null
21:10:39.374 INFO  tests.TestBase -- ===============================================
21:10:39.390 INFO  manager.TestNGListener -- Stop testing on date -->Mon Jun 01 21:10:39 IDT 2026
