19:37:00.920 INFO  manager.ApplicationManager -- All tests runs in Chrome Browser
19:37:02.598 INFO  manager.ApplicationManager -- The link --->https://telranedu.web.app/home
19:37:02.676 INFO  manager.TestNGListener -- Start testing on date -->Wed Jun 03 19:37:02 IDT 2026
19:37:07.771 INFO  manager.ListenerWD -- Before find element-->By.cssSelector: a[href='/login']
19:37:07.837 INFO  manager.ListenerWD -- After find element-->By.cssSelector: a[href='/login']
19:37:07.849 INFO  manager.ListenerWD -- Location of element-->a
19:37:07.881 INFO  manager.ListenerWD -- Before click element-->atext-->LOGIN
19:37:08.036 INFO  manager.ListenerWD -- After click element-->a
19:37:08.038 INFO  manager.ListenerWD -- Before find element-->By.name: email
19:37:08.083 INFO  manager.ListenerWD -- After find element-->By.name: email
19:37:08.102 INFO  manager.ListenerWD -- Location of element-->input
19:37:08.134 INFO  manager.ListenerWD -- Before click element-->inputtext-->
19:37:08.244 INFO  manager.ListenerWD -- After click element-->input
19:37:08.317 INFO  manager.ListenerWD -- SendKeys-->
19:37:08.330 INFO  manager.ListenerWD -- SendKeys_TagName-->input
19:37:08.408 INFO  manager.ListenerWD -- SendKeys-->
19:37:08.411 INFO  manager.ListenerWD -- SendKeys_TagName-->input
19:37:08.477 INFO  manager.ListenerWD -- SendKeys-->
19:37:08.487 INFO  manager.ListenerWD -- SendKeys_TagName-->input
19:37:08.551 INFO  manager.ListenerWD -- Before find element-->By.xpath: //input[@placeholder='Password']
19:37:08.599 INFO  manager.ListenerWD -- After find element-->By.xpath: //input[@placeholder='Password']
19:37:08.599 INFO  manager.ListenerWD -- Location of element-->input
19:37:08.630 INFO  manager.ListenerWD -- Before click element-->inputtext-->
19:37:08.747 INFO  manager.ListenerWD -- After click element-->input
19:37:08.796 INFO  manager.ListenerWD -- SendKeys-->
19:37:08.806 INFO  manager.ListenerWD -- SendKeys_TagName-->input
19:37:08.871 INFO  manager.ListenerWD -- SendKeys-->
19:37:08.875 INFO  manager.ListenerWD -- SendKeys_TagName-->input
19:37:08.939 INFO  manager.ListenerWD -- SendKeys-->
19:37:08.942 INFO  manager.ListenerWD -- SendKeys_TagName-->input
19:37:09.017 INFO  manager.ListenerWD -- Before find element-->By.xpath: //button[text()='Login']
19:37:09.064 INFO  manager.ListenerWD -- After find element-->By.xpath: //button[text()='Login']
19:37:09.065 INFO  manager.ListenerWD -- Location of element-->button
19:37:09.097 INFO  manager.ListenerWD -- Before click element-->buttontext-->Login
19:37:09.227 INFO  tests.TestBase -- Before method finished login
19:37:09.248 INFO  tests.TestBase -- Name of method (test) ---> addContactSuccessAllFieldsCSV
19:37:09.264 INFO  manager.TestNGListener -- Start test --> null
19:37:09.275 INFO  tests.TestBase -- Tests run with data: --->Contact(name=Harry, lastName=Potter, phone=056321478411, email=harry@gmail.com, address=Haifa, description=friend)
19:37:09.275 INFO  manager.ListenerWD -- Before find element-->By.cssSelector: a[href="/add"]
19:37:10.532 INFO  manager.ListenerWD -- After find element-->By.cssSelector: a[href="/add"]
19:37:10.536 INFO  manager.ListenerWD -- Location of element-->a
19:37:10.566 INFO  manager.ListenerWD -- Before click element-->atext-->ADD
19:37:10.681 INFO  manager.ListenerWD -- After click element-->a
19:37:10.682 INFO  manager.ListenerWD -- Before find element-->By.xpath: //input[@placeholder='Name']
19:37:10.716 INFO  manager.ListenerWD -- After find element-->By.xpath: //input[@placeholder='Name']
19:37:10.731 INFO  manager.ListenerWD -- Location of element-->input
19:37:10.761 INFO  manager.ListenerWD -- Before click element-->inputtext-->
19:37:10.881 INFO  manager.ListenerWD -- After click element-->input
19:37:10.943 INFO  manager.ListenerWD -- SendKeys-->
19:37:10.954 INFO  manager.ListenerWD -- SendKeys_TagName-->input
19:37:11.021 INFO  manager.ListenerWD -- SendKeys-->
19:37:11.034 INFO  manager.ListenerWD -- SendKeys_TagName-->input
19:37:11.100 INFO  manager.ListenerWD -- SendKeys-->
19:37:11.100 INFO  manager.ListenerWD -- SendKeys_TagName-->input
19:37:11.159 INFO  manager.ListenerWD -- Before find element-->By.xpath: //input[@placeholder='Last Name']
19:37:11.191 INFO  manager.ListenerWD -- After find element-->By.xpath: //input[@placeholder='Last Name']
19:37:11.207 INFO  manager.ListenerWD -- Location of element-->input
19:37:11.223 INFO  manager.ListenerWD -- Before click element-->inputtext-->
19:37:11.346 INFO  manager.ListenerWD -- After click element-->input
19:37:11.395 INFO  manager.ListenerWD -- SendKeys-->
19:37:11.406 INFO  manager.ListenerWD -- SendKeys_TagName-->input
19:37:11.469 INFO  manager.ListenerWD -- SendKeys-->
19:37:11.475 INFO  manager.ListenerWD -- SendKeys_TagName-->input
19:37:11.535 INFO  manager.ListenerWD -- SendKeys-->
19:37:11.542 INFO  manager.ListenerWD -- SendKeys_TagName-->input
19:37:11.593 INFO  manager.ListenerWD -- Before find element-->By.xpath: //input[@placeholder='Phone']
19:37:11.633 INFO  manager.ListenerWD -- After find element-->By.xpath: //input[@placeholder='Phone']
19:37:11.639 INFO  manager.ListenerWD -- Location of element-->input
19:37:11.665 INFO  manager.ListenerWD -- Before click element-->inputtext-->
19:37:11.772 INFO  manager.ListenerWD -- After click element-->input
19:37:11.818 INFO  manager.ListenerWD -- SendKeys-->
19:37:11.834 INFO  manager.ListenerWD -- SendKeys_TagName-->input
19:37:11.895 INFO  manager.ListenerWD -- SendKeys-->
19:37:11.901 INFO  manager.ListenerWD -- SendKeys_TagName-->input
19:37:11.960 INFO  manager.ListenerWD -- SendKeys-->
19:37:11.970 INFO  manager.ListenerWD -- SendKeys_TagName-->input
19:37:12.025 INFO  manager.ListenerWD -- Before find element-->By.xpath: //input[@placeholder='email']
19:37:12.065 INFO  manager.ListenerWD -- After find element-->By.xpath: //input[@placeholder='email']
19:37:12.065 INFO  manager.ListenerWD -- Location of element-->input
19:37:12.105 INFO  manager.ListenerWD -- Before click element-->inputtext-->
19:37:12.205 INFO  manager.ListenerWD -- After click element-->input
19:37:12.248 INFO  manager.ListenerWD -- SendKeys-->
19:37:12.264 INFO  manager.ListenerWD -- SendKeys_TagName-->input
19:37:12.330 INFO  manager.ListenerWD -- SendKeys-->
19:37:12.333 INFO  manager.ListenerWD -- SendKeys_TagName-->input
19:37:12.396 INFO  manager.ListenerWD -- SendKeys-->
19:37:12.401 INFO  manager.ListenerWD -- SendKeys_TagName-->input
19:37:12.478 INFO  manager.ListenerWD -- Before find element-->By.xpath: //input[@placeholder='Address']
19:37:12.516 INFO  manager.ListenerWD -- After find element-->By.xpath: //input[@placeholder='Address']
19:37:12.516 INFO  manager.ListenerWD -- Location of element-->input
19:37:12.547 INFO  manager.ListenerWD -- Before click element-->inputtext-->
19:37:12.664 INFO  manager.ListenerWD -- After click element-->input
19:37:12.706 INFO  manager.ListenerWD -- SendKeys-->
19:37:12.728 INFO  manager.ListenerWD -- SendKeys_TagName-->input
19:37:12.785 INFO  manager.ListenerWD -- SendKeys-->
19:37:12.795 INFO  manager.ListenerWD -- SendKeys_TagName-->input
19:37:12.851 INFO  manager.ListenerWD -- SendKeys-->
19:37:12.858 INFO  manager.ListenerWD -- SendKeys_TagName-->input
19:37:12.903 INFO  manager.ListenerWD -- Before find element-->By.xpath: //input[@placeholder='description']
19:37:12.924 INFO  manager.ListenerWD -- After find element-->By.xpath: //input[@placeholder='description']
19:37:12.941 INFO  manager.ListenerWD -- Location of element-->input
19:37:12.973 INFO  manager.ListenerWD -- Before click element-->inputtext-->
19:37:13.071 INFO  manager.ListenerWD -- After click element-->input
19:37:13.119 INFO  manager.ListenerWD -- SendKeys-->
19:37:13.130 INFO  manager.ListenerWD -- SendKeys_TagName-->input
19:37:13.186 INFO  manager.ListenerWD -- SendKeys-->
19:37:13.192 INFO  manager.ListenerWD -- SendKeys_TagName-->input
19:37:13.250 INFO  manager.ListenerWD -- SendKeys-->
19:37:13.258 INFO  manager.ListenerWD -- SendKeys_TagName-->input
19:37:13.780 INFO  manager.TestNGListener -- Failure test --> null
19:37:13.780 INFO  tests.TestBase -- ===============================================
19:37:13.780 INFO  tests.TestBase -- Name of method (test) ---> addContactSuccessAllFieldsCSV
19:37:13.780 INFO  manager.TestNGListener -- Start test --> null
19:37:13.780 INFO  tests.TestBase -- Tests run with data: --->Contact(name=John, lastName=Lev, phone=0512365410, email=john@lev.com, address=Tel Aviv, description=friend)
19:37:13.780 INFO  manager.ListenerWD -- Before find element-->By.cssSelector: a[href="/add"]
19:37:13.821 INFO  manager.ListenerWD -- After find element-->By.cssSelector: a[href="/add"]
19:37:13.827 INFO  manager.ListenerWD -- Location of element-->a
19:37:13.859 INFO  manager.ListenerWD -- Before click element-->atext-->ADD
19:37:13.974 INFO  manager.ListenerWD -- After click element-->a
19:37:13.976 INFO  manager.ListenerWD -- Before find element-->By.xpath: //input[@placeholder='Name']
19:37:13.998 INFO  manager.ListenerWD -- After find element-->By.xpath: //input[@placeholder='Name']
19:37:14.014 INFO  manager.ListenerWD -- Location of element-->input
19:37:14.041 INFO  manager.ListenerWD -- Before click element-->inputtext-->
19:37:14.146 INFO  manager.ListenerWD -- After click element-->input
19:37:14.218 INFO  manager.ListenerWD -- SendKeys-->
19:37:14.228 INFO  manager.ListenerWD -- SendKeys_TagName-->input
19:37:14.326 INFO  manager.ListenerWD -- SendKeys-->
19:37:14.336 INFO  manager.ListenerWD -- SendKeys_TagName-->input
19:37:14.391 INFO  manager.ListenerWD -- SendKeys-->
19:37:14.391 INFO  manager.ListenerWD -- SendKeys_TagName-->input
19:37:14.450 INFO  manager.ListenerWD -- Before find element-->By.xpath: //input[@placeholder='Last Name']
19:37:14.481 INFO  manager.ListenerWD -- After find element-->By.xpath: //input[@placeholder='Last Name']
19:37:14.491 INFO  manager.ListenerWD -- Location of element-->input
19:37:14.513 INFO  manager.ListenerWD -- Before click element-->inputtext-->
19:37:14.609 INFO  manager.ListenerWD -- After click element-->input
19:37:14.666 INFO  manager.ListenerWD -- SendKeys-->
19:37:14.666 INFO  manager.ListenerWD -- SendKeys_TagName-->input
19:37:14.759 INFO  manager.ListenerWD -- SendKeys-->
19:37:14.766 INFO  manager.ListenerWD -- SendKeys_TagName-->input
19:37:14.825 INFO  manager.ListenerWD -- SendKeys-->
19:37:14.833 INFO  manager.ListenerWD -- SendKeys_TagName-->input
19:37:14.884 INFO  manager.ListenerWD -- Before find element-->By.xpath: //input[@placeholder='Phone']
19:37:14.914 INFO  manager.ListenerWD -- After find element-->By.xpath: //input[@placeholder='Phone']
19:37:14.924 INFO  manager.ListenerWD -- Location of element-->input
19:37:14.948 INFO  manager.ListenerWD -- Before click element-->inputtext-->
19:37:15.047 INFO  manager.ListenerWD -- After click element-->input
19:37:15.108 INFO  manager.ListenerWD -- SendKeys-->
19:37:15.108 INFO  manager.ListenerWD -- SendKeys_TagName-->input
19:37:15.206 INFO  manager.ListenerWD -- SendKeys-->
19:37:15.215 INFO  manager.ListenerWD -- SendKeys_TagName-->input
19:37:15.272 INFO  manager.ListenerWD -- SendKeys-->
19:37:15.274 INFO  manager.ListenerWD -- SendKeys_TagName-->input
19:37:15.335 INFO  manager.ListenerWD -- Before find element-->By.xpath: //input[@placeholder='email']
19:37:15.369 INFO  manager.ListenerWD -- After find element-->By.xpath: //input[@placeholder='email']
19:37:15.381 INFO  manager.ListenerWD -- Location of element-->input
19:37:15.399 INFO  manager.ListenerWD -- Before click element-->inputtext-->
19:37:15.531 INFO  manager.ListenerWD -- After click element-->input
19:37:15.599 INFO  manager.ListenerWD -- SendKeys-->
19:37:15.602 INFO  manager.ListenerWD -- SendKeys_TagName-->input
19:37:15.707 INFO  manager.ListenerWD -- SendKeys-->
19:37:15.717 INFO  manager.ListenerWD -- SendKeys_TagName-->input
19:37:15.782 INFO  manager.ListenerWD -- SendKeys-->
19:37:15.784 INFO  manager.ListenerWD -- SendKeys_TagName-->input
19:37:15.887 INFO  manager.ListenerWD -- Before find element-->By.xpath: //input[@placeholder='Address']
19:37:15.928 INFO  manager.ListenerWD -- After find element-->By.xpath: //input[@placeholder='Address']
19:37:15.943 INFO  manager.ListenerWD -- Location of element-->input
19:37:15.976 INFO  manager.ListenerWD -- Before click element-->inputtext-->
19:37:16.153 INFO  manager.ListenerWD -- After click element-->input
19:37:16.228 INFO  manager.ListenerWD -- SendKeys-->
19:37:16.244 INFO  manager.ListenerWD -- SendKeys_TagName-->input
19:37:16.363 INFO  manager.ListenerWD -- SendKeys-->
19:37:16.371 INFO  manager.ListenerWD -- SendKeys_TagName-->input
19:37:16.443 INFO  manager.ListenerWD -- SendKeys-->
19:37:16.455 INFO  manager.ListenerWD -- SendKeys_TagName-->input
19:37:16.525 INFO  manager.ListenerWD -- Before find element-->By.xpath: //input[@placeholder='description']
19:37:16.557 INFO  manager.ListenerWD -- After find element-->By.xpath: //input[@placeholder='description']
19:37:16.570 INFO  manager.ListenerWD -- Location of element-->input
19:37:16.600 INFO  manager.ListenerWD -- Before click element-->inputtext-->
19:37:16.709 INFO  manager.ListenerWD -- After click element-->input
19:37:16.766 INFO  manager.ListenerWD -- SendKeys-->
19:37:16.776 INFO  manager.ListenerWD -- SendKeys_TagName-->input
19:37:16.865 INFO  manager.ListenerWD -- SendKeys-->
19:37:16.865 INFO  manager.ListenerWD -- SendKeys_TagName-->input
19:37:16.936 INFO  manager.ListenerWD -- SendKeys-->
19:37:16.941 INFO  manager.ListenerWD -- SendKeys_TagName-->input
19:37:17.410 INFO  manager.TestNGListener -- Failure test --> null
19:37:17.410 INFO  tests.TestBase -- ===============================================
19:37:17.410 INFO  tests.TestBase -- Name of method (test) ---> addContactSuccessAllFieldsCSV
19:37:17.410 INFO  manager.TestNGListener -- Start test --> null
19:37:17.410 INFO  tests.TestBase -- Tests run with data: --->Contact(name=Tonya, lastName=Fisher, phone=0512000147, email=tonya@mail.com, address=Almaty, description=ahot)
19:37:17.410 INFO  manager.ListenerWD -- Before find element-->By.cssSelector: a[href="/add"]
19:37:17.452 INFO  manager.ListenerWD -- After find element-->By.cssSelector: a[href="/add"]
19:37:17.462 INFO  manager.ListenerWD -- Location of element-->a
19:37:17.482 INFO  manager.ListenerWD -- Before click element-->atext-->ADD
19:37:17.586 INFO  manager.ListenerWD -- After click element-->a
19:37:17.586 INFO  manager.ListenerWD -- Before find element-->By.xpath: //input[@placeholder='Name']
19:37:17.611 INFO  manager.ListenerWD -- After find element-->By.xpath: //input[@placeholder='Name']
19:37:17.615 INFO  manager.ListenerWD -- Location of element-->input
19:37:17.631 INFO  manager.ListenerWD -- Before click element-->inputtext-->
19:37:17.748 INFO  manager.ListenerWD -- After click element-->input
19:37:17.808 INFO  manager.ListenerWD -- SendKeys-->
19:37:17.819 INFO  manager.ListenerWD -- SendKeys_TagName-->input
19:37:17.903 INFO  manager.ListenerWD -- SendKeys-->
19:37:17.913 INFO  manager.ListenerWD -- SendKeys_TagName-->input
19:37:17.958 INFO  manager.ListenerWD -- SendKeys-->
19:37:17.974 INFO  manager.ListenerWD -- SendKeys_TagName-->input
19:37:18.019 INFO  manager.ListenerWD -- Before find element-->By.xpath: //input[@placeholder='Last Name']
19:37:18.047 INFO  manager.ListenerWD -- After find element-->By.xpath: //input[@placeholder='Last Name']
19:37:18.055 INFO  manager.ListenerWD -- Location of element-->input
19:37:18.072 INFO  manager.ListenerWD -- Before click element-->inputtext-->
19:37:18.166 INFO  manager.ListenerWD -- After click element-->input
19:37:18.238 INFO  manager.ListenerWD -- SendKeys-->
19:37:18.241 INFO  manager.ListenerWD -- SendKeys_TagName-->input
19:37:18.332 INFO  manager.ListenerWD -- SendKeys-->
19:37:18.332 INFO  manager.ListenerWD -- SendKeys_TagName-->input
19:37:18.398 INFO  manager.ListenerWD -- SendKeys-->
19:37:18.410 INFO  manager.ListenerWD -- SendKeys_TagName-->input
19:37:18.461 INFO  manager.ListenerWD -- Before find element-->By.xpath: //input[@placeholder='Phone']
19:37:18.482 INFO  manager.ListenerWD -- After find element-->By.xpath: //input[@placeholder='Phone']
19:37:18.498 INFO  manager.ListenerWD -- Location of element-->input
19:37:18.526 INFO  manager.ListenerWD -- Before click element-->inputtext-->
19:37:18.619 INFO  manager.ListenerWD -- After click element-->input
19:37:18.677 INFO  manager.ListenerWD -- SendKeys-->
19:37:18.682 INFO  manager.ListenerWD -- SendKeys_TagName-->input
19:37:18.774 INFO  manager.ListenerWD -- SendKeys-->
19:37:18.782 INFO  manager.ListenerWD -- SendKeys_TagName-->input
19:37:18.846 INFO  manager.ListenerWD -- SendKeys-->
19:37:18.849 INFO  manager.ListenerWD -- SendKeys_TagName-->input
19:37:18.911 INFO  manager.ListenerWD -- Before find element-->By.xpath: //input[@placeholder='email']
19:37:18.932 INFO  manager.ListenerWD -- After find element-->By.xpath: //input[@placeholder='email']
19:37:18.948 INFO  manager.ListenerWD -- Location of element-->input
19:37:18.964 INFO  manager.ListenerWD -- Before click element-->inputtext-->
19:37:19.068 INFO  manager.ListenerWD -- After click element-->input
19:37:19.129 INFO  manager.ListenerWD -- SendKeys-->
19:37:19.132 INFO  manager.ListenerWD -- SendKeys_TagName-->input
19:37:19.228 INFO  manager.ListenerWD -- SendKeys-->
19:37:19.233 INFO  manager.ListenerWD -- SendKeys_TagName-->input
19:37:19.290 INFO  manager.ListenerWD -- SendKeys-->
19:37:19.299 INFO  manager.ListenerWD -- SendKeys_TagName-->input
19:37:19.365 INFO  manager.ListenerWD -- Before find element-->By.xpath: //input[@placeholder='Address']
19:37:19.389 INFO  manager.ListenerWD -- After find element-->By.xpath: //input[@placeholder='Address']
19:37:19.397 INFO  manager.ListenerWD -- Location of element-->input
19:37:19.413 INFO  manager.ListenerWD -- Before click element-->inputtext-->
19:37:19.514 INFO  manager.ListenerWD -- After click element-->input
19:37:19.572 INFO  manager.ListenerWD -- SendKeys-->
19:37:19.574 INFO  manager.ListenerWD -- SendKeys_TagName-->input
19:37:19.663 INFO  manager.ListenerWD -- SendKeys-->
19:37:19.671 INFO  manager.ListenerWD -- SendKeys_TagName-->input
19:37:19.723 INFO  manager.ListenerWD -- SendKeys-->
19:37:19.733 INFO  manager.ListenerWD -- SendKeys_TagName-->input
19:37:19.782 INFO  manager.ListenerWD -- Before find element-->By.xpath: //input[@placeholder='description']
19:37:19.807 INFO  manager.ListenerWD -- After find element-->By.xpath: //input[@placeholder='description']
19:37:19.817 INFO  manager.ListenerWD -- Location of element-->input
19:37:19.839 INFO  manager.ListenerWD -- Before click element-->inputtext-->
19:37:19.931 INFO  manager.ListenerWD -- After click element-->input
19:37:19.994 INFO  manager.ListenerWD -- SendKeys-->
19:37:19.999 INFO  manager.ListenerWD -- SendKeys_TagName-->input
19:37:20.096 INFO  manager.ListenerWD -- SendKeys-->
19:37:20.098 INFO  manager.ListenerWD -- SendKeys_TagName-->input
19:37:20.166 INFO  manager.ListenerWD -- SendKeys-->
19:37:20.176 INFO  manager.ListenerWD -- SendKeys_TagName-->input
19:37:20.646 INFO  manager.TestNGListener -- Failure test --> null
19:37:20.646 INFO  tests.TestBase -- ===============================================
19:37:20.659 INFO  manager.TestNGListener -- Stop testing on date -->Wed Jun 03 19:37:20 IDT 2026
