20:26:40.493 INFO  manager.ApplicationManager -- All tests runs in Chrome Browser
20:26:43.035 INFO  manager.ApplicationManager -- The link --->https://telranedu.web.app/home
20:26:43.092 INFO  manager.TestNGListener -- Start testing on date -->Tue Jun 09 20:26:43 IDT 2026
20:26:43.164 INFO  tests.TestBase -- Name of method (test) ---> loginSuccess1
20:26:44.152 INFO  manager.ListenerWD -- Huston, we have a problem
20:26:44.155 INFO  manager.ListenerWD -- Failed method:findElements
20:26:44.157 INFO  manager.ListenerWD -- **************************************
20:26:44.157 INFO  manager.ListenerWD -- Arguments:[By.xpath: //button[text()='Sign Out']]
20:26:44.159 INFO  manager.ListenerWD -- **************************************
20:26:44.161 INFO  manager.ListenerWD -- Exception:NoSuchSessionException
20:26:44.161 INFO  manager.ListenerWD -- **************************************
20:26:44.169 INFO  manager.ListenerWD -- Message:invalid session id: session deleted as the browser has closed the connection
from disconnected: unable to send message to renderer
  (Session info: chrome=148.0.7778.181)
Build info: version: '4.26.0', revision: '8ccf0219d7'
System info: os.name: 'Windows 11', os.arch: 'amd64', os.version: '10.0', java.version: '17.0.12'
Driver info: org.openqa.selenium.chrome.ChromeDriver
Command: [d33409d743bd92a576bdbc0ae938c3d4, findElements {using=xpath, value=//button[text()='Sign Out']}]
Capabilities {acceptInsecureCerts: false, browserName: chrome, browserVersion: 148.0.7778.181, chrome: {chromedriverVersion: 148.0.7778.167 (65db666ac2c..., userDataDir: C:\Users\Mariya\AppData\Loc...}, fedcm:accounts: true, goog:chromeOptions: {debuggerAddress: localhost:55876}, goog:processID: 215968, networkConnectionEnabled: false, pageLoadStrategy: normal, platformName: windows, proxy: Proxy(), se:cdp: ws://localhost:55876/devtoo..., se:cdpVersion: 148.0.7778.181, setWindowRect: true, strictFileInteractability: false, timeouts: {implicit: 0, pageLoad: 300000, script: 30000}, unhandledPromptBehavior: dismiss and notify, webauthn:extension:credBlob: true, webauthn:extension:largeBlob: true, webauthn:extension:minPinLength: true, webauthn:extension:prf: true, webauthn:virtualAuthenticators: true}
Session ID: d33409d743bd92a576bdbc0ae938c3d4
20:26:44.171 INFO  manager.ListenerWD -- **************************************
20:26:44.173 INFO  manager.ListenerWD -- Screen with error is-->src/test/screenchots/screen_1082.png
20:26:44.554 INFO  manager.TestNGListener -- Start test --> null
20:26:44.556 INFO  manager.TestNGListener -- Skipped test --> null
20:26:44.574 INFO  tests.TestBase -- ===============================================
20:26:44.629 INFO  tests.TestBase -- Name of method (test) ---> loginWrongEmail
20:26:44.671 INFO  manager.ListenerWD -- Huston, we have a problem
20:26:44.673 INFO  manager.ListenerWD -- Failed method:findElements
20:26:44.673 INFO  manager.ListenerWD -- **************************************
20:26:44.673 INFO  manager.ListenerWD -- Arguments:[By.xpath: //button[text()='Sign Out']]
20:26:44.673 INFO  manager.ListenerWD -- **************************************
20:26:44.673 INFO  manager.ListenerWD -- Exception:NoSuchSessionException
20:26:44.673 INFO  manager.ListenerWD -- **************************************
20:26:44.675 INFO  manager.ListenerWD -- Message:invalid session id
Build info: version: '4.26.0', revision: '8ccf0219d7'
System info: os.name: 'Windows 11', os.arch: 'amd64', os.version: '10.0', java.version: '17.0.12'
Driver info: org.openqa.selenium.chrome.ChromeDriver
Command: [d33409d743bd92a576bdbc0ae938c3d4, findElements {using=xpath, value=//button[text()='Sign Out']}]
Capabilities {acceptInsecureCerts: false, browserName: chrome, browserVersion: 148.0.7778.181, chrome: {chromedriverVersion: 148.0.7778.167 (65db666ac2c..., userDataDir: C:\Users\Mariya\AppData\Loc...}, fedcm:accounts: true, goog:chromeOptions: {debuggerAddress: localhost:55876}, goog:processID: 215968, networkConnectionEnabled: false, pageLoadStrategy: normal, platformName: windows, proxy: Proxy(), se:cdp: ws://localhost:55876/devtoo..., se:cdpVersion: 148.0.7778.181, setWindowRect: true, strictFileInteractability: false, timeouts: {implicit: 0, pageLoad: 300000, script: 30000}, unhandledPromptBehavior: dismiss and notify, webauthn:extension:credBlob: true, webauthn:extension:largeBlob: true, webauthn:extension:minPinLength: true, webauthn:extension:prf: true, webauthn:virtualAuthenticators: true}
Session ID: d33409d743bd92a576bdbc0ae938c3d4
20:26:44.675 INFO  manager.ListenerWD -- **************************************
20:26:44.675 INFO  manager.ListenerWD -- Screen with error is-->src/test/screenchots/screen_1631.png
20:26:44.862 INFO  manager.TestNGListener -- Start test --> null
20:26:44.870 INFO  manager.TestNGListener -- Skipped test --> null
20:26:44.873 INFO  tests.TestBase -- ===============================================
20:26:44.936 INFO  tests.TestBase -- Name of method (test) ---> RegistrationWrongEmail
20:26:45.106 INFO  manager.ListenerWD -- Huston, we have a problem
20:26:45.108 INFO  manager.ListenerWD -- Failed method:findElements
20:26:45.108 INFO  manager.ListenerWD -- **************************************
20:26:45.108 INFO  manager.ListenerWD -- Arguments:[By.xpath: //button[text()='Sign Out']]
20:26:45.110 INFO  manager.ListenerWD -- **************************************
20:26:45.110 INFO  manager.ListenerWD -- Exception:NoSuchSessionException
20:26:45.110 INFO  manager.ListenerWD -- **************************************
20:26:45.110 INFO  manager.ListenerWD -- Message:invalid session id
Build info: version: '4.26.0', revision: '8ccf0219d7'
System info: os.name: 'Windows 11', os.arch: 'amd64', os.version: '10.0', java.version: '17.0.12'
Driver info: org.openqa.selenium.chrome.ChromeDriver
Command: [d33409d743bd92a576bdbc0ae938c3d4, findElements {using=xpath, value=//button[text()='Sign Out']}]
Capabilities {acceptInsecureCerts: false, browserName: chrome, browserVersion: 148.0.7778.181, chrome: {chromedriverVersion: 148.0.7778.167 (65db666ac2c..., userDataDir: C:\Users\Mariya\AppData\Loc...}, fedcm:accounts: true, goog:chromeOptions: {debuggerAddress: localhost:55876}, goog:processID: 215968, networkConnectionEnabled: false, pageLoadStrategy: normal, platformName: windows, proxy: Proxy(), se:cdp: ws://localhost:55876/devtoo..., se:cdpVersion: 148.0.7778.181, setWindowRect: true, strictFileInteractability: false, timeouts: {implicit: 0, pageLoad: 300000, script: 30000}, unhandledPromptBehavior: dismiss and notify, webauthn:extension:credBlob: true, webauthn:extension:largeBlob: true, webauthn:extension:minPinLength: true, webauthn:extension:prf: true, webauthn:virtualAuthenticators: true}
Session ID: d33409d743bd92a576bdbc0ae938c3d4
20:26:45.112 INFO  manager.ListenerWD -- **************************************
20:26:45.112 INFO  manager.ListenerWD -- Screen with error is-->src/test/screenchots/screen_1811.png
20:26:45.137 INFO  manager.TestNGListener -- Start test --> null
20:26:45.139 INFO  manager.TestNGListener -- Skipped test --> null
20:26:45.142 INFO  tests.TestBase -- ===============================================
20:26:45.144 INFO  tests.TestBase -- Name of method (test) ---> registrationSuccess
20:26:45.159 INFO  manager.ListenerWD -- Huston, we have a problem
20:26:45.159 INFO  manager.ListenerWD -- Failed method:findElements
20:26:45.159 INFO  manager.ListenerWD -- **************************************
20:26:45.163 INFO  manager.ListenerWD -- Arguments:[By.xpath: //button[text()='Sign Out']]
20:26:45.166 INFO  manager.ListenerWD -- **************************************
20:26:45.166 INFO  manager.ListenerWD -- Exception:NoSuchSessionException
20:26:45.166 INFO  manager.ListenerWD -- **************************************
20:26:45.168 INFO  manager.ListenerWD -- Message:invalid session id
Build info: version: '4.26.0', revision: '8ccf0219d7'
System info: os.name: 'Windows 11', os.arch: 'amd64', os.version: '10.0', java.version: '17.0.12'
Driver info: org.openqa.selenium.chrome.ChromeDriver
Command: [d33409d743bd92a576bdbc0ae938c3d4, findElements {using=xpath, value=//button[text()='Sign Out']}]
Capabilities {acceptInsecureCerts: false, browserName: chrome, browserVersion: 148.0.7778.181, chrome: {chromedriverVersion: 148.0.7778.167 (65db666ac2c..., userDataDir: C:\Users\Mariya\AppData\Loc...}, fedcm:accounts: true, goog:chromeOptions: {debuggerAddress: localhost:55876}, goog:processID: 215968, networkConnectionEnabled: false, pageLoadStrategy: normal, platformName: windows, proxy: Proxy(), se:cdp: ws://localhost:55876/devtoo..., se:cdpVersion: 148.0.7778.181, setWindowRect: true, strictFileInteractability: false, timeouts: {implicit: 0, pageLoad: 300000, script: 30000}, unhandledPromptBehavior: dismiss and notify, webauthn:extension:credBlob: true, webauthn:extension:largeBlob: true, webauthn:extension:minPinLength: true, webauthn:extension:prf: true, webauthn:virtualAuthenticators: true}
Session ID: d33409d743bd92a576bdbc0ae938c3d4
20:26:45.168 INFO  manager.ListenerWD -- **************************************
20:26:45.168 INFO  manager.ListenerWD -- Screen with error is-->src/test/screenchots/screen_1383.png
20:26:45.187 INFO  manager.TestNGListener -- Start test --> null
20:26:45.189 INFO  manager.TestNGListener -- Skipped test --> null
20:26:45.189 INFO  tests.TestBase -- ===============================================
20:26:45.211 INFO  manager.ListenerWD -- Huston, we have a problem
20:26:45.211 INFO  manager.ListenerWD -- Failed method:findElements
20:26:45.211 INFO  manager.ListenerWD -- **************************************
20:26:45.211 INFO  manager.ListenerWD -- Arguments:[By.xpath: //button[text()='Sign Out']]
20:26:45.211 INFO  manager.ListenerWD -- **************************************
20:26:45.213 INFO  manager.ListenerWD -- Exception:NoSuchSessionException
20:26:45.213 INFO  manager.ListenerWD -- **************************************
20:26:45.213 INFO  manager.ListenerWD -- Message:invalid session id
Build info: version: '4.26.0', revision: '8ccf0219d7'
System info: os.name: 'Windows 11', os.arch: 'amd64', os.version: '10.0', java.version: '17.0.12'
Driver info: org.openqa.selenium.chrome.ChromeDriver
Command: [d33409d743bd92a576bdbc0ae938c3d4, findElements {using=xpath, value=//button[text()='Sign Out']}]
Capabilities {acceptInsecureCerts: false, browserName: chrome, browserVersion: 148.0.7778.181, chrome: {chromedriverVersion: 148.0.7778.167 (65db666ac2c..., userDataDir: C:\Users\Mariya\AppData\Loc...}, fedcm:accounts: true, goog:chromeOptions: {debuggerAddress: localhost:55876}, goog:processID: 215968, networkConnectionEnabled: false, pageLoadStrategy: normal, platformName: windows, proxy: Proxy(), se:cdp: ws://localhost:55876/devtoo..., se:cdpVersion: 148.0.7778.181, setWindowRect: true, strictFileInteractability: false, timeouts: {implicit: 0, pageLoad: 300000, script: 30000}, unhandledPromptBehavior: dismiss and notify, webauthn:extension:credBlob: true, webauthn:extension:largeBlob: true, webauthn:extension:minPinLength: true, webauthn:extension:prf: true, webauthn:virtualAuthenticators: true}
Session ID: d33409d743bd92a576bdbc0ae938c3d4
20:26:45.213 INFO  manager.ListenerWD -- **************************************
20:26:45.213 INFO  manager.ListenerWD -- Screen with error is-->src/test/screenchots/screen_1942.png
20:26:45.246 INFO  tests.TestBase -- Name of method (test) ---> addNewContactSuccessRequiredFields
20:26:45.250 INFO  manager.TestNGListener -- Start test --> null
20:26:45.250 INFO  manager.TestNGListener -- Skipped test --> null
20:26:45.252 INFO  tests.TestBase -- ===============================================
20:26:45.260 INFO  tests.TestBase -- Name of method (test) ---> removeFirstContact
20:26:45.276 INFO  manager.ListenerWD -- Huston, we have a problem
20:26:45.278 INFO  manager.ListenerWD -- Failed method:findElements
20:26:45.278 INFO  manager.ListenerWD -- **************************************
20:26:45.278 INFO  manager.ListenerWD -- Arguments:[By.xpath: //button[text()='Sign Out']]
20:26:45.278 INFO  manager.ListenerWD -- **************************************
20:26:45.278 INFO  manager.ListenerWD -- Exception:NoSuchSessionException
20:26:45.278 INFO  manager.ListenerWD -- **************************************
20:26:45.278 INFO  manager.ListenerWD -- Message:invalid session id
Build info: version: '4.26.0', revision: '8ccf0219d7'
System info: os.name: 'Windows 11', os.arch: 'amd64', os.version: '10.0', java.version: '17.0.12'
Driver info: org.openqa.selenium.chrome.ChromeDriver
Command: [d33409d743bd92a576bdbc0ae938c3d4, findElements {using=xpath, value=//button[text()='Sign Out']}]
Capabilities {acceptInsecureCerts: false, browserName: chrome, browserVersion: 148.0.7778.181, chrome: {chromedriverVersion: 148.0.7778.167 (65db666ac2c..., userDataDir: C:\Users\Mariya\AppData\Loc...}, fedcm:accounts: true, goog:chromeOptions: {debuggerAddress: localhost:55876}, goog:processID: 215968, networkConnectionEnabled: false, pageLoadStrategy: normal, platformName: windows, proxy: Proxy(), se:cdp: ws://localhost:55876/devtoo..., se:cdpVersion: 148.0.7778.181, setWindowRect: true, strictFileInteractability: false, timeouts: {implicit: 0, pageLoad: 300000, script: 30000}, unhandledPromptBehavior: dismiss and notify, webauthn:extension:credBlob: true, webauthn:extension:largeBlob: true, webauthn:extension:minPinLength: true, webauthn:extension:prf: true, webauthn:virtualAuthenticators: true}
Session ID: d33409d743bd92a576bdbc0ae938c3d4
20:26:45.282 INFO  manager.ListenerWD -- **************************************
20:26:45.282 INFO  manager.ListenerWD -- Screen with error is-->src/test/screenchots/screen_1892.png
20:26:45.314 INFO  manager.TestNGListener -- Start test --> null
20:26:45.314 INFO  manager.TestNGListener -- Skipped test --> null
20:26:45.316 INFO  tests.TestBase -- ===============================================
20:26:45.322 INFO  manager.TestNGListener -- Stop testing on date -->Tue Jun 09 20:26:45 IDT 2026
