20:10:00.084 INFO  manager.ApplicationManager -- All tests runs in Chrome Browser
20:10:01.661 INFO  manager.ApplicationManager -- The link --->https://telranedu.web.app/home
20:10:01.772 INFO  tests.TestBase -- Name of method (test) ---> loginSuccess
20:10:06.820 INFO  tests.TestBase -- Start test with name 'loginSuccess'
20:10:06.821 INFO  tests.TestBase -- Test data ---> email: 'art276@art.com' & password: '$Art1$2$3456789'
20:10:06.822 INFO  manager.ListenerWD -- Before find element-->By.cssSelector: a[href='/login']
20:10:06.885 INFO  manager.ListenerWD -- After find element-->By.cssSelector: a[href='/login']
20:10:06.900 INFO  manager.ListenerWD -- Location of element-->a
20:10:06.936 INFO  manager.ListenerWD -- Before click element-->atext-->LOGIN
20:10:07.081 INFO  manager.ListenerWD -- After click element-->a
20:10:07.083 INFO  manager.ListenerWD -- Before find element-->By.name: email
20:10:07.141 INFO  manager.ListenerWD -- After find element-->By.name: email
20:10:07.158 INFO  manager.ListenerWD -- Location of element-->input
20:10:07.189 INFO  manager.ListenerWD -- Before click element-->inputtext-->
20:10:07.314 INFO  manager.ListenerWD -- After click element-->input
20:10:07.392 INFO  manager.ListenerWD -- SendKeys-->
20:10:07.405 INFO  manager.ListenerWD -- SendKeys_TagName-->input
20:10:07.492 INFO  manager.ListenerWD -- SendKeys-->
20:10:07.503 INFO  manager.ListenerWD -- SendKeys_TagName-->input
20:10:07.571 INFO  manager.ListenerWD -- SendKeys-->
20:10:07.582 INFO  manager.ListenerWD -- SendKeys_TagName-->input
20:10:07.662 INFO  manager.ListenerWD -- Before find element-->By.xpath: //input[@placeholder='Passwordddd']
20:10:12.705 INFO  manager.ListenerWD -- Huston, we have a problem
20:10:12.706 INFO  manager.ListenerWD -- Failed method:findElement
20:10:12.707 INFO  manager.ListenerWD -- **************************************
20:10:12.707 INFO  manager.ListenerWD -- Arguments:[By.xpath: //input[@placeholder='Passwordddd']]
20:10:12.707 INFO  manager.ListenerWD -- **************************************
20:10:12.707 INFO  manager.ListenerWD -- Exception:NoSuchElementException
20:10:12.708 INFO  manager.ListenerWD -- **************************************
20:10:12.713 INFO  manager.ListenerWD -- Message:no such element: Unable to locate element: {"method":"xpath","selector":"//input[@placeholder='Passwordddd']"}
  (Session info: chrome=148.0.7778.179)
For documentation on this error, please visit: https://www.selenium.dev/documentation/webdriver/troubleshooting/errors#no-such-element-exception
Build info: version: '4.26.0', revision: '8ccf0219d7'
System info: os.name: 'Windows 11', os.arch: 'amd64', os.version: '10.0', java.version: '17.0.12'
Driver info: org.openqa.selenium.chrome.ChromeDriver
Command: [4de5b3b57ab61bec4c7ab45d256e98b2, findElement {value=//input[@placeholder='Passwordddd'], using=xpath}]
Capabilities {acceptInsecureCerts: false, browserName: chrome, browserVersion: 148.0.7778.179, chrome: {chromedriverVersion: 148.0.7778.167 (65db666ac2c..., userDataDir: C:\Users\Mariya\AppData\Loc...}, fedcm:accounts: true, goog:chromeOptions: {debuggerAddress: localhost:60549}, goog:processID: 57588, networkConnectionEnabled: false, pageLoadStrategy: normal, platformName: windows, proxy: Proxy(), se:cdp: ws://localhost:60549/devtoo..., se:cdpVersion: 148.0.7778.179, setWindowRect: true, strictFileInteractability: false, timeouts: {implicit: 0, pageLoad: 300000, script: 30000}, unhandledPromptBehavior: dismiss and notify, webauthn:extension:credBlob: true, webauthn:extension:largeBlob: true, webauthn:extension:minPinLength: true, webauthn:extension:prf: true, webauthn:virtualAuthenticators: true}
Session ID: 4de5b3b57ab61bec4c7ab45d256e98b2
20:10:12.714 INFO  manager.ListenerWD -- **************************************
20:10:12.714 INFO  manager.ListenerWD -- Message:null
20:10:12.715 INFO  manager.ListenerWD -- **************************************
20:10:12.716 INFO  manager.ListenerWD -- Screen with error is-->src/test/screenchots/screen_1970.png
20:10:13.592 INFO  tests.TestBase -- ===============================================
