19:42:06.038 INFO  manager.ApplicationManager -- All tests runs in Chrome Browser
19:42:07.711 INFO  manager.ApplicationManager -- The link --->https://telranedu.web.app/home
19:42:07.752 INFO  manager.TestNGListener -- Start testing on date -->Wed Jun 03 19:42:07 IDT 2026
19:42:12.820 INFO  manager.ListenerWD -- Before find element-->By.cssSelector: a[href='/login']
19:42:12.868 INFO  manager.ListenerWD -- After find element-->By.cssSelector: a[href='/login']
19:42:12.884 INFO  manager.ListenerWD -- Location of element-->a
19:42:12.915 INFO  manager.ListenerWD -- Before click element-->atext-->LOGIN
19:42:13.070 INFO  manager.ListenerWD -- After click element-->a
19:42:13.071 INFO  manager.ListenerWD -- Before find element-->By.name: email
19:42:13.123 INFO  manager.ListenerWD -- After find element-->By.name: email
19:42:13.135 INFO  manager.ListenerWD -- Location of element-->input
19:42:13.153 INFO  manager.ListenerWD -- Before click element-->inputtext-->
19:42:13.277 INFO  manager.ListenerWD -- After click element-->input
19:42:13.355 INFO  manager.ListenerWD -- SendKeys-->
19:42:13.369 INFO  manager.ListenerWD -- SendKeys_TagName-->input
19:42:13.447 INFO  manager.ListenerWD -- SendKeys-->
19:42:13.450 INFO  manager.ListenerWD -- SendKeys_TagName-->input
19:42:13.518 INFO  manager.ListenerWD -- SendKeys-->
19:42:13.525 INFO  manager.ListenerWD -- SendKeys_TagName-->input
19:42:13.594 INFO  manager.ListenerWD -- Before find element-->By.xpath: //input[@placeholder='Password']
19:42:13.639 INFO  manager.ListenerWD -- After find element-->By.xpath: //input[@placeholder='Password']
19:42:13.651 INFO  manager.ListenerWD -- Location of element-->input
19:42:13.675 INFO  manager.ListenerWD -- Before click element-->inputtext-->
19:42:13.792 INFO  manager.ListenerWD -- After click element-->input
19:42:13.856 INFO  manager.ListenerWD -- SendKeys-->
19:42:13.856 INFO  manager.ListenerWD -- SendKeys_TagName-->input
19:42:13.928 INFO  manager.ListenerWD -- SendKeys-->
19:42:13.933 INFO  manager.ListenerWD -- SendKeys_TagName-->input
19:42:13.998 INFO  manager.ListenerWD -- SendKeys-->
19:42:14.000 INFO  manager.ListenerWD -- SendKeys_TagName-->input
19:42:14.070 INFO  manager.ListenerWD -- Before find element-->By.xpath: //button[text()='Login']
19:42:14.125 INFO  manager.ListenerWD -- After find element-->By.xpath: //button[text()='Login']
19:42:14.136 INFO  manager.ListenerWD -- Location of element-->button
19:42:14.158 INFO  manager.ListenerWD -- Before click element-->buttontext-->Login
19:42:14.291 INFO  tests.TestBase -- Before method finished login
19:42:14.316 INFO  tests.TestBase -- Name of method (test) ---> addContactSuccessAllFieldsCSV
19:42:14.331 INFO  manager.TestNGListener -- Start test --> null
19:42:14.344 INFO  tests.TestBase -- Tests run with data: --->Contact(name=Harry, lastName=Potter, phone=056321478411, email=harry@gmail.com, address=Haifa, description=friend)
19:42:14.344 INFO  manager.ListenerWD -- Before find element-->By.cssSelector: a[href="/add"]
19:42:15.340 INFO  manager.ListenerWD -- After find element-->By.cssSelector: a[href="/add"]
19:42:15.349 INFO  manager.ListenerWD -- Location of element-->a
19:42:15.383 INFO  manager.ListenerWD -- Before click element-->atext-->ADD
19:42:15.506 INFO  manager.ListenerWD -- After click element-->a
19:42:15.506 INFO  manager.ListenerWD -- Before find element-->By.xpath: //input[@placeholder='Name']
19:42:15.548 INFO  manager.ListenerWD -- After find element-->By.xpath: //input[@placeholder='Name']
19:42:15.548 INFO  manager.ListenerWD -- Location of element-->input
19:42:15.589 INFO  manager.ListenerWD -- Before click element-->inputtext-->
19:42:15.712 INFO  manager.ListenerWD -- After click element-->input
19:42:15.764 INFO  manager.ListenerWD -- SendKeys-->
19:42:15.764 INFO  manager.ListenerWD -- SendKeys_TagName-->input
19:42:15.836 INFO  manager.ListenerWD -- SendKeys-->
19:42:15.842 INFO  manager.ListenerWD -- SendKeys_TagName-->input
19:42:15.907 INFO  manager.ListenerWD -- SendKeys-->
19:42:15.908 INFO  manager.ListenerWD -- SendKeys_TagName-->input
19:42:15.967 INFO  manager.ListenerWD -- Before find element-->By.xpath: //input[@placeholder='Last Name']
19:42:16.009 INFO  manager.ListenerWD -- After find element-->By.xpath: //input[@placeholder='Last Name']
19:42:16.020 INFO  manager.ListenerWD -- Location of element-->input
19:42:16.049 INFO  manager.ListenerWD -- Before click element-->inputtext-->
19:42:16.167 INFO  manager.ListenerWD -- After click element-->input
19:42:16.215 INFO  manager.ListenerWD -- SendKeys-->
19:42:16.231 INFO  manager.ListenerWD -- SendKeys_TagName-->input
19:42:16.296 INFO  manager.ListenerWD -- SendKeys-->
19:42:16.307 INFO  manager.ListenerWD -- SendKeys_TagName-->input
19:42:16.363 INFO  manager.ListenerWD -- SendKeys-->
19:42:16.366 INFO  manager.ListenerWD -- SendKeys_TagName-->input
19:42:16.417 INFO  manager.ListenerWD -- Before find element-->By.xpath: //input[@placeholder='Phone']
19:42:16.449 INFO  manager.ListenerWD -- After find element-->By.xpath: //input[@placeholder='Phone']
19:42:16.467 INFO  manager.ListenerWD -- Location of element-->input
19:42:16.496 INFO  manager.ListenerWD -- Before click element-->inputtext-->
19:42:16.598 INFO  manager.ListenerWD -- After click element-->input
19:42:16.649 INFO  manager.ListenerWD -- SendKeys-->
19:42:16.660 INFO  manager.ListenerWD -- SendKeys_TagName-->input
19:42:16.723 INFO  manager.ListenerWD -- SendKeys-->
19:42:16.725 INFO  manager.ListenerWD -- SendKeys_TagName-->input
19:42:16.790 INFO  manager.ListenerWD -- SendKeys-->
19:42:16.791 INFO  manager.ListenerWD -- SendKeys_TagName-->input
19:42:16.858 INFO  manager.ListenerWD -- Before find element-->By.xpath: //input[@placeholder='email']
19:42:16.891 INFO  manager.ListenerWD -- After find element-->By.xpath: //input[@placeholder='email']
19:42:16.904 INFO  manager.ListenerWD -- Location of element-->input
19:42:16.932 INFO  manager.ListenerWD -- Before click element-->inputtext-->
19:42:17.042 INFO  manager.ListenerWD -- After click element-->input
19:42:17.101 INFO  manager.ListenerWD -- SendKeys-->
19:42:17.113 INFO  manager.ListenerWD -- SendKeys_TagName-->input
19:42:17.172 INFO  manager.ListenerWD -- SendKeys-->
19:42:17.174 INFO  manager.ListenerWD -- SendKeys_TagName-->input
19:42:17.243 INFO  manager.ListenerWD -- SendKeys-->
19:42:17.250 INFO  manager.ListenerWD -- SendKeys_TagName-->input
19:42:17.318 INFO  manager.ListenerWD -- Before find element-->By.xpath: //input[@placeholder='Address']
19:42:17.352 INFO  manager.ListenerWD -- After find element-->By.xpath: //input[@placeholder='Address']
19:42:17.363 INFO  manager.ListenerWD -- Location of element-->input
19:42:17.387 INFO  manager.ListenerWD -- Before click element-->inputtext-->
19:42:17.506 INFO  manager.ListenerWD -- After click element-->input
19:42:17.564 INFO  manager.ListenerWD -- SendKeys-->
19:42:17.564 INFO  manager.ListenerWD -- SendKeys_TagName-->input
19:42:17.639 INFO  manager.ListenerWD -- SendKeys-->
19:42:17.641 INFO  manager.ListenerWD -- SendKeys_TagName-->input
19:42:17.709 INFO  manager.ListenerWD -- SendKeys-->
19:42:17.719 INFO  manager.ListenerWD -- SendKeys_TagName-->input
19:42:17.765 INFO  manager.ListenerWD -- Before find element-->By.xpath: //input[@placeholder='description']
19:42:17.799 INFO  manager.ListenerWD -- After find element-->By.xpath: //input[@placeholder='description']
19:42:17.816 INFO  manager.ListenerWD -- Location of element-->input
19:42:17.831 INFO  manager.ListenerWD -- Before click element-->inputtext-->
19:42:17.946 INFO  manager.ListenerWD -- After click element-->input
19:42:17.990 INFO  manager.ListenerWD -- SendKeys-->
19:42:18.007 INFO  manager.ListenerWD -- SendKeys_TagName-->input
19:42:18.076 INFO  manager.ListenerWD -- SendKeys-->
19:42:18.083 INFO  manager.ListenerWD -- SendKeys_TagName-->input
19:42:18.142 INFO  manager.ListenerWD -- SendKeys-->
19:42:18.150 INFO  manager.ListenerWD -- SendKeys_TagName-->input
19:42:18.712 INFO  manager.TestNGListener -- Failure test --> null
19:42:18.712 INFO  tests.TestBase -- ===============================================
19:42:18.712 INFO  tests.TestBase -- Name of method (test) ---> addContactSuccessAllFieldsCSV
19:42:18.712 INFO  manager.TestNGListener -- Start test --> null
19:42:18.712 INFO  tests.TestBase -- Tests run with data: --->Contact(name=John, lastName=Lev, phone=0512365410, email=john@lev.com, address=Tel Aviv, description=friend)
19:42:18.712 INFO  manager.ListenerWD -- Before find element-->By.cssSelector: a[href="/add"]
19:42:18.759 INFO  manager.ListenerWD -- After find element-->By.cssSelector: a[href="/add"]
19:42:18.773 INFO  manager.ListenerWD -- Location of element-->a
19:42:18.797 INFO  manager.ListenerWD -- Before click element-->atext-->ADD
19:42:18.918 INFO  manager.ListenerWD -- After click element-->a
19:42:18.918 INFO  manager.ListenerWD -- Before find element-->By.xpath: //input[@placeholder='Name']
19:42:18.939 INFO  manager.ListenerWD -- After find element-->By.xpath: //input[@placeholder='Name']
19:42:18.955 INFO  manager.ListenerWD -- Location of element-->input
19:42:18.982 INFO  manager.ListenerWD -- Before click element-->inputtext-->
19:42:19.086 INFO  manager.ListenerWD -- After click element-->input
19:42:19.158 INFO  manager.ListenerWD -- SendKeys-->
19:42:19.168 INFO  manager.ListenerWD -- SendKeys_TagName-->input
19:42:19.269 INFO  manager.ListenerWD -- SendKeys-->
19:42:19.274 INFO  manager.ListenerWD -- SendKeys_TagName-->input
19:42:19.331 INFO  manager.ListenerWD -- SendKeys-->
19:42:19.341 INFO  manager.ListenerWD -- SendKeys_TagName-->input
19:42:19.382 INFO  manager.ListenerWD -- Before find element-->By.xpath: //input[@placeholder='Last Name']
19:42:19.407 INFO  manager.ListenerWD -- After find element-->By.xpath: //input[@placeholder='Last Name']
19:42:19.422 INFO  manager.ListenerWD -- Location of element-->input
19:42:19.441 INFO  manager.ListenerWD -- Before click element-->inputtext-->
19:42:19.543 INFO  manager.ListenerWD -- After click element-->input
19:42:19.603 INFO  manager.ListenerWD -- SendKeys-->
19:42:19.608 INFO  manager.ListenerWD -- SendKeys_TagName-->input
19:42:19.705 INFO  manager.ListenerWD -- SendKeys-->
19:42:19.715 INFO  manager.ListenerWD -- SendKeys_TagName-->input
19:42:19.771 INFO  manager.ListenerWD -- SendKeys-->
19:42:19.774 INFO  manager.ListenerWD -- SendKeys_TagName-->input
19:42:19.825 INFO  manager.ListenerWD -- Before find element-->By.xpath: //input[@placeholder='Phone']
19:42:19.855 INFO  manager.ListenerWD -- After find element-->By.xpath: //input[@placeholder='Phone']
19:42:19.857 INFO  manager.ListenerWD -- Location of element-->input
19:42:19.889 INFO  manager.ListenerWD -- Before click element-->inputtext-->
19:42:19.988 INFO  manager.ListenerWD -- After click element-->input
19:42:20.049 INFO  manager.ListenerWD -- SendKeys-->
19:42:20.049 INFO  manager.ListenerWD -- SendKeys_TagName-->input
19:42:20.146 INFO  manager.ListenerWD -- SendKeys-->
19:42:20.156 INFO  manager.ListenerWD -- SendKeys_TagName-->input
19:42:20.214 INFO  manager.ListenerWD -- SendKeys-->
19:42:20.216 INFO  manager.ListenerWD -- SendKeys_TagName-->input
19:42:20.275 INFO  manager.ListenerWD -- Before find element-->By.xpath: //input[@placeholder='email']
19:42:20.299 INFO  manager.ListenerWD -- After find element-->By.xpath: //input[@placeholder='email']
19:42:20.317 INFO  manager.ListenerWD -- Location of element-->input
19:42:20.335 INFO  manager.ListenerWD -- Before click element-->inputtext-->
19:42:20.440 INFO  manager.ListenerWD -- After click element-->input
19:42:20.499 INFO  manager.ListenerWD -- SendKeys-->
19:42:20.499 INFO  manager.ListenerWD -- SendKeys_TagName-->input
19:42:20.623 INFO  manager.ListenerWD -- SendKeys-->
19:42:20.630 INFO  manager.ListenerWD -- SendKeys_TagName-->input
19:42:20.696 INFO  manager.ListenerWD -- SendKeys-->
19:42:20.699 INFO  manager.ListenerWD -- SendKeys_TagName-->input
19:42:20.770 INFO  manager.ListenerWD -- Before find element-->By.xpath: //input[@placeholder='Address']
19:42:20.791 INFO  manager.ListenerWD -- After find element-->By.xpath: //input[@placeholder='Address']
19:42:20.806 INFO  manager.ListenerWD -- Location of element-->input
19:42:20.824 INFO  manager.ListenerWD -- Before click element-->inputtext-->
19:42:20.966 INFO  manager.ListenerWD -- After click element-->input
19:42:21.066 INFO  manager.ListenerWD -- SendKeys-->
19:42:21.105 INFO  manager.ListenerWD -- SendKeys_TagName-->input
19:42:21.233 INFO  manager.ListenerWD -- SendKeys-->
19:42:21.241 INFO  manager.ListenerWD -- SendKeys_TagName-->input
19:42:21.325 INFO  manager.ListenerWD -- SendKeys-->
19:42:21.334 INFO  manager.ListenerWD -- SendKeys_TagName-->input
19:42:21.402 INFO  manager.ListenerWD -- Before find element-->By.xpath: //input[@placeholder='description']
19:42:21.430 INFO  manager.ListenerWD -- After find element-->By.xpath: //input[@placeholder='description']
19:42:21.442 INFO  manager.ListenerWD -- Location of element-->input
19:42:21.469 INFO  manager.ListenerWD -- Before click element-->inputtext-->
19:42:21.588 INFO  manager.ListenerWD -- After click element-->input
19:42:21.655 INFO  manager.ListenerWD -- SendKeys-->
19:42:21.663 INFO  manager.ListenerWD -- SendKeys_TagName-->input
19:42:21.755 INFO  manager.ListenerWD -- SendKeys-->
19:42:21.767 INFO  manager.ListenerWD -- SendKeys_TagName-->input
19:42:21.830 INFO  manager.ListenerWD -- SendKeys-->
19:42:21.832 INFO  manager.ListenerWD -- SendKeys_TagName-->input
19:42:22.353 INFO  manager.TestNGListener -- Failure test --> null
19:42:22.353 INFO  tests.TestBase -- ===============================================
19:42:22.355 INFO  tests.TestBase -- Name of method (test) ---> addContactSuccessAllFieldsCSV
19:42:22.355 INFO  manager.TestNGListener -- Start test --> null
19:42:22.355 INFO  tests.TestBase -- Tests run with data: --->Contact(name=Tonya, lastName=Fisher, phone=0512000147, email=tonya@mail.com, address=Almaty, description=ahot)
19:42:22.355 INFO  manager.ListenerWD -- Before find element-->By.cssSelector: a[href="/add"]
19:42:22.391 INFO  manager.ListenerWD -- After find element-->By.cssSelector: a[href="/add"]
19:42:22.403 INFO  manager.ListenerWD -- Location of element-->a
19:42:22.424 INFO  manager.ListenerWD -- Before click element-->atext-->ADD
19:42:22.536 INFO  manager.ListenerWD -- After click element-->a
19:42:22.537 INFO  manager.ListenerWD -- Before find element-->By.xpath: //input[@placeholder='Name']
19:42:22.559 INFO  manager.ListenerWD -- After find element-->By.xpath: //input[@placeholder='Name']
19:42:22.564 INFO  manager.ListenerWD -- Location of element-->input
19:42:22.580 INFO  manager.ListenerWD -- Before click element-->inputtext-->
19:42:22.699 INFO  manager.ListenerWD -- After click element-->input
19:42:22.770 INFO  manager.ListenerWD -- SendKeys-->
19:42:22.781 INFO  manager.ListenerWD -- SendKeys_TagName-->input
19:42:22.873 INFO  manager.ListenerWD -- SendKeys-->
19:42:22.883 INFO  manager.ListenerWD -- SendKeys_TagName-->input
19:42:22.942 INFO  manager.ListenerWD -- SendKeys-->
19:42:22.948 INFO  manager.ListenerWD -- SendKeys_TagName-->input
19:42:22.998 INFO  manager.ListenerWD -- Before find element-->By.xpath: //input[@placeholder='Last Name']
19:42:23.015 INFO  manager.ListenerWD -- After find element-->By.xpath: //input[@placeholder='Last Name']
19:42:23.031 INFO  manager.ListenerWD -- Location of element-->input
19:42:23.046 INFO  manager.ListenerWD -- Before click element-->inputtext-->
19:42:23.151 INFO  manager.ListenerWD -- After click element-->input
19:42:23.209 INFO  manager.ListenerWD -- SendKeys-->
19:42:23.218 INFO  manager.ListenerWD -- SendKeys_TagName-->input
19:42:23.303 INFO  manager.ListenerWD -- SendKeys-->
19:42:23.312 INFO  manager.ListenerWD -- SendKeys_TagName-->input
19:42:23.369 INFO  manager.ListenerWD -- SendKeys-->
19:42:23.374 INFO  manager.ListenerWD -- SendKeys_TagName-->input
19:42:23.426 INFO  manager.ListenerWD -- Before find element-->By.xpath: //input[@placeholder='Phone']
19:42:23.449 INFO  manager.ListenerWD -- After find element-->By.xpath: //input[@placeholder='Phone']
19:42:23.449 INFO  manager.ListenerWD -- Location of element-->input
19:42:23.485 INFO  manager.ListenerWD -- Before click element-->inputtext-->
19:42:23.574 INFO  manager.ListenerWD -- After click element-->input
19:42:23.640 INFO  manager.ListenerWD -- SendKeys-->
19:42:23.642 INFO  manager.ListenerWD -- SendKeys_TagName-->input
19:42:23.738 INFO  manager.ListenerWD -- SendKeys-->
19:42:23.748 INFO  manager.ListenerWD -- SendKeys_TagName-->input
19:42:23.805 INFO  manager.ListenerWD -- SendKeys-->
19:42:23.806 INFO  manager.ListenerWD -- SendKeys_TagName-->input
19:42:23.868 INFO  manager.ListenerWD -- Before find element-->By.xpath: //input[@placeholder='email']
19:42:23.894 INFO  manager.ListenerWD -- After find element-->By.xpath: //input[@placeholder='email']
19:42:23.894 INFO  manager.ListenerWD -- Location of element-->input
19:42:23.922 INFO  manager.ListenerWD -- Before click element-->inputtext-->
19:42:24.025 INFO  manager.ListenerWD -- After click element-->input
19:42:24.082 INFO  manager.ListenerWD -- SendKeys-->
19:42:24.090 INFO  manager.ListenerWD -- SendKeys_TagName-->input
19:42:24.188 INFO  manager.ListenerWD -- SendKeys-->
19:42:24.197 INFO  manager.ListenerWD -- SendKeys_TagName-->input
19:42:24.254 INFO  manager.ListenerWD -- SendKeys-->
19:42:24.256 INFO  manager.ListenerWD -- SendKeys_TagName-->input
19:42:24.321 INFO  manager.ListenerWD -- Before find element-->By.xpath: //input[@placeholder='Address']
19:42:24.343 INFO  manager.ListenerWD -- After find element-->By.xpath: //input[@placeholder='Address']
19:42:24.343 INFO  manager.ListenerWD -- Location of element-->input
19:42:24.377 INFO  manager.ListenerWD -- Before click element-->inputtext-->
19:42:24.470 INFO  manager.ListenerWD -- After click element-->input
19:42:24.525 INFO  manager.ListenerWD -- SendKeys-->
19:42:24.534 INFO  manager.ListenerWD -- SendKeys_TagName-->input
19:42:24.623 INFO  manager.ListenerWD -- SendKeys-->
19:42:24.623 INFO  manager.ListenerWD -- SendKeys_TagName-->input
19:42:24.687 INFO  manager.ListenerWD -- SendKeys-->
19:42:24.690 INFO  manager.ListenerWD -- SendKeys_TagName-->input
19:42:24.748 INFO  manager.ListenerWD -- Before find element-->By.xpath: //input[@placeholder='description']
19:42:24.771 INFO  manager.ListenerWD -- After find element-->By.xpath: //input[@placeholder='description']
19:42:24.773 INFO  manager.ListenerWD -- Location of element-->input
19:42:24.789 INFO  manager.ListenerWD -- Before click element-->inputtext-->
19:42:24.897 INFO  manager.ListenerWD -- After click element-->input
19:42:24.953 INFO  manager.ListenerWD -- SendKeys-->
19:42:24.957 INFO  manager.ListenerWD -- SendKeys_TagName-->input
19:42:25.050 INFO  manager.ListenerWD -- SendKeys-->
19:42:25.056 INFO  manager.ListenerWD -- SendKeys_TagName-->input
19:42:25.116 INFO  manager.ListenerWD -- SendKeys-->
19:42:25.125 INFO  manager.ListenerWD -- SendKeys_TagName-->input
19:42:25.590 INFO  manager.TestNGListener -- Failure test --> null
19:42:25.590 INFO  tests.TestBase -- ===============================================
19:42:25.596 INFO  manager.TestNGListener -- Stop testing on date -->Wed Jun 03 19:42:25 IDT 2026
