20:34:24.491 INFO  manager.ApplicationManager -- All tests runs in Chrome Browser
20:34:25.859 INFO  manager.ApplicationManager -- The link --->https://telranedu.web.app/home
20:34:25.886 INFO  manager.TestNGListener -- Start testing on date -->Thu Jun 04 20:34:25 IDT 2026
20:34:25.939 INFO  tests.TestBase -- Name of method (test) ---> loginSuccess1
20:34:30.974 INFO  manager.TestNGListener -- Start test --> null
20:34:30.976 INFO  manager.ListenerWD -- Before find element-->By.cssSelector: a[href='/login']
20:34:31.025 INFO  manager.ListenerWD -- After find element-->By.cssSelector: a[href='/login']
20:34:31.038 INFO  manager.ListenerWD -- Location of element-->a
20:34:31.076 INFO  manager.ListenerWD -- Before click element-->atext-->LOGIN
20:34:31.239 INFO  manager.ListenerWD -- After click element-->a
20:34:31.240 INFO  manager.ListenerWD -- Before find element-->By.name: email
20:34:31.298 INFO  manager.ListenerWD -- After find element-->By.name: email
20:34:31.311 INFO  manager.ListenerWD -- Location of element-->input
20:34:31.345 INFO  manager.ListenerWD -- Before click element-->inputtext-->
20:34:31.473 INFO  manager.ListenerWD -- After click element-->input
20:34:31.547 INFO  manager.ListenerWD -- SendKeys-->
20:34:31.558 INFO  manager.ListenerWD -- SendKeys_TagName-->input
20:34:31.673 INFO  manager.ListenerWD -- SendKeys-->
20:34:31.683 INFO  manager.ListenerWD -- SendKeys_TagName-->input
20:34:31.743 INFO  manager.ListenerWD -- SendKeys-->
20:34:31.753 INFO  manager.ListenerWD -- SendKeys_TagName-->input
20:34:31.833 INFO  manager.ListenerWD -- Before find element-->By.xpath: //input[@placeholder='Password']
20:34:31.874 INFO  manager.ListenerWD -- After find element-->By.xpath: //input[@placeholder='Password']
20:34:31.885 INFO  manager.ListenerWD -- Location of element-->input
20:34:31.913 INFO  manager.ListenerWD -- Before click element-->inputtext-->
20:34:32.027 INFO  manager.ListenerWD -- After click element-->input
20:34:32.083 INFO  manager.ListenerWD -- SendKeys-->
20:34:32.093 INFO  manager.ListenerWD -- SendKeys_TagName-->input
20:34:32.159 INFO  manager.ListenerWD -- SendKeys-->
20:34:32.175 INFO  manager.ListenerWD -- SendKeys_TagName-->input
20:34:32.238 INFO  manager.ListenerWD -- SendKeys-->
20:34:32.249 INFO  manager.ListenerWD -- SendKeys_TagName-->input
20:34:32.312 INFO  manager.ListenerWD -- Before find element-->By.xpath: //button[text()='Login']
20:34:32.350 INFO  manager.ListenerWD -- After find element-->By.xpath: //button[text()='Login']
20:34:32.364 INFO  manager.ListenerWD -- Location of element-->button
20:34:32.389 INFO  manager.ListenerWD -- Before click element-->buttontext-->Login
20:34:33.553 INFO  manager.TestNGListener -- Success test --> loginSuccess1
20:34:33.554 INFO  tests.TestBase -- ===============================================
20:34:33.559 INFO  tests.TestBase -- Name of method (test) ---> loginWrongEmail
20:34:33.595 INFO  manager.ListenerWD -- Before find element-->By.xpath: //button[text()='Sign Out']
20:34:33.634 INFO  manager.ListenerWD -- After find element-->By.xpath: //button[text()='Sign Out']
20:34:33.644 INFO  manager.ListenerWD -- Location of element-->button
20:34:33.668 INFO  manager.ListenerWD -- Before click element-->buttontext-->Sign Out
20:34:33.818 INFO  tests.TestBase -- Before method finished logout
20:34:33.819 INFO  manager.TestNGListener -- Start test --> null
20:34:33.821 INFO  tests.TestBase -- Test data ---> email: 'margogmail.com' & password: 'Mmar123456$'
20:34:33.821 INFO  manager.ListenerWD -- Before find element-->By.cssSelector: a[href='/login']
20:34:33.851 INFO  manager.ListenerWD -- After find element-->By.cssSelector: a[href='/login']
20:34:33.864 INFO  manager.ListenerWD -- Location of element-->a
20:34:33.891 INFO  manager.ListenerWD -- Before click element-->atext-->LOGIN
20:34:34.011 INFO  manager.ListenerWD -- After click element-->a
20:34:34.012 INFO  manager.ListenerWD -- Before find element-->By.name: email
20:34:34.038 INFO  manager.ListenerWD -- After find element-->By.name: email
20:34:34.049 INFO  manager.ListenerWD -- Location of element-->input
20:34:34.073 INFO  manager.ListenerWD -- Before click element-->inputtext-->
20:34:34.218 INFO  manager.ListenerWD -- After click element-->input
20:34:34.284 INFO  manager.ListenerWD -- SendKeys-->
20:34:34.298 INFO  manager.ListenerWD -- SendKeys_TagName-->input
20:34:34.363 INFO  manager.ListenerWD -- SendKeys-->
20:34:34.373 INFO  manager.ListenerWD -- SendKeys_TagName-->input
20:34:34.439 INFO  manager.ListenerWD -- SendKeys-->
20:34:34.450 INFO  manager.ListenerWD -- SendKeys_TagName-->input
20:34:34.529 INFO  manager.ListenerWD -- Before find element-->By.xpath: //input[@placeholder='Password']
20:34:34.560 INFO  manager.ListenerWD -- After find element-->By.xpath: //input[@placeholder='Password']
20:34:34.576 INFO  manager.ListenerWD -- Location of element-->input
20:34:34.605 INFO  manager.ListenerWD -- Before click element-->inputtext-->
20:34:34.748 INFO  manager.ListenerWD -- After click element-->input
20:34:34.807 INFO  manager.ListenerWD -- SendKeys-->
20:34:34.816 INFO  manager.ListenerWD -- SendKeys_TagName-->input
20:34:34.875 INFO  manager.ListenerWD -- SendKeys-->
20:34:34.887 INFO  manager.ListenerWD -- SendKeys_TagName-->input
20:34:34.954 INFO  manager.ListenerWD -- SendKeys-->
20:34:34.965 INFO  manager.ListenerWD -- SendKeys_TagName-->input
20:34:35.031 INFO  manager.ListenerWD -- Before find element-->By.xpath: //button[text()='Login']
20:34:35.059 INFO  manager.ListenerWD -- After find element-->By.xpath: //button[text()='Login']
20:34:35.077 INFO  manager.ListenerWD -- Location of element-->button
20:34:35.106 INFO  manager.ListenerWD -- Before click element-->buttontext-->Login
20:34:35.225 INFO  manager.ListenerWD -- Huston, we have a problem
20:34:35.226 INFO  manager.ListenerWD -- Failed method:alert
20:34:35.226 INFO  manager.ListenerWD -- **************************************
20:34:35.226 INFO  manager.ListenerWD -- Arguments:null
20:34:35.226 INFO  manager.ListenerWD -- **************************************
20:34:35.226 INFO  manager.ListenerWD -- Exception:NoAlertPresentException
20:34:35.227 INFO  manager.ListenerWD -- **************************************
20:34:35.227 INFO  manager.ListenerWD -- Message:no such alert
  (Session info: chrome=148.0.7778.181)
Build info: version: '4.26.0', revision: '8ccf0219d7'
System info: os.name: 'Windows 11', os.arch: 'amd64', os.version: '10.0', java.version: '17.0.12'
Driver info: org.openqa.selenium.chrome.ChromeDriver
Command: [289909ade2acfaf631b79c62ee846794, getAlertText {}]
Capabilities {acceptInsecureCerts: false, browserName: chrome, browserVersion: 148.0.7778.181, chrome: {chromedriverVersion: 148.0.7778.167 (65db666ac2c..., userDataDir: C:\Users\Mariya\AppData\Loc...}, fedcm:accounts: true, goog:chromeOptions: {debuggerAddress: localhost:50222}, goog:processID: 194092, networkConnectionEnabled: false, pageLoadStrategy: normal, platformName: windows, proxy: Proxy(), se:cdp: ws://localhost:50222/devtoo..., se:cdpVersion: 148.0.7778.181, setWindowRect: true, strictFileInteractability: false, timeouts: {implicit: 0, pageLoad: 300000, script: 30000}, unhandledPromptBehavior: dismiss and notify, webauthn:extension:credBlob: true, webauthn:extension:largeBlob: true, webauthn:extension:minPinLength: true, webauthn:extension:prf: true, webauthn:virtualAuthenticators: true}
Session ID: 289909ade2acfaf631b79c62ee846794
20:34:35.227 INFO  manager.ListenerWD -- **************************************
20:34:35.227 INFO  manager.ListenerWD -- Screen with error is-->src/test/screenchots/screen_1267.png
20:34:37.790 INFO  tests.TestBase -- Assert check is alert present with error text 'Wrong email or password'
20:34:37.792 INFO  manager.TestNGListener -- Success test --> loginWrongEmail
20:34:37.793 INFO  tests.TestBase -- ===============================================
20:34:37.799 INFO  tests.TestBase -- Name of method (test) ---> RegistrationWrongEmail
20:34:42.811 INFO  manager.TestNGListener -- Start test --> null
20:34:42.812 INFO  tests.TestBase -- Test data ---> email: 'artart.com' & password: '$Art1$2$3456789'
20:34:42.812 INFO  manager.ListenerWD -- Before find element-->By.cssSelector: a[href='/login']
20:34:42.843 INFO  manager.ListenerWD -- After find element-->By.cssSelector: a[href='/login']
20:34:42.855 INFO  manager.ListenerWD -- Location of element-->a
20:34:42.879 INFO  manager.ListenerWD -- Before click element-->atext-->LOGIN
20:34:42.998 INFO  manager.ListenerWD -- After click element-->a
20:34:42.999 INFO  manager.ListenerWD -- Before find element-->By.name: email
20:34:43.026 INFO  manager.ListenerWD -- After find element-->By.name: email
20:34:43.036 INFO  manager.ListenerWD -- Location of element-->input
20:34:43.058 INFO  manager.ListenerWD -- Before click element-->inputtext-->
20:34:43.180 INFO  manager.ListenerWD -- After click element-->input
20:34:43.251 INFO  manager.ListenerWD -- SendKeys-->
20:34:43.262 INFO  manager.ListenerWD -- SendKeys_TagName-->input
20:34:43.367 INFO  manager.ListenerWD -- SendKeys-->
20:34:43.376 INFO  manager.ListenerWD -- SendKeys_TagName-->input
20:34:43.434 INFO  manager.ListenerWD -- SendKeys-->
20:34:43.443 INFO  manager.ListenerWD -- SendKeys_TagName-->input
20:34:43.514 INFO  manager.ListenerWD -- Before find element-->By.xpath: //input[@placeholder='Password']
20:34:43.541 INFO  manager.ListenerWD -- After find element-->By.xpath: //input[@placeholder='Password']
20:34:43.552 INFO  manager.ListenerWD -- Location of element-->input
20:34:43.579 INFO  manager.ListenerWD -- Before click element-->inputtext-->
20:34:43.697 INFO  manager.ListenerWD -- After click element-->input
20:34:43.780 INFO  manager.ListenerWD -- SendKeys-->
20:34:43.790 INFO  manager.ListenerWD -- SendKeys_TagName-->input
20:34:43.891 INFO  manager.ListenerWD -- SendKeys-->
20:34:43.901 INFO  manager.ListenerWD -- SendKeys_TagName-->input
20:34:43.961 INFO  manager.ListenerWD -- SendKeys-->
20:34:43.972 INFO  manager.ListenerWD -- SendKeys_TagName-->input
20:34:44.043 INFO  manager.ListenerWD -- Before find element-->By.xpath: //button[text()='Registration']
20:34:44.081 INFO  manager.ListenerWD -- After find element-->By.xpath: //button[text()='Registration']
20:34:44.095 INFO  manager.ListenerWD -- Location of element-->button
20:34:44.129 INFO  manager.ListenerWD -- Before click element-->buttontext-->Registration
20:34:44.274 INFO  manager.ListenerWD -- Huston, we have a problem
20:34:44.274 INFO  manager.ListenerWD -- Failed method:alert
20:34:44.274 INFO  manager.ListenerWD -- **************************************
20:34:44.274 INFO  manager.ListenerWD -- Arguments:null
20:34:44.275 INFO  manager.ListenerWD -- **************************************
20:34:44.275 INFO  manager.ListenerWD -- Exception:NoAlertPresentException
20:34:44.275 INFO  manager.ListenerWD -- **************************************
20:34:44.275 INFO  manager.ListenerWD -- Message:no such alert
  (Session info: chrome=148.0.7778.181)
Build info: version: '4.26.0', revision: '8ccf0219d7'
System info: os.name: 'Windows 11', os.arch: 'amd64', os.version: '10.0', java.version: '17.0.12'
Driver info: org.openqa.selenium.chrome.ChromeDriver
Command: [289909ade2acfaf631b79c62ee846794, getAlertText {}]
Capabilities {acceptInsecureCerts: false, browserName: chrome, browserVersion: 148.0.7778.181, chrome: {chromedriverVersion: 148.0.7778.167 (65db666ac2c..., userDataDir: C:\Users\Mariya\AppData\Loc...}, fedcm:accounts: true, goog:chromeOptions: {debuggerAddress: localhost:50222}, goog:processID: 194092, networkConnectionEnabled: false, pageLoadStrategy: normal, platformName: windows, proxy: Proxy(), se:cdp: ws://localhost:50222/devtoo..., se:cdpVersion: 148.0.7778.181, setWindowRect: true, strictFileInteractability: false, timeouts: {implicit: 0, pageLoad: 300000, script: 30000}, unhandledPromptBehavior: dismiss and notify, webauthn:extension:credBlob: true, webauthn:extension:largeBlob: true, webauthn:extension:minPinLength: true, webauthn:extension:prf: true, webauthn:virtualAuthenticators: true}
Session ID: 289909ade2acfaf631b79c62ee846794
20:34:44.275 INFO  manager.ListenerWD -- **************************************
20:34:44.275 INFO  manager.ListenerWD -- Screen with error is-->src/test/screenchots/screen_1774.png
20:34:46.830 INFO  tests.TestBase -- Assert check is alert present with error text 'Wrong email or password format'
20:34:46.831 INFO  manager.TestNGListener -- Success test --> RegistrationWrongEmail
20:34:46.832 INFO  tests.TestBase -- ===============================================
20:34:46.834 INFO  tests.TestBase -- Name of method (test) ---> registrationSuccess
20:34:51.872 INFO  manager.TestNGListener -- Start test --> null
20:34:51.873 INFO  tests.TestBase -- Test data ---> email: 'art2091@art.com' & password: '$Art1$2$3456789'
20:34:51.873 INFO  manager.ListenerWD -- Before find element-->By.cssSelector: a[href='/login']
20:34:51.900 INFO  manager.ListenerWD -- After find element-->By.cssSelector: a[href='/login']
20:34:51.910 INFO  manager.ListenerWD -- Location of element-->a
20:34:51.934 INFO  manager.ListenerWD -- Before click element-->atext-->LOGIN
20:34:52.044 INFO  manager.ListenerWD -- After click element-->a
20:34:52.044 INFO  manager.ListenerWD -- Before find element-->By.name: email
20:34:52.074 INFO  manager.ListenerWD -- After find element-->By.name: email
20:34:52.086 INFO  manager.ListenerWD -- Location of element-->input
20:34:52.114 INFO  manager.ListenerWD -- Before click element-->inputtext-->
20:34:52.239 INFO  manager.ListenerWD -- After click element-->input
20:34:52.310 INFO  manager.ListenerWD -- SendKeys-->
20:34:52.319 INFO  manager.ListenerWD -- SendKeys_TagName-->input
20:34:52.423 INFO  manager.ListenerWD -- SendKeys-->
20:34:52.433 INFO  manager.ListenerWD -- SendKeys_TagName-->input
20:34:52.499 INFO  manager.ListenerWD -- SendKeys-->
20:34:52.508 INFO  manager.ListenerWD -- SendKeys_TagName-->input
20:34:52.582 INFO  manager.ListenerWD -- Before find element-->By.xpath: //input[@placeholder='Password']
20:34:52.608 INFO  manager.ListenerWD -- After find element-->By.xpath: //input[@placeholder='Password']
20:34:52.619 INFO  manager.ListenerWD -- Location of element-->input
20:34:52.643 INFO  manager.ListenerWD -- Before click element-->inputtext-->
20:34:52.748 INFO  manager.ListenerWD -- After click element-->input
20:34:52.810 INFO  manager.ListenerWD -- SendKeys-->
20:34:52.819 INFO  manager.ListenerWD -- SendKeys_TagName-->input
20:34:52.920 INFO  manager.ListenerWD -- SendKeys-->
20:34:52.931 INFO  manager.ListenerWD -- SendKeys_TagName-->input
20:34:52.997 INFO  manager.ListenerWD -- SendKeys-->
20:34:53.006 INFO  manager.ListenerWD -- SendKeys_TagName-->input
20:34:53.083 INFO  manager.ListenerWD -- Before find element-->By.xpath: //button[text()='Registration']
20:34:53.107 INFO  manager.ListenerWD -- After find element-->By.xpath: //button[text()='Registration']
20:34:53.118 INFO  manager.ListenerWD -- Location of element-->button
20:34:53.145 INFO  manager.ListenerWD -- Before click element-->buttontext-->Registration
20:34:53.601 INFO  manager.ListenerWD -- Before find element-->By.cssSelector: .contact-page_message__2qafk>h1
20:34:53.830 INFO  manager.ListenerWD -- After find element-->By.cssSelector: .contact-page_message__2qafk>h1
20:34:53.843 INFO  manager.ListenerWD -- Location of element-->h1
20:34:53.863 INFO  tests.TestBase -- Assert check is element button 'Sign out' present
20:34:53.863 INFO  tests.TestBase -- Assert check is message present with text: 'No contacts here'
20:34:53.864 INFO  manager.TestNGListener -- Success test --> registrationSuccess
20:34:53.865 INFO  tests.TestBase -- ===============================================
20:34:53.895 INFO  tests.TestBase -- Name of method (test) ---> addNewContactSuccessRequiredFields
20:34:53.896 INFO  manager.TestNGListener -- Start test --> null
20:34:53.906 INFO  tests.TestBase -- Test data ---> name: 'Tony2093', last name: 'Dvoretskiy', phone: '0547567 2093',email: 'tony2093@dvo.com', address: 'Dali av. 79/147', description: ' '
20:34:53.906 INFO  manager.ListenerWD -- Before find element-->By.cssSelector: a[href="/add"]
20:34:53.942 INFO  manager.ListenerWD -- After find element-->By.cssSelector: a[href="/add"]
20:34:53.954 INFO  manager.ListenerWD -- Location of element-->a
20:34:53.985 INFO  manager.ListenerWD -- Before click element-->atext-->ADD
20:34:54.162 INFO  manager.ListenerWD -- After click element-->a
20:34:54.164 INFO  manager.ListenerWD -- Before find element-->By.xpath: //input[@placeholder='Name']
20:34:54.215 INFO  manager.ListenerWD -- After find element-->By.xpath: //input[@placeholder='Name']
20:34:54.237 INFO  manager.ListenerWD -- Location of element-->input
20:34:54.288 INFO  manager.ListenerWD -- Before click element-->inputtext-->
20:34:54.506 INFO  manager.ListenerWD -- After click element-->input
20:34:54.578 INFO  manager.ListenerWD -- SendKeys-->
20:34:54.589 INFO  manager.ListenerWD -- SendKeys_TagName-->input
20:34:54.655 INFO  manager.ListenerWD -- SendKeys-->
20:34:54.670 INFO  manager.ListenerWD -- SendKeys_TagName-->input
20:34:54.738 INFO  manager.ListenerWD -- SendKeys-->
20:34:54.749 INFO  manager.ListenerWD -- SendKeys_TagName-->input
20:34:54.822 INFO  manager.ListenerWD -- Before find element-->By.xpath: //input[@placeholder='Last Name']
20:34:54.862 INFO  manager.ListenerWD -- After find element-->By.xpath: //input[@placeholder='Last Name']
20:34:54.876 INFO  manager.ListenerWD -- Location of element-->input
20:34:54.905 INFO  manager.ListenerWD -- Before click element-->inputtext-->
20:34:55.033 INFO  manager.ListenerWD -- After click element-->input
20:34:55.102 INFO  manager.ListenerWD -- SendKeys-->
20:34:55.110 INFO  manager.ListenerWD -- SendKeys_TagName-->input
20:34:55.169 INFO  manager.ListenerWD -- SendKeys-->
20:34:55.178 INFO  manager.ListenerWD -- SendKeys_TagName-->input
20:34:55.239 INFO  manager.ListenerWD -- SendKeys-->
20:34:55.247 INFO  manager.ListenerWD -- SendKeys_TagName-->input
20:34:55.321 INFO  manager.ListenerWD -- Before find element-->By.xpath: //input[@placeholder='Phone']
20:34:55.348 INFO  manager.ListenerWD -- After find element-->By.xpath: //input[@placeholder='Phone']
20:34:55.357 INFO  manager.ListenerWD -- Location of element-->input
20:34:55.382 INFO  manager.ListenerWD -- Before click element-->inputtext-->
20:34:55.508 INFO  manager.ListenerWD -- After click element-->input
20:34:55.564 INFO  manager.ListenerWD -- SendKeys-->
20:34:55.574 INFO  manager.ListenerWD -- SendKeys_TagName-->input
20:34:55.631 INFO  manager.ListenerWD -- SendKeys-->
20:34:55.640 INFO  manager.ListenerWD -- SendKeys_TagName-->input
20:34:55.706 INFO  manager.ListenerWD -- SendKeys-->
20:34:55.716 INFO  manager.ListenerWD -- SendKeys_TagName-->input
20:34:55.783 INFO  manager.ListenerWD -- Before find element-->By.xpath: //input[@placeholder='email']
20:34:55.812 INFO  manager.ListenerWD -- After find element-->By.xpath: //input[@placeholder='email']
20:34:55.820 INFO  manager.ListenerWD -- Location of element-->input
20:34:55.842 INFO  manager.ListenerWD -- Before click element-->inputtext-->
20:34:55.946 INFO  manager.ListenerWD -- After click element-->input
20:34:56.005 INFO  manager.ListenerWD -- SendKeys-->
20:34:56.017 INFO  manager.ListenerWD -- SendKeys_TagName-->input
20:34:56.074 INFO  manager.ListenerWD -- SendKeys-->
20:34:56.083 INFO  manager.ListenerWD -- SendKeys_TagName-->input
20:34:56.138 INFO  manager.ListenerWD -- SendKeys-->
20:34:56.146 INFO  manager.ListenerWD -- SendKeys_TagName-->input
20:34:56.222 INFO  manager.ListenerWD -- Before find element-->By.xpath: //input[@placeholder='Address']
20:34:56.256 INFO  manager.ListenerWD -- After find element-->By.xpath: //input[@placeholder='Address']
20:34:56.266 INFO  manager.ListenerWD -- Location of element-->input
20:34:56.290 INFO  manager.ListenerWD -- Before click element-->inputtext-->
20:34:56.386 INFO  manager.ListenerWD -- After click element-->input
20:34:56.435 INFO  manager.ListenerWD -- SendKeys-->
20:34:56.443 INFO  manager.ListenerWD -- SendKeys_TagName-->input
20:34:56.497 INFO  manager.ListenerWD -- SendKeys-->
20:34:56.506 INFO  manager.ListenerWD -- SendKeys_TagName-->input
20:34:56.560 INFO  manager.ListenerWD -- SendKeys-->
20:34:56.570 INFO  manager.ListenerWD -- SendKeys_TagName-->input
20:34:56.632 INFO  manager.ListenerWD -- Before find element-->By.xpath: //input[@placeholder='description']
20:34:56.658 INFO  manager.ListenerWD -- After find element-->By.xpath: //input[@placeholder='description']
20:34:56.667 INFO  manager.ListenerWD -- Location of element-->input
20:34:56.688 INFO  manager.ListenerWD -- Before click element-->inputtext-->
20:34:56.788 INFO  manager.ListenerWD -- After click element-->input
20:34:56.848 INFO  manager.ListenerWD -- SendKeys-->
20:34:56.856 INFO  manager.ListenerWD -- SendKeys_TagName-->input
20:34:56.913 INFO  manager.ListenerWD -- SendKeys-->
20:34:56.922 INFO  manager.ListenerWD -- SendKeys_TagName-->input
20:34:56.965 INFO  manager.ListenerWD -- Before find element-->By.cssSelector: .add_main__1tbl_ button
20:34:56.990 INFO  manager.ListenerWD -- After find element-->By.cssSelector: .add_main__1tbl_ button
20:34:56.999 INFO  manager.ListenerWD -- Location of element-->button
20:34:57.021 INFO  manager.ListenerWD -- Before click element-->buttontext-->Save
20:34:57.129 INFO  manager.ListenerWD -- After click element-->button
20:34:57.812 INFO  tests.TestBase -- Assert check is contact added by name
20:34:57.812 INFO  tests.TestBase -- Assert check is contact added by phone
20:34:57.813 INFO  manager.TestNGListener -- Success test --> addNewContactSuccessRequiredFields
20:34:57.814 INFO  tests.TestBase -- ===============================================
20:34:57.817 INFO  tests.TestBase -- Name of method (test) ---> removeFirstContact
20:34:57.870 INFO  manager.ListenerWD -- Before find element-->By.cssSelector: a[href="/add"]
20:34:57.893 INFO  manager.ListenerWD -- After find element-->By.cssSelector: a[href="/add"]
20:34:57.903 INFO  manager.ListenerWD -- Location of element-->a
20:34:57.928 INFO  manager.ListenerWD -- Before click element-->atext-->ADD
20:34:58.030 INFO  manager.ListenerWD -- After click element-->a
20:34:58.030 INFO  manager.ListenerWD -- Before find element-->By.xpath: //input[@placeholder='Name']
20:34:58.053 INFO  manager.ListenerWD -- After find element-->By.xpath: //input[@placeholder='Name']
20:34:58.062 INFO  manager.ListenerWD -- Location of element-->input
20:34:58.085 INFO  manager.ListenerWD -- Before click element-->inputtext-->
20:34:58.191 INFO  manager.ListenerWD -- After click element-->input
20:34:58.259 INFO  manager.ListenerWD -- SendKeys-->
20:34:58.269 INFO  manager.ListenerWD -- SendKeys_TagName-->input
20:34:58.331 INFO  manager.ListenerWD -- SendKeys-->
20:34:58.339 INFO  manager.ListenerWD -- SendKeys_TagName-->input
20:34:58.393 INFO  manager.ListenerWD -- SendKeys-->
20:34:58.403 INFO  manager.ListenerWD -- SendKeys_TagName-->input
20:34:58.451 INFO  manager.ListenerWD -- Before find element-->By.xpath: //input[@placeholder='Last Name']
20:34:58.471 INFO  manager.ListenerWD -- After find element-->By.xpath: //input[@placeholder='Last Name']
20:34:58.481 INFO  manager.ListenerWD -- Location of element-->input
20:34:58.513 INFO  manager.ListenerWD -- Before click element-->inputtext-->
20:34:58.618 INFO  manager.ListenerWD -- After click element-->input
20:34:58.690 INFO  manager.ListenerWD -- SendKeys-->
20:34:58.700 INFO  manager.ListenerWD -- SendKeys_TagName-->input
20:34:58.765 INFO  manager.ListenerWD -- SendKeys-->
20:34:58.774 INFO  manager.ListenerWD -- SendKeys_TagName-->input
20:34:58.833 INFO  manager.ListenerWD -- SendKeys-->
20:34:58.843 INFO  manager.ListenerWD -- SendKeys_TagName-->input
20:34:58.894 INFO  manager.ListenerWD -- Before find element-->By.xpath: //input[@placeholder='Phone']
20:34:58.915 INFO  manager.ListenerWD -- After find element-->By.xpath: //input[@placeholder='Phone']
20:34:58.923 INFO  manager.ListenerWD -- Location of element-->input
20:34:58.946 INFO  manager.ListenerWD -- Before click element-->inputtext-->
20:34:59.061 INFO  manager.ListenerWD -- After click element-->input
20:34:59.118 INFO  manager.ListenerWD -- SendKeys-->
20:34:59.127 INFO  manager.ListenerWD -- SendKeys_TagName-->input
20:34:59.186 INFO  manager.ListenerWD -- SendKeys-->
20:34:59.195 INFO  manager.ListenerWD -- SendKeys_TagName-->input
20:34:59.258 INFO  manager.ListenerWD -- SendKeys-->
20:34:59.266 INFO  manager.ListenerWD -- SendKeys_TagName-->input
20:34:59.324 INFO  manager.ListenerWD -- Before find element-->By.xpath: //input[@placeholder='email']
20:34:59.345 INFO  manager.ListenerWD -- After find element-->By.xpath: //input[@placeholder='email']
20:34:59.353 INFO  manager.ListenerWD -- Location of element-->input
20:34:59.378 INFO  manager.ListenerWD -- Before click element-->inputtext-->
20:34:59.481 INFO  manager.ListenerWD -- After click element-->input
20:34:59.544 INFO  manager.ListenerWD -- SendKeys-->
20:34:59.555 INFO  manager.ListenerWD -- SendKeys_TagName-->input
20:34:59.624 INFO  manager.ListenerWD -- SendKeys-->
20:34:59.634 INFO  manager.ListenerWD -- SendKeys_TagName-->input
20:34:59.690 INFO  manager.ListenerWD -- SendKeys-->
20:34:59.698 INFO  manager.ListenerWD -- SendKeys_TagName-->input
20:34:59.777 INFO  manager.ListenerWD -- Before find element-->By.xpath: //input[@placeholder='Address']
20:34:59.799 INFO  manager.ListenerWD -- After find element-->By.xpath: //input[@placeholder='Address']
20:34:59.809 INFO  manager.ListenerWD -- Location of element-->input
20:34:59.832 INFO  manager.ListenerWD -- Before click element-->inputtext-->
20:34:59.944 INFO  manager.ListenerWD -- After click element-->input
20:35:00.001 INFO  manager.ListenerWD -- SendKeys-->
20:35:00.011 INFO  manager.ListenerWD -- SendKeys_TagName-->input
20:35:00.082 INFO  manager.ListenerWD -- SendKeys-->
20:35:00.093 INFO  manager.ListenerWD -- SendKeys_TagName-->input
20:35:00.148 INFO  manager.ListenerWD -- SendKeys-->
20:35:00.158 INFO  manager.ListenerWD -- SendKeys_TagName-->input
20:35:00.230 INFO  manager.ListenerWD -- Before find element-->By.xpath: //input[@placeholder='description']
20:35:00.253 INFO  manager.ListenerWD -- After find element-->By.xpath: //input[@placeholder='description']
20:35:00.262 INFO  manager.ListenerWD -- Location of element-->input
20:35:00.285 INFO  manager.ListenerWD -- Before click element-->inputtext-->
20:35:00.378 INFO  manager.ListenerWD -- After click element-->input
20:35:00.434 INFO  manager.ListenerWD -- SendKeys-->
20:35:00.443 INFO  manager.ListenerWD -- SendKeys_TagName-->input
20:35:00.498 INFO  manager.ListenerWD -- SendKeys-->
20:35:00.506 INFO  manager.ListenerWD -- SendKeys_TagName-->input
20:35:00.549 INFO  manager.ListenerWD -- Before find element-->By.cssSelector: .add_main__1tbl_ button
20:35:00.569 INFO  manager.ListenerWD -- After find element-->By.cssSelector: .add_main__1tbl_ button
20:35:00.579 INFO  manager.ListenerWD -- Location of element-->button
20:35:00.603 INFO  manager.ListenerWD -- Before click element-->buttontext-->Save
20:35:00.697 INFO  manager.ListenerWD -- After click element-->button
20:35:01.210 INFO  manager.ListenerWD -- Before find element-->By.cssSelector: a[href="/add"]
20:35:01.230 INFO  manager.ListenerWD -- After find element-->By.cssSelector: a[href="/add"]
20:35:01.239 INFO  manager.ListenerWD -- Location of element-->a
20:35:01.265 INFO  manager.ListenerWD -- Before click element-->atext-->ADD
20:35:01.372 INFO  manager.ListenerWD -- After click element-->a
20:35:01.373 INFO  manager.ListenerWD -- Before find element-->By.xpath: //input[@placeholder='Name']
20:35:01.395 INFO  manager.ListenerWD -- After find element-->By.xpath: //input[@placeholder='Name']
20:35:01.404 INFO  manager.ListenerWD -- Location of element-->input
20:35:01.426 INFO  manager.ListenerWD -- Before click element-->inputtext-->
20:35:01.538 INFO  manager.ListenerWD -- After click element-->input
20:35:01.609 INFO  manager.ListenerWD -- SendKeys-->
20:35:01.618 INFO  manager.ListenerWD -- SendKeys_TagName-->input
20:35:01.679 INFO  manager.ListenerWD -- SendKeys-->
20:35:01.688 INFO  manager.ListenerWD -- SendKeys_TagName-->input
20:35:01.745 INFO  manager.ListenerWD -- SendKeys-->
20:35:01.755 INFO  manager.ListenerWD -- SendKeys_TagName-->input
20:35:01.801 INFO  manager.ListenerWD -- Before find element-->By.xpath: //input[@placeholder='Last Name']
20:35:01.821 INFO  manager.ListenerWD -- After find element-->By.xpath: //input[@placeholder='Last Name']
20:35:01.829 INFO  manager.ListenerWD -- Location of element-->input
20:35:01.854 INFO  manager.ListenerWD -- Before click element-->inputtext-->
20:35:01.950 INFO  manager.ListenerWD -- After click element-->input
20:35:02.002 INFO  manager.ListenerWD -- SendKeys-->
20:35:02.011 INFO  manager.ListenerWD -- SendKeys_TagName-->input
20:35:02.075 INFO  manager.ListenerWD -- SendKeys-->
20:35:02.084 INFO  manager.ListenerWD -- SendKeys_TagName-->input
20:35:02.144 INFO  manager.ListenerWD -- SendKeys-->
20:35:02.154 INFO  manager.ListenerWD -- SendKeys_TagName-->input
20:35:02.205 INFO  manager.ListenerWD -- Before find element-->By.xpath: //input[@placeholder='Phone']
20:35:02.226 INFO  manager.ListenerWD -- After find element-->By.xpath: //input[@placeholder='Phone']
20:35:02.235 INFO  manager.ListenerWD -- Location of element-->input
20:35:02.259 INFO  manager.ListenerWD -- Before click element-->inputtext-->
20:35:02.361 INFO  manager.ListenerWD -- After click element-->input
20:35:02.418 INFO  manager.ListenerWD -- SendKeys-->
20:35:02.431 INFO  manager.ListenerWD -- SendKeys_TagName-->input
20:35:02.492 INFO  manager.ListenerWD -- SendKeys-->
20:35:02.503 INFO  manager.ListenerWD -- SendKeys_TagName-->input
20:35:02.562 INFO  manager.ListenerWD -- SendKeys-->
20:35:02.571 INFO  manager.ListenerWD -- SendKeys_TagName-->input
20:35:02.635 INFO  manager.ListenerWD -- Before find element-->By.xpath: //input[@placeholder='email']
20:35:02.656 INFO  manager.ListenerWD -- After find element-->By.xpath: //input[@placeholder='email']
20:35:02.665 INFO  manager.ListenerWD -- Location of element-->input
20:35:02.686 INFO  manager.ListenerWD -- Before click element-->inputtext-->
20:35:02.789 INFO  manager.ListenerWD -- After click element-->input
20:35:02.848 INFO  manager.ListenerWD -- SendKeys-->
20:35:02.857 INFO  manager.ListenerWD -- SendKeys_TagName-->input
20:35:02.916 INFO  manager.ListenerWD -- SendKeys-->
20:35:02.924 INFO  manager.ListenerWD -- SendKeys_TagName-->input
20:35:02.979 INFO  manager.ListenerWD -- SendKeys-->
20:35:02.988 INFO  manager.ListenerWD -- SendKeys_TagName-->input
20:35:03.055 INFO  manager.ListenerWD -- Before find element-->By.xpath: //input[@placeholder='Address']
20:35:03.074 INFO  manager.ListenerWD -- After find element-->By.xpath: //input[@placeholder='Address']
20:35:03.082 INFO  manager.ListenerWD -- Location of element-->input
20:35:03.104 INFO  manager.ListenerWD -- Before click element-->inputtext-->
20:35:03.210 INFO  manager.ListenerWD -- After click element-->input
20:35:03.267 INFO  manager.ListenerWD -- SendKeys-->
20:35:03.276 INFO  manager.ListenerWD -- SendKeys_TagName-->input
20:35:03.331 INFO  manager.ListenerWD -- SendKeys-->
20:35:03.339 INFO  manager.ListenerWD -- SendKeys_TagName-->input
20:35:03.395 INFO  manager.ListenerWD -- SendKeys-->
20:35:03.404 INFO  manager.ListenerWD -- SendKeys_TagName-->input
20:35:03.464 INFO  manager.ListenerWD -- Before find element-->By.xpath: //input[@placeholder='description']
20:35:03.483 INFO  manager.ListenerWD -- After find element-->By.xpath: //input[@placeholder='description']
20:35:03.493 INFO  manager.ListenerWD -- Location of element-->input
20:35:03.516 INFO  manager.ListenerWD -- Before click element-->inputtext-->
20:35:03.614 INFO  manager.ListenerWD -- After click element-->input
20:35:03.667 INFO  manager.ListenerWD -- SendKeys-->
20:35:03.676 INFO  manager.ListenerWD -- SendKeys_TagName-->input
20:35:03.733 INFO  manager.ListenerWD -- SendKeys-->
20:35:03.741 INFO  manager.ListenerWD -- SendKeys_TagName-->input
20:35:03.784 INFO  manager.ListenerWD -- Before find element-->By.cssSelector: .add_main__1tbl_ button
20:35:03.802 INFO  manager.ListenerWD -- After find element-->By.cssSelector: .add_main__1tbl_ button
20:35:03.811 INFO  manager.ListenerWD -- Location of element-->button
20:35:03.834 INFO  manager.ListenerWD -- Before click element-->buttontext-->Save
20:35:03.924 INFO  manager.ListenerWD -- After click element-->button
20:35:04.430 INFO  manager.ListenerWD -- Before find element-->By.cssSelector: a[href="/add"]
20:35:04.449 INFO  manager.ListenerWD -- After find element-->By.cssSelector: a[href="/add"]
20:35:04.459 INFO  manager.ListenerWD -- Location of element-->a
20:35:04.480 INFO  manager.ListenerWD -- Before click element-->atext-->ADD
20:35:04.585 INFO  manager.ListenerWD -- After click element-->a
20:35:04.586 INFO  manager.ListenerWD -- Before find element-->By.xpath: //input[@placeholder='Name']
20:35:04.610 INFO  manager.ListenerWD -- After find element-->By.xpath: //input[@placeholder='Name']
20:35:04.618 INFO  manager.ListenerWD -- Location of element-->input
20:35:04.641 INFO  manager.ListenerWD -- Before click element-->inputtext-->
20:35:04.750 INFO  manager.ListenerWD -- After click element-->input
20:35:04.811 INFO  manager.ListenerWD -- SendKeys-->
20:35:04.821 INFO  manager.ListenerWD -- SendKeys_TagName-->input
20:35:04.881 INFO  manager.ListenerWD -- SendKeys-->
20:35:04.891 INFO  manager.ListenerWD -- SendKeys_TagName-->input
20:35:04.946 INFO  manager.ListenerWD -- SendKeys-->
20:35:04.955 INFO  manager.ListenerWD -- SendKeys_TagName-->input
20:35:05.001 INFO  manager.ListenerWD -- Before find element-->By.xpath: //input[@placeholder='Last Name']
20:35:05.021 INFO  manager.ListenerWD -- After find element-->By.xpath: //input[@placeholder='Last Name']
20:35:05.030 INFO  manager.ListenerWD -- Location of element-->input
20:35:05.051 INFO  manager.ListenerWD -- Before click element-->inputtext-->
20:35:05.147 INFO  manager.ListenerWD -- After click element-->input
20:35:05.203 INFO  manager.ListenerWD -- SendKeys-->
20:35:05.211 INFO  manager.ListenerWD -- SendKeys_TagName-->input
20:35:05.267 INFO  manager.ListenerWD -- SendKeys-->
20:35:05.275 INFO  manager.ListenerWD -- SendKeys_TagName-->input
20:35:05.331 INFO  manager.ListenerWD -- SendKeys-->
20:35:05.340 INFO  manager.ListenerWD -- SendKeys_TagName-->input
20:35:05.392 INFO  manager.ListenerWD -- Before find element-->By.xpath: //input[@placeholder='Phone']
20:35:05.411 INFO  manager.ListenerWD -- After find element-->By.xpath: //input[@placeholder='Phone']
20:35:05.420 INFO  manager.ListenerWD -- Location of element-->input
20:35:05.440 INFO  manager.ListenerWD -- Before click element-->inputtext-->
20:35:05.539 INFO  manager.ListenerWD -- After click element-->input
20:35:05.597 INFO  manager.ListenerWD -- SendKeys-->
20:35:05.607 INFO  manager.ListenerWD -- SendKeys_TagName-->input
20:35:05.668 INFO  manager.ListenerWD -- SendKeys-->
20:35:05.676 INFO  manager.ListenerWD -- SendKeys_TagName-->input
20:35:05.733 INFO  manager.ListenerWD -- SendKeys-->
20:35:05.741 INFO  manager.ListenerWD -- SendKeys_TagName-->input
20:35:05.797 INFO  manager.ListenerWD -- Before find element-->By.xpath: //input[@placeholder='email']
20:35:05.824 INFO  manager.ListenerWD -- After find element-->By.xpath: //input[@placeholder='email']
20:35:05.834 INFO  manager.ListenerWD -- Location of element-->input
20:35:05.856 INFO  manager.ListenerWD -- Before click element-->inputtext-->
20:35:05.962 INFO  manager.ListenerWD -- After click element-->input
20:35:06.019 INFO  manager.ListenerWD -- SendKeys-->
20:35:06.028 INFO  manager.ListenerWD -- SendKeys_TagName-->input
20:35:06.083 INFO  manager.ListenerWD -- SendKeys-->
20:35:06.091 INFO  manager.ListenerWD -- SendKeys_TagName-->input
20:35:06.153 INFO  manager.ListenerWD -- SendKeys-->
20:35:06.164 INFO  manager.ListenerWD -- SendKeys_TagName-->input
20:35:06.228 INFO  manager.ListenerWD -- Before find element-->By.xpath: //input[@placeholder='Address']
20:35:06.251 INFO  manager.ListenerWD -- After find element-->By.xpath: //input[@placeholder='Address']
20:35:06.265 INFO  manager.ListenerWD -- Location of element-->input
20:35:06.291 INFO  manager.ListenerWD -- Before click element-->inputtext-->
20:35:06.392 INFO  manager.ListenerWD -- After click element-->input
20:35:06.452 INFO  manager.ListenerWD -- SendKeys-->
20:35:06.461 INFO  manager.ListenerWD -- SendKeys_TagName-->input
20:35:06.523 INFO  manager.ListenerWD -- SendKeys-->
20:35:06.534 INFO  manager.ListenerWD -- SendKeys_TagName-->input
20:35:06.591 INFO  manager.ListenerWD -- SendKeys-->
20:35:06.601 INFO  manager.ListenerWD -- SendKeys_TagName-->input
20:35:06.667 INFO  manager.ListenerWD -- Before find element-->By.xpath: //input[@placeholder='description']
20:35:06.686 INFO  manager.ListenerWD -- After find element-->By.xpath: //input[@placeholder='description']
20:35:06.697 INFO  manager.ListenerWD -- Location of element-->input
20:35:06.718 INFO  manager.ListenerWD -- Before click element-->inputtext-->
20:35:06.816 INFO  manager.ListenerWD -- After click element-->input
20:35:06.869 INFO  manager.ListenerWD -- SendKeys-->
20:35:06.878 INFO  manager.ListenerWD -- SendKeys_TagName-->input
20:35:06.929 INFO  manager.ListenerWD -- SendKeys-->
20:35:06.937 INFO  manager.ListenerWD -- SendKeys_TagName-->input
20:35:06.978 INFO  manager.ListenerWD -- Before find element-->By.cssSelector: .add_main__1tbl_ button
20:35:07.000 INFO  manager.ListenerWD -- After find element-->By.cssSelector: .add_main__1tbl_ button
20:35:07.009 INFO  manager.ListenerWD -- Location of element-->button
20:35:07.030 INFO  manager.ListenerWD -- Before click element-->buttontext-->Save
20:35:07.123 INFO  manager.ListenerWD -- After click element-->button
20:35:07.624 INFO  manager.TestNGListener -- Start test --> null
20:35:07.661 INFO  manager.HelperBase -- Number of Contacts before remove is -->4
20:35:07.662 INFO  manager.ListenerWD -- Before find element-->By.cssSelector: .contact-item_card__2SOIM
20:35:07.687 INFO  manager.ListenerWD -- After find element-->By.cssSelector: .contact-item_card__2SOIM
20:35:07.695 INFO  manager.ListenerWD -- Location of element-->div
20:35:07.723 INFO  manager.ListenerWD -- Before click element-->divtext-->Tony2093
05475672093
20:35:07.835 INFO  manager.ListenerWD -- After click element-->div
20:35:07.835 INFO  manager.ListenerWD -- Before find element-->By.xpath: //button[text()='Remove']
20:35:07.861 INFO  manager.ListenerWD -- After find element-->By.xpath: //button[text()='Remove']
20:35:07.870 INFO  manager.ListenerWD -- Location of element-->button
20:35:07.891 INFO  manager.ListenerWD -- Before click element-->buttontext-->Remove
20:35:07.991 INFO  manager.ListenerWD -- After click element-->button
20:35:09.021 INFO  manager.HelperBase -- Number of Contacts after remove is -->3
20:35:09.021 INFO  manager.TestNGListener -- Success test --> removeFirstContact
20:35:09.022 INFO  tests.TestBase -- ===============================================
20:35:09.023 INFO  manager.TestNGListener -- Stop testing on date -->Thu Jun 04 20:35:09 IDT 2026
