21:16:06.837 INFO  manager.ApplicationManager -- All tests runs in Chrome Browser
21:16:08.582 INFO  manager.ApplicationManager -- The link --->https://telranedu.web.app/home
21:16:08.614 INFO  manager.TestNGListener -- Start testing on date -->Mon Jun 01 21:16:08 IDT 2026
21:16:13.676 INFO  manager.ListenerWD -- Before find element-->By.cssSelector: a[href='/login']
21:16:13.740 INFO  manager.ListenerWD -- After find element-->By.cssSelector: a[href='/login']
21:16:13.752 INFO  manager.ListenerWD -- Location of element-->a
21:16:13.783 INFO  manager.ListenerWD -- Before click element-->atext-->LOGIN
21:16:13.958 INFO  manager.ListenerWD -- After click element-->a
21:16:13.960 INFO  manager.ListenerWD -- Before find element-->By.name: email
21:16:14.021 INFO  manager.ListenerWD -- After find element-->By.name: email
21:16:14.033 INFO  manager.ListenerWD -- Location of element-->input
21:16:14.054 INFO  manager.ListenerWD -- Before click element-->inputtext-->
21:16:14.164 INFO  manager.ListenerWD -- After click element-->input
21:16:14.247 INFO  manager.ListenerWD -- SendKeys-->
21:16:14.259 INFO  manager.ListenerWD -- SendKeys_TagName-->input
21:16:14.328 INFO  manager.ListenerWD -- SendKeys-->
21:16:14.343 INFO  manager.ListenerWD -- SendKeys_TagName-->input
21:16:14.406 INFO  manager.ListenerWD -- SendKeys-->
21:16:14.412 INFO  manager.ListenerWD -- SendKeys_TagName-->input
21:16:14.480 INFO  manager.ListenerWD -- Before find element-->By.xpath: //input[@placeholder='Password']
21:16:14.519 INFO  manager.ListenerWD -- After find element-->By.xpath: //input[@placeholder='Password']
21:16:14.535 INFO  manager.ListenerWD -- Location of element-->input
21:16:14.567 INFO  manager.ListenerWD -- Before click element-->inputtext-->
21:16:14.675 INFO  manager.ListenerWD -- After click element-->input
21:16:14.730 INFO  manager.ListenerWD -- SendKeys-->
21:16:14.734 INFO  manager.ListenerWD -- SendKeys_TagName-->input
21:16:14.798 INFO  manager.ListenerWD -- SendKeys-->
21:16:14.804 INFO  manager.ListenerWD -- SendKeys_TagName-->input
21:16:14.866 INFO  manager.ListenerWD -- SendKeys-->
21:16:14.870 INFO  manager.ListenerWD -- SendKeys_TagName-->input
21:16:14.938 INFO  manager.ListenerWD -- Before find element-->By.xpath: //button[text()='Login']
21:16:14.977 INFO  manager.ListenerWD -- After find element-->By.xpath: //button[text()='Login']
21:16:14.983 INFO  manager.ListenerWD -- Location of element-->button
21:16:15.009 INFO  manager.ListenerWD -- Before click element-->buttontext-->Login
21:16:15.158 INFO  tests.TestBase -- Before method finished login
21:16:15.184 INFO  tests.TestBase -- Name of method (test) ---> addContactSuccessAllFieldsCSV
21:16:15.201 INFO  manager.TestNGListener -- Start test --> null
21:16:15.211 INFO  tests.TestBase -- Tests run with data: --->Contact(name=Harry, lastName=Potter, phone=056321478411, email=harry@gmail.com, address=Haifa, description=friend)
21:16:15.211 INFO  manager.ListenerWD -- Before find element-->By.cssSelector: a[href="/add"]
21:16:16.153 INFO  manager.ListenerWD -- After find element-->By.cssSelector: a[href="/add"]
21:16:16.153 INFO  manager.ListenerWD -- Location of element-->a
21:16:16.185 INFO  manager.ListenerWD -- Before click element-->atext-->ADD
21:16:16.309 INFO  manager.ListenerWD -- After click element-->a
21:16:16.310 INFO  manager.ListenerWD -- Before find element-->By.xpath: //input[@placeholder='Name']
21:16:16.356 INFO  manager.ListenerWD -- After find element-->By.xpath: //input[@placeholder='Name']
21:16:16.356 INFO  manager.ListenerWD -- Location of element-->input
21:16:16.393 INFO  manager.ListenerWD -- Before click element-->inputtext-->
21:16:16.513 INFO  manager.ListenerWD -- After click element-->input
21:16:16.573 INFO  manager.ListenerWD -- SendKeys-->
21:16:16.584 INFO  manager.ListenerWD -- SendKeys_TagName-->input
21:16:16.650 INFO  manager.ListenerWD -- SendKeys-->
21:16:16.659 INFO  manager.ListenerWD -- SendKeys_TagName-->input
21:16:16.719 INFO  manager.ListenerWD -- SendKeys-->
21:16:16.723 INFO  manager.ListenerWD -- SendKeys_TagName-->input
21:16:16.777 INFO  manager.ListenerWD -- Before find element-->By.xpath: //input[@placeholder='Last Name']
21:16:16.809 INFO  manager.ListenerWD -- After find element-->By.xpath: //input[@placeholder='Last Name']
21:16:16.819 INFO  manager.ListenerWD -- Location of element-->input
21:16:16.843 INFO  manager.ListenerWD -- Before click element-->inputtext-->
21:16:16.974 INFO  manager.ListenerWD -- After click element-->input
21:16:17.041 INFO  manager.ListenerWD -- SendKeys-->
21:16:17.053 INFO  manager.ListenerWD -- SendKeys_TagName-->input
21:16:17.114 INFO  manager.ListenerWD -- SendKeys-->
21:16:17.124 INFO  manager.ListenerWD -- SendKeys_TagName-->input
21:16:17.182 INFO  manager.ListenerWD -- SendKeys-->
21:16:17.187 INFO  manager.ListenerWD -- SendKeys_TagName-->input
21:16:17.246 INFO  manager.ListenerWD -- Before find element-->By.xpath: //input[@placeholder='Phone']
21:16:17.287 INFO  manager.ListenerWD -- After find element-->By.xpath: //input[@placeholder='Phone']
21:16:17.287 INFO  manager.ListenerWD -- Location of element-->input
21:16:17.323 INFO  manager.ListenerWD -- Before click element-->inputtext-->
21:16:17.438 INFO  manager.ListenerWD -- After click element-->input
21:16:17.503 INFO  manager.ListenerWD -- SendKeys-->
21:16:17.513 INFO  manager.ListenerWD -- SendKeys_TagName-->input
21:16:17.577 INFO  manager.ListenerWD -- SendKeys-->
21:16:17.578 INFO  manager.ListenerWD -- SendKeys_TagName-->input
21:16:17.650 INFO  manager.ListenerWD -- SendKeys-->
21:16:17.653 INFO  manager.ListenerWD -- SendKeys_TagName-->input
21:16:17.720 INFO  manager.ListenerWD -- Before find element-->By.xpath: //input[@placeholder='email']
21:16:17.764 INFO  manager.ListenerWD -- After find element-->By.xpath: //input[@placeholder='email']
21:16:17.776 INFO  manager.ListenerWD -- Location of element-->input
21:16:17.799 INFO  manager.ListenerWD -- Before click element-->inputtext-->
21:16:17.906 INFO  manager.ListenerWD -- After click element-->input
21:16:17.960 INFO  manager.ListenerWD -- SendKeys-->
21:16:17.967 INFO  manager.ListenerWD -- SendKeys_TagName-->input
21:16:18.034 INFO  manager.ListenerWD -- SendKeys-->
21:16:18.041 INFO  manager.ListenerWD -- SendKeys_TagName-->input
21:16:18.105 INFO  manager.ListenerWD -- SendKeys-->
21:16:18.111 INFO  manager.ListenerWD -- SendKeys_TagName-->input
21:16:18.172 INFO  manager.ListenerWD -- Before find element-->By.xpath: //input[@placeholder='Address']
21:16:18.211 INFO  manager.ListenerWD -- After find element-->By.xpath: //input[@placeholder='Address']
21:16:18.211 INFO  manager.ListenerWD -- Location of element-->input
21:16:18.248 INFO  manager.ListenerWD -- Before click element-->inputtext-->
21:16:18.365 INFO  manager.ListenerWD -- After click element-->input
21:16:18.428 INFO  manager.ListenerWD -- SendKeys-->
21:16:18.440 INFO  manager.ListenerWD -- SendKeys_TagName-->input
21:16:18.503 INFO  manager.ListenerWD -- SendKeys-->
21:16:18.511 INFO  manager.ListenerWD -- SendKeys_TagName-->input
21:16:18.567 INFO  manager.ListenerWD -- SendKeys-->
21:16:18.578 INFO  manager.ListenerWD -- SendKeys_TagName-->input
21:16:18.627 INFO  manager.ListenerWD -- Before find element-->By.xpath: //input[@placeholder='description']
21:16:18.660 INFO  manager.ListenerWD -- After find element-->By.xpath: //input[@placeholder='description']
21:16:18.660 INFO  manager.ListenerWD -- Location of element-->input
21:16:18.692 INFO  manager.ListenerWD -- Before click element-->inputtext-->
21:16:18.804 INFO  manager.ListenerWD -- After click element-->input
21:16:18.843 INFO  manager.ListenerWD -- SendKeys-->
21:16:18.859 INFO  manager.ListenerWD -- SendKeys_TagName-->input
21:16:18.934 INFO  manager.ListenerWD -- SendKeys-->
21:16:18.936 INFO  manager.ListenerWD -- SendKeys_TagName-->input
21:16:19.005 INFO  manager.ListenerWD -- SendKeys-->
21:16:19.015 INFO  manager.ListenerWD -- SendKeys_TagName-->input
21:16:19.565 INFO  manager.TestNGListener -- Failure test --> null
21:16:19.565 INFO  tests.TestBase -- ===============================================
21:16:19.581 INFO  tests.TestBase -- Name of method (test) ---> addContactSuccessAllFieldsCSV
21:16:19.581 INFO  manager.TestNGListener -- Start test --> null
21:16:19.581 INFO  tests.TestBase -- Tests run with data: --->Contact(name=John, lastName=Lev, phone=0512365410, email=john@lev.com, address=Tel Aviv, description=friend)
21:16:19.581 INFO  manager.ListenerWD -- Before find element-->By.cssSelector: a[href="/add"]
21:16:19.619 INFO  manager.ListenerWD -- After find element-->By.cssSelector: a[href="/add"]
21:16:19.635 INFO  manager.ListenerWD -- Location of element-->a
21:16:19.665 INFO  manager.ListenerWD -- Before click element-->atext-->ADD
21:16:19.793 INFO  manager.ListenerWD -- After click element-->a
21:16:19.793 INFO  manager.ListenerWD -- Before find element-->By.xpath: //input[@placeholder='Name']
21:16:19.823 INFO  manager.ListenerWD -- After find element-->By.xpath: //input[@placeholder='Name']
21:16:19.834 INFO  manager.ListenerWD -- Location of element-->input
21:16:19.864 INFO  manager.ListenerWD -- Before click element-->inputtext-->
21:16:19.974 INFO  manager.ListenerWD -- After click element-->input
21:16:20.034 INFO  manager.ListenerWD -- SendKeys-->
21:16:20.044 INFO  manager.ListenerWD -- SendKeys_TagName-->input
21:16:20.137 INFO  manager.ListenerWD -- SendKeys-->
21:16:20.144 INFO  manager.ListenerWD -- SendKeys_TagName-->input
21:16:20.202 INFO  manager.ListenerWD -- SendKeys-->
21:16:20.206 INFO  manager.ListenerWD -- SendKeys_TagName-->input
21:16:20.254 INFO  manager.ListenerWD -- Before find element-->By.xpath: //input[@placeholder='Last Name']
21:16:20.277 INFO  manager.ListenerWD -- After find element-->By.xpath: //input[@placeholder='Last Name']
21:16:20.277 INFO  manager.ListenerWD -- Location of element-->input
21:16:20.309 INFO  manager.ListenerWD -- Before click element-->inputtext-->
21:16:20.404 INFO  manager.ListenerWD -- After click element-->input
21:16:20.471 INFO  manager.ListenerWD -- SendKeys-->
21:16:20.478 INFO  manager.ListenerWD -- SendKeys_TagName-->input
21:16:20.573 INFO  manager.ListenerWD -- SendKeys-->
21:16:20.582 INFO  manager.ListenerWD -- SendKeys_TagName-->input
21:16:20.638 INFO  manager.ListenerWD -- SendKeys-->
21:16:20.648 INFO  manager.ListenerWD -- SendKeys_TagName-->input
21:16:20.689 INFO  manager.ListenerWD -- Before find element-->By.xpath: //input[@placeholder='Phone']
21:16:20.711 INFO  manager.ListenerWD -- After find element-->By.xpath: //input[@placeholder='Phone']
21:16:20.729 INFO  manager.ListenerWD -- Location of element-->input
21:16:20.743 INFO  manager.ListenerWD -- Before click element-->inputtext-->
21:16:20.851 INFO  manager.ListenerWD -- After click element-->input
21:16:20.909 INFO  manager.ListenerWD -- SendKeys-->
21:16:20.918 INFO  manager.ListenerWD -- SendKeys_TagName-->input
21:16:21.017 INFO  manager.ListenerWD -- SendKeys-->
21:16:21.028 INFO  manager.ListenerWD -- SendKeys_TagName-->input
21:16:21.085 INFO  manager.ListenerWD -- SendKeys-->
21:16:21.094 INFO  manager.ListenerWD -- SendKeys_TagName-->input
21:16:21.155 INFO  manager.ListenerWD -- Before find element-->By.xpath: //input[@placeholder='email']
21:16:21.190 INFO  manager.ListenerWD -- After find element-->By.xpath: //input[@placeholder='email']
21:16:21.200 INFO  manager.ListenerWD -- Location of element-->input
21:16:21.227 INFO  manager.ListenerWD -- Before click element-->inputtext-->
21:16:21.330 INFO  manager.ListenerWD -- After click element-->input
21:16:21.428 INFO  manager.ListenerWD -- SendKeys-->
21:16:21.428 INFO  manager.ListenerWD -- SendKeys_TagName-->input
21:16:21.558 INFO  manager.ListenerWD -- SendKeys-->
21:16:21.567 INFO  manager.ListenerWD -- SendKeys_TagName-->input
21:16:21.635 INFO  manager.ListenerWD -- SendKeys-->
21:16:21.647 INFO  manager.ListenerWD -- SendKeys_TagName-->input
21:16:21.753 INFO  manager.ListenerWD -- Before find element-->By.xpath: //input[@placeholder='Address']
21:16:21.805 INFO  manager.ListenerWD -- After find element-->By.xpath: //input[@placeholder='Address']
21:16:21.823 INFO  manager.ListenerWD -- Location of element-->input
21:16:21.882 INFO  manager.ListenerWD -- Before click element-->inputtext-->
21:16:22.188 INFO  manager.ListenerWD -- After click element-->input
21:16:22.260 INFO  manager.ListenerWD -- SendKeys-->
21:16:22.271 INFO  manager.ListenerWD -- SendKeys_TagName-->input
21:16:22.377 INFO  manager.ListenerWD -- SendKeys-->
21:16:22.386 INFO  manager.ListenerWD -- SendKeys_TagName-->input
21:16:22.447 INFO  manager.ListenerWD -- SendKeys-->
21:16:22.454 INFO  manager.ListenerWD -- SendKeys_TagName-->input
21:16:22.517 INFO  manager.ListenerWD -- Before find element-->By.xpath: //input[@placeholder='description']
21:16:22.547 INFO  manager.ListenerWD -- After find element-->By.xpath: //input[@placeholder='description']
21:16:22.557 INFO  manager.ListenerWD -- Location of element-->input
21:16:22.567 INFO  manager.ListenerWD -- Before click element-->inputtext-->
21:16:22.675 INFO  manager.ListenerWD -- After click element-->input
21:16:22.744 INFO  manager.ListenerWD -- SendKeys-->
21:16:22.752 INFO  manager.ListenerWD -- SendKeys_TagName-->input
21:16:22.846 INFO  manager.ListenerWD -- SendKeys-->
21:16:22.852 INFO  manager.ListenerWD -- SendKeys_TagName-->input
21:16:22.918 INFO  manager.ListenerWD -- SendKeys-->
21:16:22.918 INFO  manager.ListenerWD -- SendKeys_TagName-->input
21:16:23.407 INFO  manager.TestNGListener -- Failure test --> null
21:16:23.408 INFO  tests.TestBase -- ===============================================
21:16:23.410 INFO  tests.TestBase -- Name of method (test) ---> addContactSuccessAllFieldsCSV
21:16:23.410 INFO  manager.TestNGListener -- Start test --> null
21:16:23.410 INFO  tests.TestBase -- Tests run with data: --->Contact(name=Tonya, lastName=Fisher, phone=0512000147, email=tonya@mail.com, address=Almaty, description=ahot)
21:16:23.410 INFO  manager.ListenerWD -- Before find element-->By.cssSelector: a[href="/add"]
21:16:23.448 INFO  manager.ListenerWD -- After find element-->By.cssSelector: a[href="/add"]
21:16:23.459 INFO  manager.ListenerWD -- Location of element-->a
21:16:23.485 INFO  manager.ListenerWD -- Before click element-->atext-->ADD
21:16:23.619 INFO  manager.ListenerWD -- After click element-->a
21:16:23.620 INFO  manager.ListenerWD -- Before find element-->By.xpath: //input[@placeholder='Name']
21:16:23.646 INFO  manager.ListenerWD -- After find element-->By.xpath: //input[@placeholder='Name']
21:16:23.658 INFO  manager.ListenerWD -- Location of element-->input
21:16:23.682 INFO  manager.ListenerWD -- Before click element-->inputtext-->
21:16:23.805 INFO  manager.ListenerWD -- After click element-->input
21:16:23.874 INFO  manager.ListenerWD -- SendKeys-->
21:16:23.884 INFO  manager.ListenerWD -- SendKeys_TagName-->input
21:16:23.996 INFO  manager.ListenerWD -- SendKeys-->
21:16:24.002 INFO  manager.ListenerWD -- SendKeys_TagName-->input
21:16:24.072 INFO  manager.ListenerWD -- SendKeys-->
21:16:24.083 INFO  manager.ListenerWD -- SendKeys_TagName-->input
21:16:24.137 INFO  manager.ListenerWD -- Before find element-->By.xpath: //input[@placeholder='Last Name']
21:16:24.169 INFO  manager.ListenerWD -- After find element-->By.xpath: //input[@placeholder='Last Name']
21:16:24.180 INFO  manager.ListenerWD -- Location of element-->input
21:16:24.204 INFO  manager.ListenerWD -- Before click element-->inputtext-->
21:16:24.326 INFO  manager.ListenerWD -- After click element-->input
21:16:24.389 INFO  manager.ListenerWD -- SendKeys-->
21:16:24.393 INFO  manager.ListenerWD -- SendKeys_TagName-->input
21:16:24.483 INFO  manager.ListenerWD -- SendKeys-->
21:16:24.485 INFO  manager.ListenerWD -- SendKeys_TagName-->input
21:16:24.547 INFO  manager.ListenerWD -- SendKeys-->
21:16:24.552 INFO  manager.ListenerWD -- SendKeys_TagName-->input
21:16:24.604 INFO  manager.ListenerWD -- Before find element-->By.xpath: //input[@placeholder='Phone']
21:16:24.627 INFO  manager.ListenerWD -- After find element-->By.xpath: //input[@placeholder='Phone']
21:16:24.645 INFO  manager.ListenerWD -- Location of element-->input
21:16:24.664 INFO  manager.ListenerWD -- Before click element-->inputtext-->
21:16:24.766 INFO  manager.ListenerWD -- After click element-->input
21:16:24.826 INFO  manager.ListenerWD -- SendKeys-->
21:16:24.834 INFO  manager.ListenerWD -- SendKeys_TagName-->input
21:16:24.916 INFO  manager.ListenerWD -- SendKeys-->
21:16:24.918 INFO  manager.ListenerWD -- SendKeys_TagName-->input
21:16:24.986 INFO  manager.ListenerWD -- SendKeys-->
21:16:24.994 INFO  manager.ListenerWD -- SendKeys_TagName-->input
21:16:25.056 INFO  manager.ListenerWD -- Before find element-->By.xpath: //input[@placeholder='email']
21:16:25.085 INFO  manager.ListenerWD -- After find element-->By.xpath: //input[@placeholder='email']
21:16:25.093 INFO  manager.ListenerWD -- Location of element-->input
21:16:25.119 INFO  manager.ListenerWD -- Before click element-->inputtext-->
21:16:25.225 INFO  manager.ListenerWD -- After click element-->input
21:16:25.283 INFO  manager.ListenerWD -- SendKeys-->
21:16:25.291 INFO  manager.ListenerWD -- SendKeys_TagName-->input
21:16:25.391 INFO  manager.ListenerWD -- SendKeys-->
21:16:25.399 INFO  manager.ListenerWD -- SendKeys_TagName-->input
21:16:25.462 INFO  manager.ListenerWD -- SendKeys-->
21:16:25.472 INFO  manager.ListenerWD -- SendKeys_TagName-->input
21:16:25.539 INFO  manager.ListenerWD -- Before find element-->By.xpath: //input[@placeholder='Address']
21:16:25.573 INFO  manager.ListenerWD -- After find element-->By.xpath: //input[@placeholder='Address']
21:16:25.578 INFO  manager.ListenerWD -- Location of element-->input
21:16:25.606 INFO  manager.ListenerWD -- Before click element-->inputtext-->
21:16:25.725 INFO  manager.ListenerWD -- After click element-->input
21:16:25.789 INFO  manager.ListenerWD -- SendKeys-->
21:16:25.798 INFO  manager.ListenerWD -- SendKeys_TagName-->input
21:16:25.893 INFO  manager.ListenerWD -- SendKeys-->
21:16:25.902 INFO  manager.ListenerWD -- SendKeys_TagName-->input
21:16:25.968 INFO  manager.ListenerWD -- SendKeys-->
21:16:25.979 INFO  manager.ListenerWD -- SendKeys_TagName-->input
21:16:26.038 INFO  manager.ListenerWD -- Before find element-->By.xpath: //input[@placeholder='description']
21:16:26.060 INFO  manager.ListenerWD -- After find element-->By.xpath: //input[@placeholder='description']
21:16:26.067 INFO  manager.ListenerWD -- Location of element-->input
21:16:26.097 INFO  manager.ListenerWD -- Before click element-->inputtext-->
21:16:26.212 INFO  manager.ListenerWD -- After click element-->input
21:16:26.283 INFO  manager.ListenerWD -- SendKeys-->
21:16:26.294 INFO  manager.ListenerWD -- SendKeys_TagName-->input
21:16:26.391 INFO  manager.ListenerWD -- SendKeys-->
21:16:26.400 INFO  manager.ListenerWD -- SendKeys_TagName-->input
21:16:26.463 INFO  manager.ListenerWD -- SendKeys-->
21:16:26.472 INFO  manager.ListenerWD -- SendKeys_TagName-->input
21:16:26.926 INFO  manager.TestNGListener -- Failure test --> null
21:16:26.926 INFO  tests.TestBase -- ===============================================
21:16:26.932 INFO  manager.TestNGListener -- Stop testing on date -->Mon Jun 01 21:16:26 IDT 2026
