20:30:44.902 INFO  manager.ApplicationManager -- All tests runs in Chrome Browser
20:30:46.538 INFO  manager.ApplicationManager -- The link --->https://telranedu.web.app/home
20:30:46.582 INFO  manager.TestNGListener -- Start testing on date -->Mon May 25 20:30:46 IDT 2026
20:30:46.638 INFO  tests.TestBase -- Name of method (test) ---> loginSuccess
20:30:51.693 INFO  manager.TestNGListener -- Start test --> null
20:30:51.694 INFO  tests.TestBase -- Start test with name 'loginSuccess'
20:30:51.696 INFO  tests.TestBase -- Test data ---> email: 'art276@art.com' & password: '$Art1$2$3456789'
20:30:51.697 INFO  manager.ListenerWD -- Before find element-->By.cssSelector: a[href='/login']
20:30:51.757 INFO  manager.ListenerWD -- After find element-->By.cssSelector: a[href='/login']
20:30:51.772 INFO  manager.ListenerWD -- Location of element-->a
20:30:51.807 INFO  manager.ListenerWD -- Before click element-->atext-->LOGIN
20:30:51.954 INFO  manager.ListenerWD -- After click element-->a
20:30:51.956 INFO  manager.ListenerWD -- Before find element-->By.name: email
20:30:52.019 INFO  manager.ListenerWD -- After find element-->By.name: email
20:30:52.033 INFO  manager.ListenerWD -- Location of element-->input
20:30:52.060 INFO  manager.ListenerWD -- Before click element-->inputtext-->
20:30:52.180 INFO  manager.ListenerWD -- After click element-->input
20:30:52.262 INFO  manager.ListenerWD -- SendKeys-->
20:30:52.279 INFO  manager.ListenerWD -- SendKeys_TagName-->input
20:30:52.366 INFO  manager.ListenerWD -- SendKeys-->
20:30:52.380 INFO  manager.ListenerWD -- SendKeys_TagName-->input
20:30:52.450 INFO  manager.ListenerWD -- SendKeys-->
20:30:52.462 INFO  manager.ListenerWD -- SendKeys_TagName-->input
20:30:52.540 INFO  manager.ListenerWD -- Before find element-->By.xpath: //input[@placeholder='Password']
20:30:52.595 INFO  manager.ListenerWD -- After find element-->By.xpath: //input[@placeholder='Password']
20:30:52.606 INFO  manager.ListenerWD -- Location of element-->input
20:30:52.633 INFO  manager.ListenerWD -- Before click element-->inputtext-->
20:30:52.748 INFO  manager.ListenerWD -- After click element-->input
20:30:52.806 INFO  manager.ListenerWD -- SendKeys-->
20:30:52.817 INFO  manager.ListenerWD -- SendKeys_TagName-->input
20:30:52.880 INFO  manager.ListenerWD -- SendKeys-->
20:30:52.889 INFO  manager.ListenerWD -- SendKeys_TagName-->input
20:30:52.952 INFO  manager.ListenerWD -- SendKeys-->
20:30:52.962 INFO  manager.ListenerWD -- SendKeys_TagName-->input
20:30:53.047 INFO  manager.ListenerWD -- Before find element-->By.xpath: //button[text()='Login']
20:30:53.100 INFO  manager.ListenerWD -- After find element-->By.xpath: //button[text()='Login']
20:30:53.112 INFO  manager.ListenerWD -- Location of element-->button
20:30:53.137 INFO  manager.ListenerWD -- Before click element-->buttontext-->Login
20:30:54.214 INFO  tests.TestBase -- Assert check is element button 'Sign out' present
20:30:54.218 INFO  manager.TestNGListener -- Success test --> null
20:30:54.220 INFO  tests.TestBase -- ===============================================
20:30:54.226 INFO  tests.TestBase -- Name of method (test) ---> loginSuccess1
20:30:54.264 INFO  manager.ListenerWD -- Before find element-->By.xpath: //button[text()='Sign Out']
20:30:54.306 INFO  manager.ListenerWD -- After find element-->By.xpath: //button[text()='Sign Out']
20:30:54.317 INFO  manager.ListenerWD -- Location of element-->button
20:30:54.342 INFO  manager.ListenerWD -- Before click element-->buttontext-->Sign Out
20:30:54.480 INFO  tests.TestBase -- Before method finished logout
20:30:54.481 INFO  manager.TestNGListener -- Start test --> null
20:30:54.485 INFO  manager.ListenerWD -- Before find element-->By.cssSelector: a[href='/login']
20:30:54.520 INFO  manager.ListenerWD -- After find element-->By.cssSelector: a[href='/login']
20:30:54.532 INFO  manager.ListenerWD -- Location of element-->a
20:30:54.564 INFO  manager.ListenerWD -- Before click element-->atext-->LOGIN
20:30:54.680 INFO  manager.ListenerWD -- After click element-->a
20:30:54.680 INFO  manager.ListenerWD -- Before find element-->By.name: email
20:30:54.712 INFO  manager.ListenerWD -- After find element-->By.name: email
20:30:54.722 INFO  manager.ListenerWD -- Location of element-->input
20:30:54.747 INFO  manager.ListenerWD -- Before click element-->inputtext-->
20:30:54.883 INFO  manager.ListenerWD -- After click element-->input
20:30:54.945 INFO  manager.ListenerWD -- SendKeys-->
20:30:54.955 INFO  manager.ListenerWD -- SendKeys_TagName-->input
20:30:55.020 INFO  manager.ListenerWD -- SendKeys-->
20:30:55.030 INFO  manager.ListenerWD -- SendKeys_TagName-->input
20:30:55.110 INFO  manager.ListenerWD -- SendKeys-->
20:30:55.124 INFO  manager.ListenerWD -- SendKeys_TagName-->input
20:30:55.210 INFO  manager.ListenerWD -- Before find element-->By.xpath: //input[@placeholder='Password']
20:30:55.248 INFO  manager.ListenerWD -- After find element-->By.xpath: //input[@placeholder='Password']
20:30:55.262 INFO  manager.ListenerWD -- Location of element-->input
20:30:55.298 INFO  manager.ListenerWD -- Before click element-->inputtext-->
20:30:55.430 INFO  manager.ListenerWD -- After click element-->input
20:30:55.487 INFO  manager.ListenerWD -- SendKeys-->
20:30:55.496 INFO  manager.ListenerWD -- SendKeys_TagName-->input
20:30:55.554 INFO  manager.ListenerWD -- SendKeys-->
20:30:55.564 INFO  manager.ListenerWD -- SendKeys_TagName-->input
20:30:55.623 INFO  manager.ListenerWD -- SendKeys-->
20:30:55.634 INFO  manager.ListenerWD -- SendKeys_TagName-->input
20:30:55.696 INFO  manager.ListenerWD -- Before find element-->By.xpath: //button[text()='Login']
20:30:55.727 INFO  manager.ListenerWD -- After find element-->By.xpath: //button[text()='Login']
20:30:55.738 INFO  manager.ListenerWD -- Location of element-->button
20:30:55.770 INFO  manager.ListenerWD -- Before click element-->buttontext-->Login
20:30:56.177 INFO  manager.TestNGListener -- Success test --> null
20:30:56.178 INFO  tests.TestBase -- ===============================================
20:30:56.182 INFO  tests.TestBase -- Name of method (test) ---> loginSuccessModel
20:30:56.214 INFO  manager.ListenerWD -- Before find element-->By.xpath: //button[text()='Sign Out']
20:30:56.246 INFO  manager.ListenerWD -- After find element-->By.xpath: //button[text()='Sign Out']
20:30:56.257 INFO  manager.ListenerWD -- Location of element-->button
20:30:56.280 INFO  manager.ListenerWD -- Before click element-->buttontext-->Sign Out
20:30:56.404 INFO  tests.TestBase -- Before method finished logout
20:30:56.406 INFO  manager.TestNGListener -- Start test --> null
20:30:56.406 INFO  tests.TestBase -- Test data ---> email: 'art276@art.com' & password: '$Art1$2$3456789'
20:30:56.407 INFO  manager.ListenerWD -- Before find element-->By.cssSelector: a[href='/login']
20:30:56.445 INFO  manager.ListenerWD -- After find element-->By.cssSelector: a[href='/login']
20:30:56.457 INFO  manager.ListenerWD -- Location of element-->a
20:30:56.495 INFO  manager.ListenerWD -- Before click element-->atext-->LOGIN
20:30:56.628 INFO  manager.ListenerWD -- After click element-->a
20:30:56.628 INFO  manager.ListenerWD -- Before find element-->By.name: email
20:30:56.657 INFO  manager.ListenerWD -- After find element-->By.name: email
20:30:56.668 INFO  manager.ListenerWD -- Location of element-->input
20:30:56.694 INFO  manager.ListenerWD -- Before click element-->inputtext-->
20:30:56.827 INFO  manager.ListenerWD -- After click element-->input
20:30:56.885 INFO  manager.ListenerWD -- SendKeys-->
20:30:56.894 INFO  manager.ListenerWD -- SendKeys_TagName-->input
20:30:56.951 INFO  manager.ListenerWD -- SendKeys-->
20:30:56.961 INFO  manager.ListenerWD -- SendKeys_TagName-->input
20:30:57.021 INFO  manager.ListenerWD -- SendKeys-->
20:30:57.032 INFO  manager.ListenerWD -- SendKeys_TagName-->input
20:30:57.102 INFO  manager.ListenerWD -- Before find element-->By.xpath: //input[@placeholder='Password']
20:30:57.132 INFO  manager.ListenerWD -- After find element-->By.xpath: //input[@placeholder='Password']
20:30:57.146 INFO  manager.ListenerWD -- Location of element-->input
20:30:57.169 INFO  manager.ListenerWD -- Before click element-->inputtext-->
20:30:57.306 INFO  manager.ListenerWD -- After click element-->input
20:30:57.362 INFO  manager.ListenerWD -- SendKeys-->
20:30:57.371 INFO  manager.ListenerWD -- SendKeys_TagName-->input
20:30:57.432 INFO  manager.ListenerWD -- SendKeys-->
20:30:57.442 INFO  manager.ListenerWD -- SendKeys_TagName-->input
20:30:57.503 INFO  manager.ListenerWD -- SendKeys-->
20:30:57.515 INFO  manager.ListenerWD -- SendKeys_TagName-->input
20:30:57.580 INFO  manager.ListenerWD -- Before find element-->By.xpath: //button[text()='Login']
20:30:57.612 INFO  manager.ListenerWD -- After find element-->By.xpath: //button[text()='Login']
20:30:57.630 INFO  manager.ListenerWD -- Location of element-->button
20:30:57.656 INFO  manager.ListenerWD -- Before click element-->buttontext-->Login
20:30:58.047 INFO  tests.TestBase -- Assert check is element button 'Sign out' present
20:30:58.048 INFO  manager.TestNGListener -- Success test --> null
20:30:58.052 INFO  tests.TestBase -- ===============================================
20:30:58.056 INFO  tests.TestBase -- Name of method (test) ---> loginUnregisteredUser
20:30:58.089 INFO  manager.ListenerWD -- Before find element-->By.xpath: //button[text()='Sign Out']
20:30:58.114 INFO  manager.ListenerWD -- After find element-->By.xpath: //button[text()='Sign Out']
20:30:58.125 INFO  manager.ListenerWD -- Location of element-->button
20:30:58.148 INFO  manager.ListenerWD -- Before click element-->buttontext-->Sign Out
20:30:58.272 INFO  tests.TestBase -- Before method finished logout
20:30:58.275 INFO  manager.TestNGListener -- Start test --> null
20:30:58.276 INFO  tests.TestBase -- Test data ---> email: 'moreg@gmail.com' & password: 'Mmar123456$'
20:30:58.277 INFO  manager.ListenerWD -- Before find element-->By.cssSelector: a[href='/login']
20:30:58.311 INFO  manager.ListenerWD -- After find element-->By.cssSelector: a[href='/login']
20:30:58.323 INFO  manager.ListenerWD -- Location of element-->a
20:30:58.351 INFO  manager.ListenerWD -- Before click element-->atext-->LOGIN
20:30:58.452 INFO  manager.ListenerWD -- After click element-->a
20:30:58.452 INFO  manager.ListenerWD -- Before find element-->By.name: email
20:30:58.476 INFO  manager.ListenerWD -- After find element-->By.name: email
20:30:58.486 INFO  manager.ListenerWD -- Location of element-->input
20:30:58.510 INFO  manager.ListenerWD -- Before click element-->inputtext-->
20:30:58.648 INFO  manager.ListenerWD -- After click element-->input
20:30:58.703 INFO  manager.ListenerWD -- SendKeys-->
20:30:58.713 INFO  manager.ListenerWD -- SendKeys_TagName-->input
20:30:58.778 INFO  manager.ListenerWD -- SendKeys-->
20:30:58.788 INFO  manager.ListenerWD -- SendKeys_TagName-->input
20:30:58.853 INFO  manager.ListenerWD -- SendKeys-->
20:30:58.867 INFO  manager.ListenerWD -- SendKeys_TagName-->input
20:30:58.958 INFO  manager.ListenerWD -- Before find element-->By.xpath: //input[@placeholder='Password']
20:30:58.994 INFO  manager.ListenerWD -- After find element-->By.xpath: //input[@placeholder='Password']
20:30:59.004 INFO  manager.ListenerWD -- Location of element-->input
20:30:59.031 INFO  manager.ListenerWD -- Before click element-->inputtext-->
20:30:59.172 INFO  manager.ListenerWD -- After click element-->input
20:30:59.228 INFO  manager.ListenerWD -- SendKeys-->
20:30:59.238 INFO  manager.ListenerWD -- SendKeys_TagName-->input
20:30:59.295 INFO  manager.ListenerWD -- SendKeys-->
20:30:59.307 INFO  manager.ListenerWD -- SendKeys_TagName-->input
20:30:59.389 INFO  manager.ListenerWD -- SendKeys-->
20:30:59.405 INFO  manager.ListenerWD -- SendKeys_TagName-->input
20:30:59.549 INFO  manager.ListenerWD -- Before find element-->By.xpath: //button[text()='Login']
20:30:59.606 INFO  manager.ListenerWD -- After find element-->By.xpath: //button[text()='Login']
20:30:59.620 INFO  manager.ListenerWD -- Location of element-->button
20:30:59.660 INFO  manager.ListenerWD -- Before click element-->buttontext-->Login
20:30:59.937 INFO  manager.ListenerWD -- Huston, we have a problem
20:30:59.941 INFO  manager.ListenerWD -- Failed method:alert
20:30:59.941 INFO  manager.ListenerWD -- **************************************
20:30:59.942 INFO  manager.ListenerWD -- Arguments:null
20:30:59.945 INFO  manager.ListenerWD -- **************************************
20:30:59.946 INFO  manager.ListenerWD -- Exception:NoAlertPresentException
20:30:59.950 INFO  manager.ListenerWD -- **************************************
20:30:59.950 INFO  manager.ListenerWD -- Message:no such alert
  (Session info: chrome=148.0.7778.179)
Build info: version: '4.26.0', revision: '8ccf0219d7'
System info: os.name: 'Windows 11', os.arch: 'amd64', os.version: '10.0', java.version: '17.0.12'
Driver info: org.openqa.selenium.chrome.ChromeDriver
Command: [9888259f9026fb49035be2d949ae2236, getAlertText {}]
Capabilities {acceptInsecureCerts: false, browserName: chrome, browserVersion: 148.0.7778.179, chrome: {chromedriverVersion: 148.0.7778.167 (65db666ac2c..., userDataDir: C:\Users\Mariya\AppData\Loc...}, fedcm:accounts: true, goog:chromeOptions: {debuggerAddress: localhost:49751}, goog:processID: 40848, networkConnectionEnabled: false, pageLoadStrategy: normal, platformName: windows, proxy: Proxy(), se:cdp: ws://localhost:49751/devtoo..., se:cdpVersion: 148.0.7778.179, setWindowRect: true, strictFileInteractability: false, timeouts: {implicit: 0, pageLoad: 300000, script: 30000}, unhandledPromptBehavior: dismiss and notify, webauthn:extension:credBlob: true, webauthn:extension:largeBlob: true, webauthn:extension:minPinLength: true, webauthn:extension:prf: true, webauthn:virtualAuthenticators: true}
Session ID: 9888259f9026fb49035be2d949ae2236
20:30:59.951 INFO  manager.ListenerWD -- **************************************
20:30:59.954 INFO  manager.ListenerWD -- Screen with error is-->src/test/screenchots/screen_1326.png
20:31:02.524 INFO  tests.TestBase -- Assert check is alert present with error text 'Wrong email or password'
20:31:02.525 INFO  manager.TestNGListener -- Success test --> null
20:31:02.528 INFO  tests.TestBase -- ===============================================
20:31:02.530 INFO  tests.TestBase -- Name of method (test) ---> loginWrongEmail
20:31:07.557 INFO  manager.TestNGListener -- Start test --> null
20:31:07.557 INFO  tests.TestBase -- Test data ---> email: 'margogmail.com' & password: 'Mmar123456$'
20:31:07.557 INFO  manager.ListenerWD -- Before find element-->By.cssSelector: a[href='/login']
20:31:07.584 INFO  manager.ListenerWD -- After find element-->By.cssSelector: a[href='/login']
20:31:07.594 INFO  manager.ListenerWD -- Location of element-->a
20:31:07.617 INFO  manager.ListenerWD -- Before click element-->atext-->LOGIN
20:31:07.726 INFO  manager.ListenerWD -- After click element-->a
20:31:07.727 INFO  manager.ListenerWD -- Before find element-->By.name: email
20:31:07.756 INFO  manager.ListenerWD -- After find element-->By.name: email
20:31:07.767 INFO  manager.ListenerWD -- Location of element-->input
20:31:07.790 INFO  manager.ListenerWD -- Before click element-->inputtext-->
20:31:07.906 INFO  manager.ListenerWD -- After click element-->input
20:31:07.993 INFO  manager.ListenerWD -- SendKeys-->
20:31:08.004 INFO  manager.ListenerWD -- SendKeys_TagName-->input
20:31:08.121 INFO  manager.ListenerWD -- SendKeys-->
20:31:08.135 INFO  manager.ListenerWD -- SendKeys_TagName-->input
20:31:08.214 INFO  manager.ListenerWD -- SendKeys-->
20:31:08.225 INFO  manager.ListenerWD -- SendKeys_TagName-->input
20:31:08.294 INFO  manager.ListenerWD -- Before find element-->By.xpath: //input[@placeholder='Password']
20:31:08.324 INFO  manager.ListenerWD -- After find element-->By.xpath: //input[@placeholder='Password']
20:31:08.336 INFO  manager.ListenerWD -- Location of element-->input
20:31:08.365 INFO  manager.ListenerWD -- Before click element-->inputtext-->
20:31:08.488 INFO  manager.ListenerWD -- After click element-->input
20:31:08.558 INFO  manager.ListenerWD -- SendKeys-->
20:31:08.571 INFO  manager.ListenerWD -- SendKeys_TagName-->input
20:31:08.655 INFO  manager.ListenerWD -- SendKeys-->
20:31:08.664 INFO  manager.ListenerWD -- SendKeys_TagName-->input
20:31:08.724 INFO  manager.ListenerWD -- SendKeys-->
20:31:08.734 INFO  manager.ListenerWD -- SendKeys_TagName-->input
20:31:08.790 INFO  manager.ListenerWD -- Before find element-->By.xpath: //button[text()='Login']
20:31:08.814 INFO  manager.ListenerWD -- After find element-->By.xpath: //button[text()='Login']
20:31:08.825 INFO  manager.ListenerWD -- Location of element-->button
20:31:08.851 INFO  manager.ListenerWD -- Before click element-->buttontext-->Login
20:31:08.968 INFO  manager.ListenerWD -- Huston, we have a problem
20:31:08.968 INFO  manager.ListenerWD -- Failed method:alert
20:31:08.970 INFO  manager.ListenerWD -- **************************************
20:31:08.970 INFO  manager.ListenerWD -- Arguments:null
20:31:08.970 INFO  manager.ListenerWD -- **************************************
20:31:08.970 INFO  manager.ListenerWD -- Exception:NoAlertPresentException
20:31:08.970 INFO  manager.ListenerWD -- **************************************
20:31:08.971 INFO  manager.ListenerWD -- Message:no such alert
  (Session info: chrome=148.0.7778.179)
Build info: version: '4.26.0', revision: '8ccf0219d7'
System info: os.name: 'Windows 11', os.arch: 'amd64', os.version: '10.0', java.version: '17.0.12'
Driver info: org.openqa.selenium.chrome.ChromeDriver
Command: [9888259f9026fb49035be2d949ae2236, getAlertText {}]
Capabilities {acceptInsecureCerts: false, browserName: chrome, browserVersion: 148.0.7778.179, chrome: {chromedriverVersion: 148.0.7778.167 (65db666ac2c..., userDataDir: C:\Users\Mariya\AppData\Loc...}, fedcm:accounts: true, goog:chromeOptions: {debuggerAddress: localhost:49751}, goog:processID: 40848, networkConnectionEnabled: false, pageLoadStrategy: normal, platformName: windows, proxy: Proxy(), se:cdp: ws://localhost:49751/devtoo..., se:cdpVersion: 148.0.7778.179, setWindowRect: true, strictFileInteractability: false, timeouts: {implicit: 0, pageLoad: 300000, script: 30000}, unhandledPromptBehavior: dismiss and notify, webauthn:extension:credBlob: true, webauthn:extension:largeBlob: true, webauthn:extension:minPinLength: true, webauthn:extension:prf: true, webauthn:virtualAuthenticators: true}
Session ID: 9888259f9026fb49035be2d949ae2236
20:31:08.971 INFO  manager.ListenerWD -- **************************************
20:31:08.971 INFO  manager.ListenerWD -- Screen with error is-->src/test/screenchots/screen_1029.png
20:31:11.534 INFO  tests.TestBase -- Assert check is alert present with error text 'Wrong email or password'
20:31:11.535 INFO  manager.TestNGListener -- Success test --> null
20:31:11.539 INFO  tests.TestBase -- ===============================================
20:31:11.543 INFO  tests.TestBase -- Name of method (test) ---> loginWrongPassword
20:31:16.562 INFO  manager.TestNGListener -- Start test --> null
20:31:16.563 INFO  tests.TestBase -- Test data ---> email: 'margogmail.com' & password: 'Mmar123'
20:31:16.563 INFO  manager.ListenerWD -- Before find element-->By.cssSelector: a[href='/login']
20:31:16.591 INFO  manager.ListenerWD -- After find element-->By.cssSelector: a[href='/login']
20:31:16.602 INFO  manager.ListenerWD -- Location of element-->a
20:31:16.628 INFO  manager.ListenerWD -- Before click element-->atext-->LOGIN
20:31:16.749 INFO  manager.ListenerWD -- After click element-->a
20:31:16.750 INFO  manager.ListenerWD -- Before find element-->By.name: email
20:31:16.784 INFO  manager.ListenerWD -- After find element-->By.name: email
20:31:16.796 INFO  manager.ListenerWD -- Location of element-->input
20:31:16.824 INFO  manager.ListenerWD -- Before click element-->inputtext-->
20:31:16.953 INFO  manager.ListenerWD -- After click element-->input
20:31:17.021 INFO  manager.ListenerWD -- SendKeys-->
20:31:17.034 INFO  manager.ListenerWD -- SendKeys_TagName-->input
20:31:17.123 INFO  manager.ListenerWD -- SendKeys-->
20:31:17.133 INFO  manager.ListenerWD -- SendKeys_TagName-->input
20:31:17.203 INFO  manager.ListenerWD -- SendKeys-->
20:31:17.214 INFO  manager.ListenerWD -- SendKeys_TagName-->input
20:31:17.276 INFO  manager.ListenerWD -- Before find element-->By.xpath: //input[@placeholder='Password']
20:31:17.300 INFO  manager.ListenerWD -- After find element-->By.xpath: //input[@placeholder='Password']
20:31:17.310 INFO  manager.ListenerWD -- Location of element-->input
20:31:17.336 INFO  manager.ListenerWD -- Before click element-->inputtext-->
20:31:17.440 INFO  manager.ListenerWD -- After click element-->input
20:31:17.498 INFO  manager.ListenerWD -- SendKeys-->
20:31:17.508 INFO  manager.ListenerWD -- SendKeys_TagName-->input
20:31:17.594 INFO  manager.ListenerWD -- SendKeys-->
20:31:17.605 INFO  manager.ListenerWD -- SendKeys_TagName-->input
20:31:17.662 INFO  manager.ListenerWD -- SendKeys-->
20:31:17.672 INFO  manager.ListenerWD -- SendKeys_TagName-->input
20:31:17.722 INFO  manager.ListenerWD -- Before find element-->By.xpath: //button[text()='Login']
20:31:17.768 INFO  manager.ListenerWD -- After find element-->By.xpath: //button[text()='Login']
20:31:17.779 INFO  manager.ListenerWD -- Location of element-->button
20:31:17.804 INFO  manager.ListenerWD -- Before click element-->buttontext-->Login
20:31:17.926 INFO  manager.ListenerWD -- Huston, we have a problem
20:31:17.927 INFO  manager.ListenerWD -- Failed method:alert
20:31:17.927 INFO  manager.ListenerWD -- **************************************
20:31:17.927 INFO  manager.ListenerWD -- Arguments:null
20:31:17.927 INFO  manager.ListenerWD -- **************************************
20:31:17.927 INFO  manager.ListenerWD -- Exception:NoAlertPresentException
20:31:17.927 INFO  manager.ListenerWD -- **************************************
20:31:17.928 INFO  manager.ListenerWD -- Message:no such alert
  (Session info: chrome=148.0.7778.179)
Build info: version: '4.26.0', revision: '8ccf0219d7'
System info: os.name: 'Windows 11', os.arch: 'amd64', os.version: '10.0', java.version: '17.0.12'
Driver info: org.openqa.selenium.chrome.ChromeDriver
Command: [9888259f9026fb49035be2d949ae2236, getAlertText {}]
Capabilities {acceptInsecureCerts: false, browserName: chrome, browserVersion: 148.0.7778.179, chrome: {chromedriverVersion: 148.0.7778.167 (65db666ac2c..., userDataDir: C:\Users\Mariya\AppData\Loc...}, fedcm:accounts: true, goog:chromeOptions: {debuggerAddress: localhost:49751}, goog:processID: 40848, networkConnectionEnabled: false, pageLoadStrategy: normal, platformName: windows, proxy: Proxy(), se:cdp: ws://localhost:49751/devtoo..., se:cdpVersion: 148.0.7778.179, setWindowRect: true, strictFileInteractability: false, timeouts: {implicit: 0, pageLoad: 300000, script: 30000}, unhandledPromptBehavior: dismiss and notify, webauthn:extension:credBlob: true, webauthn:extension:largeBlob: true, webauthn:extension:minPinLength: true, webauthn:extension:prf: true, webauthn:virtualAuthenticators: true}
Session ID: 9888259f9026fb49035be2d949ae2236
20:31:17.928 INFO  manager.ListenerWD -- **************************************
20:31:17.928 INFO  manager.ListenerWD -- Screen with error is-->src/test/screenchots/screen_1758.png
20:31:20.476 INFO  tests.TestBase -- Assert check is alert present with error text 'Wrong email or password'
20:31:20.477 INFO  manager.TestNGListener -- Success test --> null
20:31:20.478 INFO  tests.TestBase -- ===============================================
20:31:20.481 INFO  manager.TestNGListener -- Stop testing on date -->Mon May 25 20:31:20 IDT 2026
