19:32:42.556 INFO  manager.ApplicationManager -- All tests runs in Chrome Browser
19:32:44.760 INFO  manager.ApplicationManager -- The link --->https://telranedu.web.app/home
19:32:44.795 INFO  manager.TestNGListener -- Start testing on date -->Thu Jun 04 19:32:44 IDT 2026
19:32:44.859 INFO  tests.TestBase -- Name of method (test) ---> loginSuccess
19:32:49.916 INFO  manager.TestNGListener -- Start test --> null
19:32:49.918 INFO  tests.TestBase -- Start test with name 'loginSuccess'
19:32:49.919 INFO  tests.TestBase -- Test data ---> email: margo@gmail.com& password: Mmar123456$
19:32:49.922 INFO  manager.ListenerWD -- Before find element-->By.cssSelector: a[href='/login']
19:32:49.987 INFO  manager.ListenerWD -- After find element-->By.cssSelector: a[href='/login']
19:32:50.006 INFO  manager.ListenerWD -- Location of element-->a
19:32:50.047 INFO  manager.ListenerWD -- Before click element-->atext-->LOGIN
19:32:50.243 INFO  manager.ListenerWD -- After click element-->a
19:32:50.245 INFO  manager.ListenerWD -- Before find element-->By.name: email
19:32:50.311 INFO  manager.ListenerWD -- After find element-->By.name: email
19:32:50.323 INFO  manager.ListenerWD -- Location of element-->input
19:32:50.355 INFO  manager.ListenerWD -- Before click element-->inputtext-->
19:32:50.490 INFO  manager.ListenerWD -- After click element-->input
19:32:50.563 INFO  manager.ListenerWD -- SendKeys-->
19:32:50.579 INFO  manager.ListenerWD -- SendKeys_TagName-->input
19:32:50.660 INFO  manager.ListenerWD -- SendKeys-->
19:32:50.670 INFO  manager.ListenerWD -- SendKeys_TagName-->input
19:32:50.736 INFO  manager.ListenerWD -- SendKeys-->
19:32:50.746 INFO  manager.ListenerWD -- SendKeys_TagName-->input
19:32:50.816 INFO  manager.ListenerWD -- Before find element-->By.xpath: //input[@placeholder='Password']
19:32:50.861 INFO  manager.ListenerWD -- After find element-->By.xpath: //input[@placeholder='Password']
19:32:50.873 INFO  manager.ListenerWD -- Location of element-->input
19:32:50.897 INFO  manager.ListenerWD -- Before click element-->inputtext-->
19:32:51.011 INFO  manager.ListenerWD -- After click element-->input
19:32:51.068 INFO  manager.ListenerWD -- SendKeys-->
19:32:51.078 INFO  manager.ListenerWD -- SendKeys_TagName-->input
19:32:51.137 INFO  manager.ListenerWD -- SendKeys-->
19:32:51.150 INFO  manager.ListenerWD -- SendKeys_TagName-->input
19:32:51.210 INFO  manager.ListenerWD -- SendKeys-->
19:32:51.222 INFO  manager.ListenerWD -- SendKeys_TagName-->input
19:32:51.295 INFO  manager.ListenerWD -- Before find element-->By.xpath: //button[text()='Login']
19:32:51.352 INFO  manager.ListenerWD -- After find element-->By.xpath: //button[text()='Login']
19:32:51.363 INFO  manager.ListenerWD -- Location of element-->button
19:32:51.392 INFO  manager.ListenerWD -- Before click element-->buttontext-->Login
19:32:52.569 INFO  tests.TestBase -- Assert check is element button 'Sign out' present
19:32:52.572 INFO  manager.TestNGListener -- Success test --> loginSuccess
19:32:52.574 INFO  tests.TestBase -- ===============================================
19:32:52.577 INFO  tests.TestBase -- Name of method (test) ---> loginSuccess
19:32:52.618 INFO  manager.ListenerWD -- Before find element-->By.xpath: //button[text()='Sign Out']
19:32:52.666 INFO  manager.ListenerWD -- After find element-->By.xpath: //button[text()='Sign Out']
19:32:52.676 INFO  manager.ListenerWD -- Location of element-->button
19:32:52.703 INFO  manager.ListenerWD -- Before click element-->buttontext-->Sign Out
19:32:52.840 INFO  tests.TestBase -- Before method finished logout
19:32:52.841 INFO  manager.TestNGListener -- Start test --> null
19:32:52.842 INFO  tests.TestBase -- Start test with name 'loginSuccess'
19:32:52.842 INFO  tests.TestBase -- Test data ---> email: sonya@gmail.com& password: Ss12345$
19:32:52.843 INFO  manager.ListenerWD -- Before find element-->By.cssSelector: a[href='/login']
19:32:52.879 INFO  manager.ListenerWD -- After find element-->By.cssSelector: a[href='/login']
19:32:52.893 INFO  manager.ListenerWD -- Location of element-->a
19:32:52.924 INFO  manager.ListenerWD -- Before click element-->atext-->LOGIN
19:32:53.047 INFO  manager.ListenerWD -- After click element-->a
19:32:53.047 INFO  manager.ListenerWD -- Before find element-->By.name: email
19:32:53.082 INFO  manager.ListenerWD -- After find element-->By.name: email
19:32:53.093 INFO  manager.ListenerWD -- Location of element-->input
19:32:53.122 INFO  manager.ListenerWD -- Before click element-->inputtext-->
19:32:53.259 INFO  manager.ListenerWD -- After click element-->input
19:32:53.319 INFO  manager.ListenerWD -- SendKeys-->
19:32:53.329 INFO  manager.ListenerWD -- SendKeys_TagName-->input
19:32:53.399 INFO  manager.ListenerWD -- SendKeys-->
19:32:53.410 INFO  manager.ListenerWD -- SendKeys_TagName-->input
19:32:53.480 INFO  manager.ListenerWD -- SendKeys-->
19:32:53.490 INFO  manager.ListenerWD -- SendKeys_TagName-->input
19:32:53.574 INFO  manager.ListenerWD -- Before find element-->By.xpath: //input[@placeholder='Password']
19:32:53.609 INFO  manager.ListenerWD -- After find element-->By.xpath: //input[@placeholder='Password']
19:32:53.621 INFO  manager.ListenerWD -- Location of element-->input
19:32:53.650 INFO  manager.ListenerWD -- Before click element-->inputtext-->
19:32:53.798 INFO  manager.ListenerWD -- After click element-->input
19:32:53.856 INFO  manager.ListenerWD -- SendKeys-->
19:32:53.866 INFO  manager.ListenerWD -- SendKeys_TagName-->input
19:32:53.925 INFO  manager.ListenerWD -- SendKeys-->
19:32:53.935 INFO  manager.ListenerWD -- SendKeys_TagName-->input
19:32:54.011 INFO  manager.ListenerWD -- SendKeys-->
19:32:54.022 INFO  manager.ListenerWD -- SendKeys_TagName-->input
19:32:54.107 INFO  manager.ListenerWD -- Before find element-->By.xpath: //button[text()='Login']
19:32:54.147 INFO  manager.ListenerWD -- After find element-->By.xpath: //button[text()='Login']
19:32:54.159 INFO  manager.ListenerWD -- Location of element-->button
19:32:54.337 INFO  manager.ListenerWD -- Before click element-->buttontext-->Login
19:32:54.874 INFO  tests.TestBase -- Assert check is element button 'Sign out' present
19:32:54.875 INFO  manager.TestNGListener -- Success test --> loginSuccess
19:32:54.878 INFO  tests.TestBase -- ===============================================
19:32:54.883 INFO  tests.TestBase -- Name of method (test) ---> loginSuccess
19:32:54.919 INFO  manager.ListenerWD -- Before find element-->By.xpath: //button[text()='Sign Out']
19:32:54.952 INFO  manager.ListenerWD -- After find element-->By.xpath: //button[text()='Sign Out']
19:32:54.964 INFO  manager.ListenerWD -- Location of element-->button
19:32:54.996 INFO  manager.ListenerWD -- Before click element-->buttontext-->Sign Out
19:32:55.140 INFO  tests.TestBase -- Before method finished logout
19:32:55.141 INFO  manager.TestNGListener -- Start test --> null
19:32:55.141 INFO  tests.TestBase -- Start test with name 'loginSuccess'
19:32:55.141 INFO  tests.TestBase -- Test data ---> email: art276@art.com& password: $Art1$2$3456789
19:32:55.141 INFO  manager.ListenerWD -- Before find element-->By.cssSelector: a[href='/login']
19:32:55.170 INFO  manager.ListenerWD -- After find element-->By.cssSelector: a[href='/login']
19:32:55.181 INFO  manager.ListenerWD -- Location of element-->a
19:32:55.206 INFO  manager.ListenerWD -- Before click element-->atext-->LOGIN
19:32:55.315 INFO  manager.ListenerWD -- After click element-->a
19:32:55.316 INFO  manager.ListenerWD -- Before find element-->By.name: email
19:32:55.350 INFO  manager.ListenerWD -- After find element-->By.name: email
19:32:55.363 INFO  manager.ListenerWD -- Location of element-->input
19:32:55.386 INFO  manager.ListenerWD -- Before click element-->inputtext-->
19:32:55.521 INFO  manager.ListenerWD -- After click element-->input
19:32:55.585 INFO  manager.ListenerWD -- SendKeys-->
19:32:55.595 INFO  manager.ListenerWD -- SendKeys_TagName-->input
19:32:55.657 INFO  manager.ListenerWD -- SendKeys-->
19:32:55.667 INFO  manager.ListenerWD -- SendKeys_TagName-->input
19:32:55.734 INFO  manager.ListenerWD -- SendKeys-->
19:32:55.745 INFO  manager.ListenerWD -- SendKeys_TagName-->input
19:32:55.823 INFO  manager.ListenerWD -- Before find element-->By.xpath: //input[@placeholder='Password']
19:32:55.858 INFO  manager.ListenerWD -- After find element-->By.xpath: //input[@placeholder='Password']
19:32:55.869 INFO  manager.ListenerWD -- Location of element-->input
19:32:55.895 INFO  manager.ListenerWD -- Before click element-->inputtext-->
19:32:56.038 INFO  manager.ListenerWD -- After click element-->input
19:32:56.094 INFO  manager.ListenerWD -- SendKeys-->
19:32:56.103 INFO  manager.ListenerWD -- SendKeys_TagName-->input
19:32:56.170 INFO  manager.ListenerWD -- SendKeys-->
19:32:56.182 INFO  manager.ListenerWD -- SendKeys_TagName-->input
19:32:56.248 INFO  manager.ListenerWD -- SendKeys-->
19:32:56.259 INFO  manager.ListenerWD -- SendKeys_TagName-->input
19:32:56.338 INFO  manager.ListenerWD -- Before find element-->By.xpath: //button[text()='Login']
19:32:56.370 INFO  manager.ListenerWD -- After find element-->By.xpath: //button[text()='Login']
19:32:56.385 INFO  manager.ListenerWD -- Location of element-->button
19:32:56.413 INFO  manager.ListenerWD -- Before click element-->buttontext-->Login
19:32:56.807 INFO  tests.TestBase -- Assert check is element button 'Sign out' present
19:32:56.808 INFO  manager.TestNGListener -- Success test --> loginSuccess
19:32:56.810 INFO  tests.TestBase -- ===============================================
19:32:56.814 INFO  tests.TestBase -- Name of method (test) ---> loginSuccess1
19:32:56.842 INFO  manager.ListenerWD -- Before find element-->By.xpath: //button[text()='Sign Out']
19:32:56.866 INFO  manager.ListenerWD -- After find element-->By.xpath: //button[text()='Sign Out']
19:32:56.876 INFO  manager.ListenerWD -- Location of element-->button
19:32:56.900 INFO  manager.ListenerWD -- Before click element-->buttontext-->Sign Out
19:32:57.032 INFO  tests.TestBase -- Before method finished logout
19:32:57.033 INFO  manager.TestNGListener -- Start test --> null
19:32:57.034 INFO  manager.ListenerWD -- Before find element-->By.cssSelector: a[href='/login']
19:32:57.059 INFO  manager.ListenerWD -- After find element-->By.cssSelector: a[href='/login']
19:32:57.072 INFO  manager.ListenerWD -- Location of element-->a
19:32:57.099 INFO  manager.ListenerWD -- Before click element-->atext-->LOGIN
19:32:57.202 INFO  manager.ListenerWD -- After click element-->a
19:32:57.202 INFO  manager.ListenerWD -- Before find element-->By.name: email
19:32:57.233 INFO  manager.ListenerWD -- After find element-->By.name: email
19:32:57.244 INFO  manager.ListenerWD -- Location of element-->input
19:32:57.270 INFO  manager.ListenerWD -- Before click element-->inputtext-->
19:32:57.416 INFO  manager.ListenerWD -- After click element-->input
19:32:57.481 INFO  manager.ListenerWD -- SendKeys-->
19:32:57.491 INFO  manager.ListenerWD -- SendKeys_TagName-->input
19:32:57.554 INFO  manager.ListenerWD -- SendKeys-->
19:32:57.565 INFO  manager.ListenerWD -- SendKeys_TagName-->input
19:32:57.625 INFO  manager.ListenerWD -- SendKeys-->
19:32:57.635 INFO  manager.ListenerWD -- SendKeys_TagName-->input
19:32:57.715 INFO  manager.ListenerWD -- Before find element-->By.xpath: //input[@placeholder='Password']
19:32:57.741 INFO  manager.ListenerWD -- After find element-->By.xpath: //input[@placeholder='Password']
19:32:57.757 INFO  manager.ListenerWD -- Location of element-->input
19:32:57.781 INFO  manager.ListenerWD -- Before click element-->inputtext-->
19:32:57.919 INFO  manager.ListenerWD -- After click element-->input
19:32:57.978 INFO  manager.ListenerWD -- SendKeys-->
19:32:57.987 INFO  manager.ListenerWD -- SendKeys_TagName-->input
19:32:58.047 INFO  manager.ListenerWD -- SendKeys-->
19:32:58.057 INFO  manager.ListenerWD -- SendKeys_TagName-->input
19:32:58.119 INFO  manager.ListenerWD -- SendKeys-->
19:32:58.129 INFO  manager.ListenerWD -- SendKeys_TagName-->input
19:32:58.213 INFO  manager.ListenerWD -- Before find element-->By.xpath: //button[text()='Login']
19:32:58.249 INFO  manager.ListenerWD -- After find element-->By.xpath: //button[text()='Login']
19:32:58.262 INFO  manager.ListenerWD -- Location of element-->button
19:32:58.290 INFO  manager.ListenerWD -- Before click element-->buttontext-->Login
19:32:58.693 INFO  manager.TestNGListener -- Success test --> loginSuccess1
19:32:58.696 INFO  tests.TestBase -- ===============================================
19:32:58.700 INFO  tests.TestBase -- Name of method (test) ---> loginSuccessModel
19:32:58.737 INFO  manager.ListenerWD -- Before find element-->By.xpath: //button[text()='Sign Out']
19:32:58.767 INFO  manager.ListenerWD -- After find element-->By.xpath: //button[text()='Sign Out']
19:32:58.776 INFO  manager.ListenerWD -- Location of element-->button
19:32:58.804 INFO  manager.ListenerWD -- Before click element-->buttontext-->Sign Out
19:32:58.926 INFO  tests.TestBase -- Before method finished logout
19:32:58.928 INFO  manager.TestNGListener -- Start test --> null
19:32:58.929 INFO  tests.TestBase -- Test data ---> User{email='art276@art.com', password='$Art1$2$3456789'}
19:32:58.930 INFO  manager.ListenerWD -- Before find element-->By.cssSelector: a[href='/login']
19:32:58.962 INFO  manager.ListenerWD -- After find element-->By.cssSelector: a[href='/login']
19:32:58.974 INFO  manager.ListenerWD -- Location of element-->a
19:32:59.003 INFO  manager.ListenerWD -- Before click element-->atext-->LOGIN
19:32:59.135 INFO  manager.ListenerWD -- After click element-->a
19:32:59.135 INFO  manager.ListenerWD -- Before find element-->By.name: email
19:32:59.161 INFO  manager.ListenerWD -- After find element-->By.name: email
19:32:59.170 INFO  manager.ListenerWD -- Location of element-->input
19:32:59.194 INFO  manager.ListenerWD -- Before click element-->inputtext-->
19:32:59.337 INFO  manager.ListenerWD -- After click element-->input
19:32:59.395 INFO  manager.ListenerWD -- SendKeys-->
19:32:59.405 INFO  manager.ListenerWD -- SendKeys_TagName-->input
19:32:59.461 INFO  manager.ListenerWD -- SendKeys-->
19:32:59.475 INFO  manager.ListenerWD -- SendKeys_TagName-->input
19:32:59.542 INFO  manager.ListenerWD -- SendKeys-->
19:32:59.555 INFO  manager.ListenerWD -- SendKeys_TagName-->input
19:32:59.627 INFO  manager.ListenerWD -- Before find element-->By.xpath: //input[@placeholder='Password']
19:32:59.660 INFO  manager.ListenerWD -- After find element-->By.xpath: //input[@placeholder='Password']
19:32:59.671 INFO  manager.ListenerWD -- Location of element-->input
19:32:59.698 INFO  manager.ListenerWD -- Before click element-->inputtext-->
19:32:59.839 INFO  manager.ListenerWD -- After click element-->input
19:32:59.895 INFO  manager.ListenerWD -- SendKeys-->
19:32:59.904 INFO  manager.ListenerWD -- SendKeys_TagName-->input
19:32:59.965 INFO  manager.ListenerWD -- SendKeys-->
19:32:59.975 INFO  manager.ListenerWD -- SendKeys_TagName-->input
19:33:00.040 INFO  manager.ListenerWD -- SendKeys-->
19:33:00.053 INFO  manager.ListenerWD -- SendKeys_TagName-->input
19:33:00.131 INFO  manager.ListenerWD -- Before find element-->By.xpath: //button[text()='Login']
19:33:00.160 INFO  manager.ListenerWD -- After find element-->By.xpath: //button[text()='Login']
19:33:00.175 INFO  manager.ListenerWD -- Location of element-->button
19:33:00.201 INFO  manager.ListenerWD -- Before click element-->buttontext-->Login
19:33:00.601 INFO  tests.TestBase -- Assert check is element button 'Sign out' present
19:33:00.602 INFO  manager.TestNGListener -- Success test --> loginSuccessModel
19:33:00.603 INFO  tests.TestBase -- ===============================================
19:33:00.606 INFO  tests.TestBase -- Name of method (test) ---> loginSuccessModelDPF
19:33:00.630 INFO  manager.ListenerWD -- Before find element-->By.xpath: //button[text()='Sign Out']
19:33:00.655 INFO  manager.ListenerWD -- After find element-->By.xpath: //button[text()='Sign Out']
19:33:00.670 INFO  manager.ListenerWD -- Location of element-->button
19:33:00.696 INFO  manager.ListenerWD -- Before click element-->buttontext-->Sign Out
19:33:00.823 INFO  tests.TestBase -- Before method finished logout
19:33:00.824 INFO  manager.TestNGListener -- Start test --> null
19:33:00.825 INFO  tests.TestBase -- Test data ---> User{email='margo@gmail.com', password='Mmar123456$'}
19:33:00.825 INFO  manager.ListenerWD -- Before find element-->By.cssSelector: a[href='/login']
19:33:00.853 INFO  manager.ListenerWD -- After find element-->By.cssSelector: a[href='/login']
19:33:00.863 INFO  manager.ListenerWD -- Location of element-->a
19:33:00.885 INFO  manager.ListenerWD -- Before click element-->atext-->LOGIN
19:33:01.009 INFO  manager.ListenerWD -- After click element-->a
19:33:01.009 INFO  manager.ListenerWD -- Before find element-->By.name: email
19:33:01.033 INFO  manager.ListenerWD -- After find element-->By.name: email
19:33:01.043 INFO  manager.ListenerWD -- Location of element-->input
19:33:01.064 INFO  manager.ListenerWD -- Before click element-->inputtext-->
19:33:01.205 INFO  manager.ListenerWD -- After click element-->input
19:33:01.272 INFO  manager.ListenerWD -- SendKeys-->
19:33:01.283 INFO  manager.ListenerWD -- SendKeys_TagName-->input
19:33:01.347 INFO  manager.ListenerWD -- SendKeys-->
19:33:01.357 INFO  manager.ListenerWD -- SendKeys_TagName-->input
19:33:01.432 INFO  manager.ListenerWD -- SendKeys-->
19:33:01.443 INFO  manager.ListenerWD -- SendKeys_TagName-->input
19:33:01.512 INFO  manager.ListenerWD -- Before find element-->By.xpath: //input[@placeholder='Password']
19:33:01.540 INFO  manager.ListenerWD -- After find element-->By.xpath: //input[@placeholder='Password']
19:33:01.553 INFO  manager.ListenerWD -- Location of element-->input
19:33:01.582 INFO  manager.ListenerWD -- Before click element-->inputtext-->
19:33:01.735 INFO  manager.ListenerWD -- After click element-->input
19:33:01.808 INFO  manager.ListenerWD -- SendKeys-->
19:33:01.817 INFO  manager.ListenerWD -- SendKeys_TagName-->input
19:33:01.891 INFO  manager.ListenerWD -- SendKeys-->
19:33:01.900 INFO  manager.ListenerWD -- SendKeys_TagName-->input
19:33:01.966 INFO  manager.ListenerWD -- SendKeys-->
19:33:01.976 INFO  manager.ListenerWD -- SendKeys_TagName-->input
19:33:02.042 INFO  manager.ListenerWD -- Before find element-->By.xpath: //button[text()='Login']
19:33:02.065 INFO  manager.ListenerWD -- After find element-->By.xpath: //button[text()='Login']
19:33:02.074 INFO  manager.ListenerWD -- Location of element-->button
19:33:02.105 INFO  manager.ListenerWD -- Before click element-->buttontext-->Login
19:33:02.538 INFO  tests.TestBase -- Assert check is element button 'Sign out' present
19:33:02.539 INFO  manager.TestNGListener -- Success test --> loginSuccessModelDPF
19:33:02.541 INFO  tests.TestBase -- ===============================================
19:33:02.542 INFO  tests.TestBase -- Name of method (test) ---> loginSuccessModelDPF
19:33:02.568 INFO  manager.ListenerWD -- Before find element-->By.xpath: //button[text()='Sign Out']
19:33:02.594 INFO  manager.ListenerWD -- After find element-->By.xpath: //button[text()='Sign Out']
19:33:02.605 INFO  manager.ListenerWD -- Location of element-->button
19:33:02.630 INFO  manager.ListenerWD -- Before click element-->buttontext-->Sign Out
19:33:02.842 INFO  tests.TestBase -- Before method finished logout
19:33:02.843 INFO  manager.TestNGListener -- Start test --> null
19:33:02.844 INFO  tests.TestBase -- Test data ---> User{email='sonya@gmail.com', password='Ss12345$'}
19:33:02.844 INFO  manager.ListenerWD -- Before find element-->By.cssSelector: a[href='/login']
19:33:02.879 INFO  manager.ListenerWD -- After find element-->By.cssSelector: a[href='/login']
19:33:02.890 INFO  manager.ListenerWD -- Location of element-->a
19:33:02.920 INFO  manager.ListenerWD -- Before click element-->atext-->LOGIN
19:33:03.060 INFO  manager.ListenerWD -- After click element-->a
19:33:03.061 INFO  manager.ListenerWD -- Before find element-->By.name: email
19:33:03.095 INFO  manager.ListenerWD -- After find element-->By.name: email
19:33:03.121 INFO  manager.ListenerWD -- Location of element-->input
19:33:03.160 INFO  manager.ListenerWD -- Before click element-->inputtext-->
19:33:03.317 INFO  manager.ListenerWD -- After click element-->input
19:33:03.507 INFO  manager.ListenerWD -- SendKeys-->
19:33:03.525 INFO  manager.ListenerWD -- SendKeys_TagName-->input
19:33:03.713 INFO  manager.ListenerWD -- SendKeys-->
19:33:03.740 INFO  manager.ListenerWD -- SendKeys_TagName-->input
19:33:03.903 INFO  manager.ListenerWD -- SendKeys-->
19:33:03.915 INFO  manager.ListenerWD -- SendKeys_TagName-->input
19:33:04.033 INFO  manager.ListenerWD -- Before find element-->By.xpath: //input[@placeholder='Password']
19:33:04.062 INFO  manager.ListenerWD -- After find element-->By.xpath: //input[@placeholder='Password']
19:33:04.075 INFO  manager.ListenerWD -- Location of element-->input
19:33:04.107 INFO  manager.ListenerWD -- Before click element-->inputtext-->
19:33:04.253 INFO  manager.ListenerWD -- After click element-->input
19:33:04.340 INFO  manager.ListenerWD -- SendKeys-->
19:33:04.348 INFO  manager.ListenerWD -- SendKeys_TagName-->input
19:33:04.401 INFO  manager.ListenerWD -- SendKeys-->
19:33:04.408 INFO  manager.ListenerWD -- SendKeys_TagName-->input
19:33:04.467 INFO  manager.ListenerWD -- SendKeys-->
19:33:04.477 INFO  manager.ListenerWD -- SendKeys_TagName-->input
19:33:04.532 INFO  manager.ListenerWD -- Before find element-->By.xpath: //button[text()='Login']
19:33:04.557 INFO  manager.ListenerWD -- After find element-->By.xpath: //button[text()='Login']
19:33:04.566 INFO  manager.ListenerWD -- Location of element-->button
19:33:04.587 INFO  manager.ListenerWD -- Before click element-->buttontext-->Login
19:33:04.980 INFO  tests.TestBase -- Assert check is element button 'Sign out' present
19:33:04.981 INFO  manager.TestNGListener -- Success test --> loginSuccessModelDPF
19:33:04.982 INFO  tests.TestBase -- ===============================================
19:33:04.983 INFO  tests.TestBase -- Name of method (test) ---> loginSuccessModelDPF
19:33:05.005 INFO  manager.ListenerWD -- Before find element-->By.xpath: //button[text()='Sign Out']
19:33:05.026 INFO  manager.ListenerWD -- After find element-->By.xpath: //button[text()='Sign Out']
19:33:05.037 INFO  manager.ListenerWD -- Location of element-->button
19:33:05.061 INFO  manager.ListenerWD -- Before click element-->buttontext-->Sign Out
19:33:05.170 INFO  tests.TestBase -- Before method finished logout
19:33:05.171 INFO  manager.TestNGListener -- Start test --> null
19:33:05.171 INFO  tests.TestBase -- Test data ---> User{email='art276@art.com', password='$Art1$2$3456789'}
19:33:05.171 INFO  manager.ListenerWD -- Before find element-->By.cssSelector: a[href='/login']
19:33:05.193 INFO  manager.ListenerWD -- After find element-->By.cssSelector: a[href='/login']
19:33:05.204 INFO  manager.ListenerWD -- Location of element-->a
19:33:05.225 INFO  manager.ListenerWD -- Before click element-->atext-->LOGIN
19:33:05.324 INFO  manager.ListenerWD -- After click element-->a
19:33:05.324 INFO  manager.ListenerWD -- Before find element-->By.name: email
19:33:05.344 INFO  manager.ListenerWD -- After find element-->By.name: email
19:33:05.353 INFO  manager.ListenerWD -- Location of element-->input
19:33:05.377 INFO  manager.ListenerWD -- Before click element-->inputtext-->
19:33:05.487 INFO  manager.ListenerWD -- After click element-->input
19:33:05.550 INFO  manager.ListenerWD -- SendKeys-->
19:33:05.561 INFO  manager.ListenerWD -- SendKeys_TagName-->input
19:33:05.633 INFO  manager.ListenerWD -- SendKeys-->
19:33:05.642 INFO  manager.ListenerWD -- SendKeys_TagName-->input
19:33:05.702 INFO  manager.ListenerWD -- SendKeys-->
19:33:05.711 INFO  manager.ListenerWD -- SendKeys_TagName-->input
19:33:05.769 INFO  manager.ListenerWD -- Before find element-->By.xpath: //input[@placeholder='Password']
19:33:05.789 INFO  manager.ListenerWD -- After find element-->By.xpath: //input[@placeholder='Password']
19:33:05.800 INFO  manager.ListenerWD -- Location of element-->input
19:33:05.829 INFO  manager.ListenerWD -- Before click element-->inputtext-->
19:33:05.928 INFO  manager.ListenerWD -- After click element-->input
19:33:05.984 INFO  manager.ListenerWD -- SendKeys-->
19:33:05.993 INFO  manager.ListenerWD -- SendKeys_TagName-->input
19:33:06.046 INFO  manager.ListenerWD -- SendKeys-->
19:33:06.056 INFO  manager.ListenerWD -- SendKeys_TagName-->input
19:33:06.114 INFO  manager.ListenerWD -- SendKeys-->
19:33:06.124 INFO  manager.ListenerWD -- SendKeys_TagName-->input
19:33:06.192 INFO  manager.ListenerWD -- Before find element-->By.xpath: //button[text()='Login']
19:33:06.215 INFO  manager.ListenerWD -- After find element-->By.xpath: //button[text()='Login']
19:33:06.225 INFO  manager.ListenerWD -- Location of element-->button
19:33:06.250 INFO  manager.ListenerWD -- Before click element-->buttontext-->Login
19:33:06.637 INFO  tests.TestBase -- Assert check is element button 'Sign out' present
19:33:06.637 INFO  manager.TestNGListener -- Success test --> loginSuccessModelDPF
19:33:06.638 INFO  tests.TestBase -- ===============================================
19:33:06.641 INFO  tests.TestBase -- Name of method (test) ---> loginUnregisteredUser
19:33:06.664 INFO  manager.ListenerWD -- Before find element-->By.xpath: //button[text()='Sign Out']
19:33:06.687 INFO  manager.ListenerWD -- After find element-->By.xpath: //button[text()='Sign Out']
19:33:06.696 INFO  manager.ListenerWD -- Location of element-->button
19:33:06.719 INFO  manager.ListenerWD -- Before click element-->buttontext-->Sign Out
19:33:06.840 INFO  tests.TestBase -- Before method finished logout
19:33:06.841 INFO  manager.TestNGListener -- Start test --> null
19:33:06.841 INFO  tests.TestBase -- Test data ---> email: 'moreg@gmail.com' & password: 'Mmar123456$'
19:33:06.841 INFO  manager.ListenerWD -- Before find element-->By.cssSelector: a[href='/login']
19:33:06.862 INFO  manager.ListenerWD -- After find element-->By.cssSelector: a[href='/login']
19:33:06.872 INFO  manager.ListenerWD -- Location of element-->a
19:33:06.893 INFO  manager.ListenerWD -- Before click element-->atext-->LOGIN
19:33:07.005 INFO  manager.ListenerWD -- After click element-->a
19:33:07.006 INFO  manager.ListenerWD -- Before find element-->By.name: email
19:33:07.025 INFO  manager.ListenerWD -- After find element-->By.name: email
19:33:07.034 INFO  manager.ListenerWD -- Location of element-->input
19:33:07.057 INFO  manager.ListenerWD -- Before click element-->inputtext-->
19:33:07.159 INFO  manager.ListenerWD -- After click element-->input
19:33:07.222 INFO  manager.ListenerWD -- SendKeys-->
19:33:07.237 INFO  manager.ListenerWD -- SendKeys_TagName-->input
19:33:07.309 INFO  manager.ListenerWD -- SendKeys-->
19:33:07.321 INFO  manager.ListenerWD -- SendKeys_TagName-->input
19:33:07.408 INFO  manager.ListenerWD -- SendKeys-->
19:33:07.421 INFO  manager.ListenerWD -- SendKeys_TagName-->input
19:33:07.489 INFO  manager.ListenerWD -- Before find element-->By.xpath: //input[@placeholder='Password']
19:33:07.507 INFO  manager.ListenerWD -- After find element-->By.xpath: //input[@placeholder='Password']
19:33:07.517 INFO  manager.ListenerWD -- Location of element-->input
19:33:07.542 INFO  manager.ListenerWD -- Before click element-->inputtext-->
19:33:07.660 INFO  manager.ListenerWD -- After click element-->input
19:33:07.737 INFO  manager.ListenerWD -- SendKeys-->
19:33:07.748 INFO  manager.ListenerWD -- SendKeys_TagName-->input
19:33:07.823 INFO  manager.ListenerWD -- SendKeys-->
19:33:07.832 INFO  manager.ListenerWD -- SendKeys_TagName-->input
19:33:07.892 INFO  manager.ListenerWD -- SendKeys-->
19:33:07.902 INFO  manager.ListenerWD -- SendKeys_TagName-->input
19:33:07.975 INFO  manager.ListenerWD -- Before find element-->By.xpath: //button[text()='Login']
19:33:07.995 INFO  manager.ListenerWD -- After find element-->By.xpath: //button[text()='Login']
19:33:08.005 INFO  manager.ListenerWD -- Location of element-->button
19:33:08.031 INFO  manager.ListenerWD -- Before click element-->buttontext-->Login
19:33:08.156 INFO  manager.ListenerWD -- Huston, we have a problem
19:33:08.157 INFO  manager.ListenerWD -- Failed method:alert
19:33:08.157 INFO  manager.ListenerWD -- **************************************
19:33:08.157 INFO  manager.ListenerWD -- Arguments:null
19:33:08.157 INFO  manager.ListenerWD -- **************************************
19:33:08.157 INFO  manager.ListenerWD -- Exception:NoAlertPresentException
19:33:08.157 INFO  manager.ListenerWD -- **************************************
19:33:08.157 INFO  manager.ListenerWD -- Message:no such alert
  (Session info: chrome=148.0.7778.181)
Build info: version: '4.26.0', revision: '8ccf0219d7'
System info: os.name: 'Windows 11', os.arch: 'amd64', os.version: '10.0', java.version: '17.0.12'
Driver info: org.openqa.selenium.chrome.ChromeDriver
Command: [3a59dcd002013f48f4cfe62904047b03, getAlertText {}]
Capabilities {acceptInsecureCerts: false, browserName: chrome, browserVersion: 148.0.7778.181, chrome: {chromedriverVersion: 148.0.7778.167 (65db666ac2c..., userDataDir: C:\Users\Mariya\AppData\Loc...}, fedcm:accounts: true, goog:chromeOptions: {debuggerAddress: localhost:50520}, goog:processID: 183160, networkConnectionEnabled: false, pageLoadStrategy: normal, platformName: windows, proxy: Proxy(), se:cdp: ws://localhost:50520/devtoo..., se:cdpVersion: 148.0.7778.181, setWindowRect: true, strictFileInteractability: false, timeouts: {implicit: 0, pageLoad: 300000, script: 30000}, unhandledPromptBehavior: dismiss and notify, webauthn:extension:credBlob: true, webauthn:extension:largeBlob: true, webauthn:extension:minPinLength: true, webauthn:extension:prf: true, webauthn:virtualAuthenticators: true}
Session ID: 3a59dcd002013f48f4cfe62904047b03
19:33:08.157 INFO  manager.ListenerWD -- **************************************
19:33:08.157 INFO  manager.ListenerWD -- Screen with error is-->src/test/screenchots/screen_1602.png
19:33:10.706 INFO  tests.TestBase -- Assert check is alert present with error text 'Wrong email or password'
19:33:10.707 INFO  manager.TestNGListener -- Success test --> loginUnregisteredUser
19:33:10.709 INFO  tests.TestBase -- ===============================================
19:33:10.712 INFO  tests.TestBase -- Name of method (test) ---> loginWrongEmail
19:33:15.745 INFO  manager.TestNGListener -- Start test --> null
19:33:15.745 INFO  tests.TestBase -- Test data ---> email: 'margogmail.com' & password: 'Mmar123456$'
19:33:15.746 INFO  manager.ListenerWD -- Before find element-->By.cssSelector: a[href='/login']
19:33:15.770 INFO  manager.ListenerWD -- After find element-->By.cssSelector: a[href='/login']
19:33:15.778 INFO  manager.ListenerWD -- Location of element-->a
19:33:15.803 INFO  manager.ListenerWD -- Before click element-->atext-->LOGIN
19:33:15.930 INFO  manager.ListenerWD -- After click element-->a
19:33:15.931 INFO  manager.ListenerWD -- Before find element-->By.name: email
19:33:15.959 INFO  manager.ListenerWD -- After find element-->By.name: email
19:33:15.972 INFO  manager.ListenerWD -- Location of element-->input
19:33:15.998 INFO  manager.ListenerWD -- Before click element-->inputtext-->
19:33:16.141 INFO  manager.ListenerWD -- After click element-->input
19:33:16.217 INFO  manager.ListenerWD -- SendKeys-->
19:33:16.228 INFO  manager.ListenerWD -- SendKeys_TagName-->input
19:33:16.330 INFO  manager.ListenerWD -- SendKeys-->
19:33:16.339 INFO  manager.ListenerWD -- SendKeys_TagName-->input
19:33:16.401 INFO  manager.ListenerWD -- SendKeys-->
19:33:16.409 INFO  manager.ListenerWD -- SendKeys_TagName-->input
19:33:16.476 INFO  manager.ListenerWD -- Before find element-->By.xpath: //input[@placeholder='Password']
19:33:16.499 INFO  manager.ListenerWD -- After find element-->By.xpath: //input[@placeholder='Password']
19:33:16.510 INFO  manager.ListenerWD -- Location of element-->input
19:33:16.544 INFO  manager.ListenerWD -- Before click element-->inputtext-->
19:33:16.668 INFO  manager.ListenerWD -- After click element-->input
19:33:16.755 INFO  manager.ListenerWD -- SendKeys-->
19:33:16.764 INFO  manager.ListenerWD -- SendKeys_TagName-->input
19:33:16.854 INFO  manager.ListenerWD -- SendKeys-->
19:33:16.863 INFO  manager.ListenerWD -- SendKeys_TagName-->input
19:33:16.926 INFO  manager.ListenerWD -- SendKeys-->
19:33:16.936 INFO  manager.ListenerWD -- SendKeys_TagName-->input
19:33:17.002 INFO  manager.ListenerWD -- Before find element-->By.xpath: //button[text()='Login']
19:33:17.028 INFO  manager.ListenerWD -- After find element-->By.xpath: //button[text()='Login']
19:33:17.041 INFO  manager.ListenerWD -- Location of element-->button
19:33:17.071 INFO  manager.ListenerWD -- Before click element-->buttontext-->Login
19:33:17.198 INFO  manager.ListenerWD -- Huston, we have a problem
19:33:17.199 INFO  manager.ListenerWD -- Failed method:alert
19:33:17.199 INFO  manager.ListenerWD -- **************************************
19:33:17.199 INFO  manager.ListenerWD -- Arguments:null
19:33:17.199 INFO  manager.ListenerWD -- **************************************
19:33:17.199 INFO  manager.ListenerWD -- Exception:NoAlertPresentException
19:33:17.199 INFO  manager.ListenerWD -- **************************************
19:33:17.199 INFO  manager.ListenerWD -- Message:no such alert
  (Session info: chrome=148.0.7778.181)
Build info: version: '4.26.0', revision: '8ccf0219d7'
System info: os.name: 'Windows 11', os.arch: 'amd64', os.version: '10.0', java.version: '17.0.12'
Driver info: org.openqa.selenium.chrome.ChromeDriver
Command: [3a59dcd002013f48f4cfe62904047b03, getAlertText {}]
Capabilities {acceptInsecureCerts: false, browserName: chrome, browserVersion: 148.0.7778.181, chrome: {chromedriverVersion: 148.0.7778.167 (65db666ac2c..., userDataDir: C:\Users\Mariya\AppData\Loc...}, fedcm:accounts: true, goog:chromeOptions: {debuggerAddress: localhost:50520}, goog:processID: 183160, networkConnectionEnabled: false, pageLoadStrategy: normal, platformName: windows, proxy: Proxy(), se:cdp: ws://localhost:50520/devtoo..., se:cdpVersion: 148.0.7778.181, setWindowRect: true, strictFileInteractability: false, timeouts: {implicit: 0, pageLoad: 300000, script: 30000}, unhandledPromptBehavior: dismiss and notify, webauthn:extension:credBlob: true, webauthn:extension:largeBlob: true, webauthn:extension:minPinLength: true, webauthn:extension:prf: true, webauthn:virtualAuthenticators: true}
Session ID: 3a59dcd002013f48f4cfe62904047b03
19:33:17.200 INFO  manager.ListenerWD -- **************************************
19:33:17.200 INFO  manager.ListenerWD -- Screen with error is-->src/test/screenchots/screen_1109.png
19:33:19.735 INFO  tests.TestBase -- Assert check is alert present with error text 'Wrong email or password'
19:33:19.735 INFO  manager.TestNGListener -- Success test --> loginWrongEmail
19:33:19.736 INFO  tests.TestBase -- ===============================================
19:33:19.737 INFO  tests.TestBase -- Name of method (test) ---> loginWrongPassword
19:33:24.754 INFO  manager.TestNGListener -- Start test --> null
19:33:24.754 INFO  tests.TestBase -- Test data ---> email: 'margogmail.com' & password: 'Mmar123'
19:33:24.754 INFO  manager.ListenerWD -- Before find element-->By.cssSelector: a[href='/login']
19:33:24.776 INFO  manager.ListenerWD -- After find element-->By.cssSelector: a[href='/login']
19:33:24.785 INFO  manager.ListenerWD -- Location of element-->a
19:33:24.809 INFO  manager.ListenerWD -- Before click element-->atext-->LOGIN
19:33:24.925 INFO  manager.ListenerWD -- After click element-->a
19:33:24.925 INFO  manager.ListenerWD -- Before find element-->By.name: email
19:33:24.950 INFO  manager.ListenerWD -- After find element-->By.name: email
19:33:24.959 INFO  manager.ListenerWD -- Location of element-->input
19:33:24.987 INFO  manager.ListenerWD -- Before click element-->inputtext-->
19:33:25.102 INFO  manager.ListenerWD -- After click element-->input
19:33:25.168 INFO  manager.ListenerWD -- SendKeys-->
19:33:25.178 INFO  manager.ListenerWD -- SendKeys_TagName-->input
19:33:25.257 INFO  manager.ListenerWD -- SendKeys-->
19:33:25.266 INFO  manager.ListenerWD -- SendKeys_TagName-->input
19:33:25.328 INFO  manager.ListenerWD -- SendKeys-->
19:33:25.337 INFO  manager.ListenerWD -- SendKeys_TagName-->input
19:33:25.402 INFO  manager.ListenerWD -- Before find element-->By.xpath: //input[@placeholder='Password']
19:33:25.422 INFO  manager.ListenerWD -- After find element-->By.xpath: //input[@placeholder='Password']
19:33:25.431 INFO  manager.ListenerWD -- Location of element-->input
19:33:25.452 INFO  manager.ListenerWD -- Before click element-->inputtext-->
19:33:25.554 INFO  manager.ListenerWD -- After click element-->input
19:33:25.608 INFO  manager.ListenerWD -- SendKeys-->
19:33:25.617 INFO  manager.ListenerWD -- SendKeys_TagName-->input
19:33:25.694 INFO  manager.ListenerWD -- SendKeys-->
19:33:25.702 INFO  manager.ListenerWD -- SendKeys_TagName-->input
19:33:25.756 INFO  manager.ListenerWD -- SendKeys-->
19:33:25.765 INFO  manager.ListenerWD -- SendKeys_TagName-->input
19:33:25.824 INFO  manager.ListenerWD -- Before find element-->By.xpath: //button[text()='Login']
19:33:25.845 INFO  manager.ListenerWD -- After find element-->By.xpath: //button[text()='Login']
19:33:25.858 INFO  manager.ListenerWD -- Location of element-->button
19:33:25.884 INFO  manager.ListenerWD -- Before click element-->buttontext-->Login
19:33:25.991 INFO  manager.ListenerWD -- Huston, we have a problem
19:33:25.991 INFO  manager.ListenerWD -- Failed method:alert
19:33:25.992 INFO  manager.ListenerWD -- **************************************
19:33:25.992 INFO  manager.ListenerWD -- Arguments:null
19:33:25.992 INFO  manager.ListenerWD -- **************************************
19:33:25.992 INFO  manager.ListenerWD -- Exception:NoAlertPresentException
19:33:25.992 INFO  manager.ListenerWD -- **************************************
19:33:25.992 INFO  manager.ListenerWD -- Message:no such alert
  (Session info: chrome=148.0.7778.181)
Build info: version: '4.26.0', revision: '8ccf0219d7'
System info: os.name: 'Windows 11', os.arch: 'amd64', os.version: '10.0', java.version: '17.0.12'
Driver info: org.openqa.selenium.chrome.ChromeDriver
Command: [3a59dcd002013f48f4cfe62904047b03, getAlertText {}]
Capabilities {acceptInsecureCerts: false, browserName: chrome, browserVersion: 148.0.7778.181, chrome: {chromedriverVersion: 148.0.7778.167 (65db666ac2c..., userDataDir: C:\Users\Mariya\AppData\Loc...}, fedcm:accounts: true, goog:chromeOptions: {debuggerAddress: localhost:50520}, goog:processID: 183160, networkConnectionEnabled: false, pageLoadStrategy: normal, platformName: windows, proxy: Proxy(), se:cdp: ws://localhost:50520/devtoo..., se:cdpVersion: 148.0.7778.181, setWindowRect: true, strictFileInteractability: false, timeouts: {implicit: 0, pageLoad: 300000, script: 30000}, unhandledPromptBehavior: dismiss and notify, webauthn:extension:credBlob: true, webauthn:extension:largeBlob: true, webauthn:extension:minPinLength: true, webauthn:extension:prf: true, webauthn:virtualAuthenticators: true}
Session ID: 3a59dcd002013f48f4cfe62904047b03
19:33:25.992 INFO  manager.ListenerWD -- **************************************
19:33:25.992 INFO  manager.ListenerWD -- Screen with error is-->src/test/screenchots/screen_1683.png
19:33:28.520 INFO  tests.TestBase -- Assert check is alert present with error text 'Wrong email or password'
19:33:28.521 INFO  manager.TestNGListener -- Success test --> loginWrongPassword
19:33:28.522 INFO  tests.TestBase -- ===============================================
19:33:28.525 INFO  manager.TestNGListener -- Stop testing on date -->Thu Jun 04 19:33:28 IDT 2026
