20:27:42.368 INFO  manager.ApplicationManager -- All tests runs in Chrome Browser
20:27:44.701 INFO  manager.ApplicationManager -- The link --->https://telranedu.web.app/home
20:27:44.800 INFO  manager.TestNGListener -- Start testing on date -->Tue Jun 09 20:27:44 IDT 2026
20:27:44.867 INFO  tests.TestBase -- Name of method (test) ---> loginSuccess1
20:27:49.927 INFO  manager.TestNGListener -- Start test --> null
20:27:49.932 INFO  manager.ListenerWD -- Before find element-->By.cssSelector: a[href='/login']
20:27:50.016 INFO  manager.ListenerWD -- After find element-->By.cssSelector: a[href='/login']
20:27:50.032 INFO  manager.ListenerWD -- Location of element-->a
20:27:50.079 INFO  manager.ListenerWD -- Before click element-->atext-->LOGIN
20:27:50.251 INFO  manager.ListenerWD -- After click element-->a
20:27:50.253 INFO  manager.ListenerWD -- Before find element-->By.name: email
20:27:50.316 INFO  manager.ListenerWD -- After find element-->By.name: email
20:27:50.331 INFO  manager.ListenerWD -- Location of element-->input
20:27:50.359 INFO  manager.ListenerWD -- Before click element-->inputtext-->
20:27:50.485 INFO  manager.ListenerWD -- After click element-->input
20:27:50.564 INFO  manager.ListenerWD -- SendKeys-->
20:27:50.580 INFO  manager.ListenerWD -- SendKeys_TagName-->input
20:27:50.693 INFO  manager.ListenerWD -- SendKeys-->
20:27:50.700 INFO  manager.ListenerWD -- SendKeys_TagName-->input
20:27:50.772 INFO  manager.ListenerWD -- SendKeys-->
20:27:50.783 INFO  manager.ListenerWD -- SendKeys_TagName-->input
20:27:50.849 INFO  manager.ListenerWD -- Before find element-->By.xpath: //input[@placeholder='Password']
20:27:50.906 INFO  manager.ListenerWD -- After find element-->By.xpath: //input[@placeholder='Password']
20:27:50.922 INFO  manager.ListenerWD -- Location of element-->input
20:27:50.938 INFO  manager.ListenerWD -- Before click element-->inputtext-->
20:27:51.085 INFO  manager.ListenerWD -- After click element-->input
20:27:51.154 INFO  manager.ListenerWD -- SendKeys-->
20:27:51.164 INFO  manager.ListenerWD -- SendKeys_TagName-->input
20:27:51.231 INFO  manager.ListenerWD -- SendKeys-->
20:27:51.233 INFO  manager.ListenerWD -- SendKeys_TagName-->input
20:27:51.309 INFO  manager.ListenerWD -- SendKeys-->
20:27:51.309 INFO  manager.ListenerWD -- SendKeys_TagName-->input
20:27:51.395 INFO  manager.ListenerWD -- Before find element-->By.xpath: //button[text()='Login']
20:27:51.432 INFO  manager.ListenerWD -- After find element-->By.xpath: //button[text()='Login']
20:27:51.448 INFO  manager.ListenerWD -- Location of element-->button
20:27:51.483 INFO  manager.ListenerWD -- Before click element-->buttontext-->Login
20:27:52.698 INFO  manager.TestNGListener -- Success test --> loginSuccess1
20:27:52.698 INFO  tests.TestBase -- ===============================================
20:27:52.698 INFO  tests.TestBase -- Name of method (test) ---> loginWrongEmail
20:27:52.750 INFO  manager.ListenerWD -- Before find element-->By.xpath: //button[text()='Sign Out']
20:27:52.801 INFO  manager.ListenerWD -- After find element-->By.xpath: //button[text()='Sign Out']
20:27:52.812 INFO  manager.ListenerWD -- Location of element-->button
20:27:52.828 INFO  manager.ListenerWD -- Before click element-->buttontext-->Sign Out
20:27:52.954 INFO  tests.TestBase -- Before method finished logout
20:27:52.955 INFO  manager.TestNGListener -- Start test --> null
20:27:52.956 INFO  tests.TestBase -- Test data ---> email: 'margogmail.com' & password: 'Mmar123456$'
20:27:52.956 INFO  manager.ListenerWD -- Before find element-->By.cssSelector: a[href='/login']
20:27:52.982 INFO  manager.ListenerWD -- After find element-->By.cssSelector: a[href='/login']
20:27:52.996 INFO  manager.ListenerWD -- Location of element-->a
20:27:53.027 INFO  manager.ListenerWD -- Before click element-->atext-->LOGIN
20:27:53.157 INFO  manager.ListenerWD -- After click element-->a
20:27:53.159 INFO  manager.ListenerWD -- Before find element-->By.name: email
20:27:53.205 INFO  manager.ListenerWD -- After find element-->By.name: email
20:27:53.224 INFO  manager.ListenerWD -- Location of element-->input
20:27:53.262 INFO  manager.ListenerWD -- Before click element-->inputtext-->
20:27:53.429 INFO  manager.ListenerWD -- After click element-->input
20:27:53.509 INFO  manager.ListenerWD -- SendKeys-->
20:27:53.519 INFO  manager.ListenerWD -- SendKeys_TagName-->input
20:27:53.602 INFO  manager.ListenerWD -- SendKeys-->
20:27:53.616 INFO  manager.ListenerWD -- SendKeys_TagName-->input
20:27:53.727 INFO  manager.ListenerWD -- SendKeys-->
20:27:53.743 INFO  manager.ListenerWD -- SendKeys_TagName-->input
20:27:53.847 INFO  manager.ListenerWD -- Before find element-->By.xpath: //input[@placeholder='Password']
20:27:53.906 INFO  manager.ListenerWD -- After find element-->By.xpath: //input[@placeholder='Password']
20:27:53.945 INFO  manager.ListenerWD -- Location of element-->input
20:27:53.986 INFO  manager.ListenerWD -- Before click element-->inputtext-->
20:27:54.154 INFO  manager.ListenerWD -- After click element-->input
20:27:54.212 INFO  manager.ListenerWD -- SendKeys-->
20:27:54.236 INFO  manager.ListenerWD -- SendKeys_TagName-->input
20:27:54.304 INFO  manager.ListenerWD -- SendKeys-->
20:27:54.313 INFO  manager.ListenerWD -- SendKeys_TagName-->input
20:27:54.379 INFO  manager.ListenerWD -- SendKeys-->
20:27:54.383 INFO  manager.ListenerWD -- SendKeys_TagName-->input
20:27:54.461 INFO  manager.ListenerWD -- Before find element-->By.xpath: //button[text()='Login']
20:27:54.494 INFO  manager.ListenerWD -- After find element-->By.xpath: //button[text()='Login']
20:27:54.508 INFO  manager.ListenerWD -- Location of element-->button
20:27:54.530 INFO  manager.ListenerWD -- Before click element-->buttontext-->Login
20:27:54.676 INFO  manager.ListenerWD -- Huston, we have a problem
20:27:54.676 INFO  manager.ListenerWD -- Failed method:alert
20:27:54.676 INFO  manager.ListenerWD -- **************************************
20:27:54.676 INFO  manager.ListenerWD -- Arguments:null
20:27:54.676 INFO  manager.ListenerWD -- **************************************
20:27:54.676 INFO  manager.ListenerWD -- Exception:NoAlertPresentException
20:27:54.676 INFO  manager.ListenerWD -- **************************************
20:27:54.676 INFO  manager.ListenerWD -- Message:no such alert
  (Session info: chrome=148.0.7778.181)
Build info: version: '4.26.0', revision: '8ccf0219d7'
System info: os.name: 'Windows 11', os.arch: 'amd64', os.version: '10.0', java.version: '21.0.8'
Driver info: org.openqa.selenium.chrome.ChromeDriver
Command: [8ad6c08be5d0e86086591595b3ec1081, getAlertText {}]
Capabilities {acceptInsecureCerts: false, browserName: chrome, browserVersion: 148.0.7778.181, chrome: {chromedriverVersion: 148.0.7778.167 (65db666ac2c..., userDataDir: C:\Users\Mariya\AppData\Loc...}, fedcm:accounts: true, goog:chromeOptions: {debuggerAddress: localhost:65074}, goog:processID: 217808, networkConnectionEnabled: false, pageLoadStrategy: normal, platformName: windows, proxy: Proxy(), se:cdp: ws://localhost:65074/devtoo..., se:cdpVersion: 148.0.7778.181, setWindowRect: true, strictFileInteractability: false, timeouts: {implicit: 0, pageLoad: 300000, script: 30000}, unhandledPromptBehavior: dismiss and notify, webauthn:extension:credBlob: true, webauthn:extension:largeBlob: true, webauthn:extension:minPinLength: true, webauthn:extension:prf: true, webauthn:virtualAuthenticators: true}
Session ID: 8ad6c08be5d0e86086591595b3ec1081
20:27:54.676 INFO  manager.ListenerWD -- **************************************
20:27:54.676 INFO  manager.ListenerWD -- Screen with error is-->src/test/screenchots/screen_1243.png
20:27:57.242 INFO  tests.TestBase -- Assert check is alert present with error text 'Wrong email or password'
20:27:57.243 INFO  manager.TestNGListener -- Success test --> loginWrongEmail
20:27:57.244 INFO  tests.TestBase -- ===============================================
20:27:57.251 INFO  tests.TestBase -- Name of method (test) ---> RegistrationWrongEmail
20:28:02.297 INFO  manager.TestNGListener -- Start test --> null
20:28:02.297 INFO  tests.TestBase -- Test data ---> email: 'artart.com' & password: '$Art1$2$3456789'
20:28:02.297 INFO  manager.ListenerWD -- Before find element-->By.cssSelector: a[href='/login']
20:28:02.319 INFO  manager.ListenerWD -- After find element-->By.cssSelector: a[href='/login']
20:28:02.332 INFO  manager.ListenerWD -- Location of element-->a
20:28:02.350 INFO  manager.ListenerWD -- Before click element-->atext-->LOGIN
20:28:02.475 INFO  manager.ListenerWD -- After click element-->a
20:28:02.476 INFO  manager.ListenerWD -- Before find element-->By.name: email
20:28:02.508 INFO  manager.ListenerWD -- After find element-->By.name: email
20:28:02.521 INFO  manager.ListenerWD -- Location of element-->input
20:28:02.551 INFO  manager.ListenerWD -- Before click element-->inputtext-->
20:28:02.681 INFO  manager.ListenerWD -- After click element-->input
20:28:02.781 INFO  manager.ListenerWD -- SendKeys-->
20:28:02.794 INFO  manager.ListenerWD -- SendKeys_TagName-->input
20:28:02.935 INFO  manager.ListenerWD -- SendKeys-->
20:28:02.953 INFO  manager.ListenerWD -- SendKeys_TagName-->input
20:28:03.029 INFO  manager.ListenerWD -- SendKeys-->
20:28:03.042 INFO  manager.ListenerWD -- SendKeys_TagName-->input
20:28:03.118 INFO  manager.ListenerWD -- Before find element-->By.xpath: //input[@placeholder='Password']
20:28:03.160 INFO  manager.ListenerWD -- After find element-->By.xpath: //input[@placeholder='Password']
20:28:03.166 INFO  manager.ListenerWD -- Location of element-->input
20:28:03.203 INFO  manager.ListenerWD -- Before click element-->inputtext-->
20:28:03.333 INFO  manager.ListenerWD -- After click element-->input
20:28:03.404 INFO  manager.ListenerWD -- SendKeys-->
20:28:03.406 INFO  manager.ListenerWD -- SendKeys_TagName-->input
20:28:03.531 INFO  manager.ListenerWD -- SendKeys-->
20:28:03.547 INFO  manager.ListenerWD -- SendKeys_TagName-->input
20:28:03.631 INFO  manager.ListenerWD -- SendKeys-->
20:28:03.641 INFO  manager.ListenerWD -- SendKeys_TagName-->input
20:28:03.725 INFO  manager.ListenerWD -- Before find element-->By.xpath: //button[text()='Registration']
20:28:03.763 INFO  manager.ListenerWD -- After find element-->By.xpath: //button[text()='Registration']
20:28:03.776 INFO  manager.ListenerWD -- Location of element-->button
20:28:03.806 INFO  manager.ListenerWD -- Before click element-->buttontext-->Registration
20:28:03.963 INFO  manager.ListenerWD -- Huston, we have a problem
20:28:03.964 INFO  manager.ListenerWD -- Failed method:alert
20:28:03.965 INFO  manager.ListenerWD -- **************************************
20:28:03.965 INFO  manager.ListenerWD -- Arguments:null
20:28:03.966 INFO  manager.ListenerWD -- **************************************
20:28:03.966 INFO  manager.ListenerWD -- Exception:NoAlertPresentException
20:28:03.966 INFO  manager.ListenerWD -- **************************************
20:28:03.967 INFO  manager.ListenerWD -- Message:no such alert
  (Session info: chrome=148.0.7778.181)
Build info: version: '4.26.0', revision: '8ccf0219d7'
System info: os.name: 'Windows 11', os.arch: 'amd64', os.version: '10.0', java.version: '21.0.8'
Driver info: org.openqa.selenium.chrome.ChromeDriver
Command: [8ad6c08be5d0e86086591595b3ec1081, getAlertText {}]
Capabilities {acceptInsecureCerts: false, browserName: chrome, browserVersion: 148.0.7778.181, chrome: {chromedriverVersion: 148.0.7778.167 (65db666ac2c..., userDataDir: C:\Users\Mariya\AppData\Loc...}, fedcm:accounts: true, goog:chromeOptions: {debuggerAddress: localhost:65074}, goog:processID: 217808, networkConnectionEnabled: false, pageLoadStrategy: normal, platformName: windows, proxy: Proxy(), se:cdp: ws://localhost:65074/devtoo..., se:cdpVersion: 148.0.7778.181, setWindowRect: true, strictFileInteractability: false, timeouts: {implicit: 0, pageLoad: 300000, script: 30000}, unhandledPromptBehavior: dismiss and notify, webauthn:extension:credBlob: true, webauthn:extension:largeBlob: true, webauthn:extension:minPinLength: true, webauthn:extension:prf: true, webauthn:virtualAuthenticators: true}
Session ID: 8ad6c08be5d0e86086591595b3ec1081
20:28:03.967 INFO  manager.ListenerWD -- **************************************
20:28:03.967 INFO  manager.ListenerWD -- Screen with error is-->src/test/screenchots/screen_1967.png
20:28:06.552 INFO  tests.TestBase -- Assert check is alert present with error text 'Wrong email or password format'
20:28:06.556 INFO  manager.TestNGListener -- Success test --> RegistrationWrongEmail
20:28:06.559 INFO  tests.TestBase -- ===============================================
20:28:06.563 INFO  tests.TestBase -- Name of method (test) ---> registrationSuccess
20:28:11.586 INFO  manager.TestNGListener -- Start test --> null
20:28:11.588 INFO  tests.TestBase -- Test data ---> email: 'art1691@art.com' & password: '$Art1$2$3456789'
20:28:11.588 INFO  manager.ListenerWD -- Before find element-->By.cssSelector: a[href='/login']
20:28:11.630 INFO  manager.ListenerWD -- After find element-->By.cssSelector: a[href='/login']
20:28:11.649 INFO  manager.ListenerWD -- Location of element-->a
20:28:11.698 INFO  manager.ListenerWD -- Before click element-->atext-->LOGIN
20:28:11.842 INFO  manager.ListenerWD -- After click element-->a
20:28:11.842 INFO  manager.ListenerWD -- Before find element-->By.name: email
20:28:11.881 INFO  manager.ListenerWD -- After find element-->By.name: email
20:28:11.899 INFO  manager.ListenerWD -- Location of element-->input
20:28:11.961 INFO  manager.ListenerWD -- Before click element-->inputtext-->
20:28:12.149 INFO  manager.ListenerWD -- After click element-->input
20:28:12.232 INFO  manager.ListenerWD -- SendKeys-->
20:28:12.247 INFO  manager.ListenerWD -- SendKeys_TagName-->input
20:28:12.372 INFO  manager.ListenerWD -- SendKeys-->
20:28:12.384 INFO  manager.ListenerWD -- SendKeys_TagName-->input
20:28:12.465 INFO  manager.ListenerWD -- SendKeys-->
20:28:12.476 INFO  manager.ListenerWD -- SendKeys_TagName-->input
20:28:12.566 INFO  manager.ListenerWD -- Before find element-->By.xpath: //input[@placeholder='Password']
20:28:12.608 INFO  manager.ListenerWD -- After find element-->By.xpath: //input[@placeholder='Password']
20:28:12.614 INFO  manager.ListenerWD -- Location of element-->input
20:28:12.652 INFO  manager.ListenerWD -- Before click element-->inputtext-->
20:28:12.783 INFO  manager.ListenerWD -- After click element-->input
20:28:12.855 INFO  manager.ListenerWD -- SendKeys-->
20:28:12.866 INFO  manager.ListenerWD -- SendKeys_TagName-->input
20:28:12.977 INFO  manager.ListenerWD -- SendKeys-->
20:28:12.987 INFO  manager.ListenerWD -- SendKeys_TagName-->input
20:28:13.054 INFO  manager.ListenerWD -- SendKeys-->
20:28:13.062 INFO  manager.ListenerWD -- SendKeys_TagName-->input
20:28:13.142 INFO  manager.ListenerWD -- Before find element-->By.xpath: //button[text()='Registration']
20:28:13.177 INFO  manager.ListenerWD -- After find element-->By.xpath: //button[text()='Registration']
20:28:13.182 INFO  manager.ListenerWD -- Location of element-->button
20:28:13.212 INFO  manager.ListenerWD -- Before click element-->buttontext-->Registration
20:28:13.712 INFO  manager.ListenerWD -- Before find element-->By.cssSelector: .contact-page_message__2qafk>h1
20:28:13.954 INFO  manager.ListenerWD -- After find element-->By.cssSelector: .contact-page_message__2qafk>h1
20:28:13.967 INFO  manager.ListenerWD -- Location of element-->h1
20:28:13.990 INFO  tests.TestBase -- Assert check is element button 'Sign out' present
20:28:13.990 INFO  tests.TestBase -- Assert check is message present with text: 'No contacts here'
20:28:13.991 INFO  manager.TestNGListener -- Success test --> registrationSuccess
20:28:13.992 INFO  tests.TestBase -- ===============================================
20:28:14.050 INFO  tests.TestBase -- Name of method (test) ---> addNewContactSuccessRequiredFields
20:28:14.052 INFO  manager.TestNGListener -- Start test --> null
20:28:14.075 INFO  tests.TestBase -- Test data ---> name: 'Tony1694', last name: 'Dvoretskiy', phone: '0547567 1694',email: 'tony1694@dvo.com', address: 'Dali av. 79/147', description: ' '
20:28:14.076 INFO  manager.ListenerWD -- Before find element-->By.cssSelector: a[href="/add"]
20:28:14.144 INFO  manager.ListenerWD -- After find element-->By.cssSelector: a[href="/add"]
20:28:14.168 INFO  manager.ListenerWD -- Location of element-->a
20:28:14.221 INFO  manager.ListenerWD -- Before click element-->atext-->ADD
20:28:14.524 INFO  manager.ListenerWD -- After click element-->a
20:28:14.524 INFO  manager.ListenerWD -- Before find element-->By.xpath: //input[@placeholder='Name']
20:28:14.647 INFO  manager.ListenerWD -- After find element-->By.xpath: //input[@placeholder='Name']
20:28:14.712 INFO  manager.ListenerWD -- Location of element-->input
20:28:14.755 INFO  manager.ListenerWD -- Before click element-->inputtext-->
20:28:14.964 INFO  manager.ListenerWD -- After click element-->input
20:28:15.148 INFO  manager.ListenerWD -- SendKeys-->
20:28:15.172 INFO  manager.ListenerWD -- SendKeys_TagName-->input
20:28:15.284 INFO  manager.ListenerWD -- SendKeys-->
20:28:15.297 INFO  manager.ListenerWD -- SendKeys_TagName-->input
20:28:15.402 INFO  manager.ListenerWD -- SendKeys-->
20:28:15.417 INFO  manager.ListenerWD -- SendKeys_TagName-->input
20:28:15.504 INFO  manager.ListenerWD -- Before find element-->By.xpath: //input[@placeholder='Last Name']
20:28:15.556 INFO  manager.ListenerWD -- After find element-->By.xpath: //input[@placeholder='Last Name']
20:28:15.572 INFO  manager.ListenerWD -- Location of element-->input
20:28:15.609 INFO  manager.ListenerWD -- Before click element-->inputtext-->
20:28:15.759 INFO  manager.ListenerWD -- After click element-->input
20:28:15.837 INFO  manager.ListenerWD -- SendKeys-->
20:28:15.845 INFO  manager.ListenerWD -- SendKeys_TagName-->input
20:28:15.923 INFO  manager.ListenerWD -- SendKeys-->
20:28:15.932 INFO  manager.ListenerWD -- SendKeys_TagName-->input
20:28:16.013 INFO  manager.ListenerWD -- SendKeys-->
20:28:16.026 INFO  manager.ListenerWD -- SendKeys_TagName-->input
20:28:16.107 INFO  manager.ListenerWD -- Before find element-->By.xpath: //input[@placeholder='Phone']
20:28:16.152 INFO  manager.ListenerWD -- After find element-->By.xpath: //input[@placeholder='Phone']
20:28:16.165 INFO  manager.ListenerWD -- Location of element-->input
20:28:16.195 INFO  manager.ListenerWD -- Before click element-->inputtext-->
20:28:16.344 INFO  manager.ListenerWD -- After click element-->input
20:28:16.422 INFO  manager.ListenerWD -- SendKeys-->
20:28:16.439 INFO  manager.ListenerWD -- SendKeys_TagName-->input
20:28:16.520 INFO  manager.ListenerWD -- SendKeys-->
20:28:16.522 INFO  manager.ListenerWD -- SendKeys_TagName-->input
20:28:16.613 INFO  manager.ListenerWD -- SendKeys-->
20:28:16.622 INFO  manager.ListenerWD -- SendKeys_TagName-->input
20:28:16.697 INFO  manager.ListenerWD -- Before find element-->By.xpath: //input[@placeholder='email']
20:28:16.732 INFO  manager.ListenerWD -- After find element-->By.xpath: //input[@placeholder='email']
20:28:16.745 INFO  manager.ListenerWD -- Location of element-->input
20:28:16.782 INFO  manager.ListenerWD -- Before click element-->inputtext-->
20:28:16.920 INFO  manager.ListenerWD -- After click element-->input
20:28:16.994 INFO  manager.ListenerWD -- SendKeys-->
20:28:17.002 INFO  manager.ListenerWD -- SendKeys_TagName-->input
20:28:17.077 INFO  manager.ListenerWD -- SendKeys-->
20:28:17.089 INFO  manager.ListenerWD -- SendKeys_TagName-->input
20:28:17.175 INFO  manager.ListenerWD -- SendKeys-->
20:28:17.187 INFO  manager.ListenerWD -- SendKeys_TagName-->input
20:28:17.286 INFO  manager.ListenerWD -- Before find element-->By.xpath: //input[@placeholder='Address']
20:28:17.337 INFO  manager.ListenerWD -- After find element-->By.xpath: //input[@placeholder='Address']
20:28:17.342 INFO  manager.ListenerWD -- Location of element-->input
20:28:17.372 INFO  manager.ListenerWD -- Before click element-->inputtext-->
20:28:17.524 INFO  manager.ListenerWD -- After click element-->input
20:28:17.600 INFO  manager.ListenerWD -- SendKeys-->
20:28:17.612 INFO  manager.ListenerWD -- SendKeys_TagName-->input
20:28:17.696 INFO  manager.ListenerWD -- SendKeys-->
20:28:17.708 INFO  manager.ListenerWD -- SendKeys_TagName-->input
20:28:17.799 INFO  manager.ListenerWD -- SendKeys-->
20:28:17.814 INFO  manager.ListenerWD -- SendKeys_TagName-->input
20:28:17.906 INFO  manager.ListenerWD -- Before find element-->By.xpath: //input[@placeholder='description']
20:28:17.942 INFO  manager.ListenerWD -- After find element-->By.xpath: //input[@placeholder='description']
20:28:17.964 INFO  manager.ListenerWD -- Location of element-->input
20:28:18.000 INFO  manager.ListenerWD -- Before click element-->inputtext-->
20:28:18.144 INFO  manager.ListenerWD -- After click element-->input
20:28:18.213 INFO  manager.ListenerWD -- SendKeys-->
20:28:18.224 INFO  manager.ListenerWD -- SendKeys_TagName-->input
20:28:18.301 INFO  manager.ListenerWD -- SendKeys-->
20:28:18.304 INFO  manager.ListenerWD -- SendKeys_TagName-->input
20:28:18.372 INFO  manager.ListenerWD -- Before find element-->By.cssSelector: .add_main__1tbl_ button
20:28:18.407 INFO  manager.ListenerWD -- After find element-->By.cssSelector: .add_main__1tbl_ button
20:28:18.420 INFO  manager.ListenerWD -- Location of element-->button
20:28:18.460 INFO  manager.ListenerWD -- Before click element-->buttontext-->Save
20:28:18.587 INFO  manager.ListenerWD -- After click element-->button
20:28:19.241 INFO  tests.TestBase -- Assert check is contact added by name
20:28:19.241 INFO  tests.TestBase -- Assert check is contact added by phone
20:28:19.241 INFO  manager.TestNGListener -- Success test --> addNewContactSuccessRequiredFields
20:28:19.246 INFO  tests.TestBase -- ===============================================
20:28:19.250 INFO  tests.TestBase -- Name of method (test) ---> removeFirstContact
20:28:19.302 INFO  manager.ListenerWD -- Before find element-->By.cssSelector: a[href="/add"]
20:28:19.326 INFO  manager.ListenerWD -- After find element-->By.cssSelector: a[href="/add"]
20:28:19.332 INFO  manager.ListenerWD -- Location of element-->a
20:28:19.362 INFO  manager.ListenerWD -- Before click element-->atext-->ADD
20:28:19.524 INFO  manager.ListenerWD -- After click element-->a
20:28:19.525 INFO  manager.ListenerWD -- Before find element-->By.xpath: //input[@placeholder='Name']
20:28:19.566 INFO  manager.ListenerWD -- After find element-->By.xpath: //input[@placeholder='Name']
20:28:19.576 INFO  manager.ListenerWD -- Location of element-->input
20:28:19.604 INFO  manager.ListenerWD -- Before click element-->inputtext-->
20:28:19.747 INFO  manager.ListenerWD -- After click element-->input
20:28:19.828 INFO  manager.ListenerWD -- SendKeys-->
20:28:19.841 INFO  manager.ListenerWD -- SendKeys_TagName-->input
20:28:19.922 INFO  manager.ListenerWD -- SendKeys-->
20:28:19.932 INFO  manager.ListenerWD -- SendKeys_TagName-->input
20:28:20.020 INFO  manager.ListenerWD -- SendKeys-->
20:28:20.032 INFO  manager.ListenerWD -- SendKeys_TagName-->input
20:28:20.096 INFO  manager.ListenerWD -- Before find element-->By.xpath: //input[@placeholder='Last Name']
20:28:20.126 INFO  manager.ListenerWD -- After find element-->By.xpath: //input[@placeholder='Last Name']
20:28:20.137 INFO  manager.ListenerWD -- Location of element-->input
20:28:20.170 INFO  manager.ListenerWD -- Before click element-->inputtext-->
20:28:20.290 INFO  manager.ListenerWD -- After click element-->input
20:28:20.369 INFO  manager.ListenerWD -- SendKeys-->
20:28:20.381 INFO  manager.ListenerWD -- SendKeys_TagName-->input
20:28:20.457 INFO  manager.ListenerWD -- SendKeys-->
20:28:20.465 INFO  manager.ListenerWD -- SendKeys_TagName-->input
20:28:20.542 INFO  manager.ListenerWD -- SendKeys-->
20:28:20.552 INFO  manager.ListenerWD -- SendKeys_TagName-->input
20:28:20.626 INFO  manager.ListenerWD -- Before find element-->By.xpath: //input[@placeholder='Phone']
20:28:20.656 INFO  manager.ListenerWD -- After find element-->By.xpath: //input[@placeholder='Phone']
20:28:20.668 INFO  manager.ListenerWD -- Location of element-->input
20:28:20.693 INFO  manager.ListenerWD -- Before click element-->inputtext-->
20:28:20.819 INFO  manager.ListenerWD -- After click element-->input
20:28:20.891 INFO  manager.ListenerWD -- SendKeys-->
20:28:20.902 INFO  manager.ListenerWD -- SendKeys_TagName-->input
20:28:20.970 INFO  manager.ListenerWD -- SendKeys-->
20:28:20.972 INFO  manager.ListenerWD -- SendKeys_TagName-->input
20:28:21.053 INFO  manager.ListenerWD -- SendKeys-->
20:28:21.062 INFO  manager.ListenerWD -- SendKeys_TagName-->input
20:28:21.132 INFO  manager.ListenerWD -- Before find element-->By.xpath: //input[@placeholder='email']
20:28:21.166 INFO  manager.ListenerWD -- After find element-->By.xpath: //input[@placeholder='email']
20:28:21.177 INFO  manager.ListenerWD -- Location of element-->input
20:28:21.203 INFO  manager.ListenerWD -- Before click element-->inputtext-->
20:28:21.331 INFO  manager.ListenerWD -- After click element-->input
20:28:21.393 INFO  manager.ListenerWD -- SendKeys-->
20:28:21.402 INFO  manager.ListenerWD -- SendKeys_TagName-->input
20:28:21.487 INFO  manager.ListenerWD -- SendKeys-->
20:28:21.492 INFO  manager.ListenerWD -- SendKeys_TagName-->input
20:28:21.578 INFO  manager.ListenerWD -- SendKeys-->
20:28:21.587 INFO  manager.ListenerWD -- SendKeys_TagName-->input
20:28:21.668 INFO  manager.ListenerWD -- Before find element-->By.xpath: //input[@placeholder='Address']
20:28:21.700 INFO  manager.ListenerWD -- After find element-->By.xpath: //input[@placeholder='Address']
20:28:21.702 INFO  manager.ListenerWD -- Location of element-->input
20:28:21.734 INFO  manager.ListenerWD -- Before click element-->inputtext-->
20:28:21.859 INFO  manager.ListenerWD -- After click element-->input
20:28:21.943 INFO  manager.ListenerWD -- SendKeys-->
20:28:21.952 INFO  manager.ListenerWD -- SendKeys_TagName-->input
20:28:22.025 INFO  manager.ListenerWD -- SendKeys-->
20:28:22.038 INFO  manager.ListenerWD -- SendKeys_TagName-->input
20:28:22.103 INFO  manager.ListenerWD -- SendKeys-->
20:28:22.112 INFO  manager.ListenerWD -- SendKeys_TagName-->input
20:28:22.181 INFO  manager.ListenerWD -- Before find element-->By.xpath: //input[@placeholder='description']
20:28:22.204 INFO  manager.ListenerWD -- After find element-->By.xpath: //input[@placeholder='description']
20:28:22.222 INFO  manager.ListenerWD -- Location of element-->input
20:28:22.253 INFO  manager.ListenerWD -- Before click element-->inputtext-->
20:28:22.374 INFO  manager.ListenerWD -- After click element-->input
20:28:22.442 INFO  manager.ListenerWD -- SendKeys-->
20:28:22.452 INFO  manager.ListenerWD -- SendKeys_TagName-->input
20:28:22.523 INFO  manager.ListenerWD -- SendKeys-->
20:28:22.534 INFO  manager.ListenerWD -- SendKeys_TagName-->input
20:28:22.588 INFO  manager.ListenerWD -- Before find element-->By.cssSelector: .add_main__1tbl_ button
20:28:22.612 INFO  manager.ListenerWD -- After find element-->By.cssSelector: .add_main__1tbl_ button
20:28:22.636 INFO  manager.ListenerWD -- Location of element-->button
20:28:22.662 INFO  manager.ListenerWD -- Before click element-->buttontext-->Save
20:28:22.783 INFO  manager.ListenerWD -- After click element-->button
20:28:23.300 INFO  manager.ListenerWD -- Before find element-->By.cssSelector: a[href="/add"]
20:28:23.322 INFO  manager.ListenerWD -- After find element-->By.cssSelector: a[href="/add"]
20:28:23.338 INFO  manager.ListenerWD -- Location of element-->a
20:28:23.363 INFO  manager.ListenerWD -- Before click element-->atext-->ADD
20:28:23.488 INFO  manager.ListenerWD -- After click element-->a
20:28:23.488 INFO  manager.ListenerWD -- Before find element-->By.xpath: //input[@placeholder='Name']
20:28:23.519 INFO  manager.ListenerWD -- After find element-->By.xpath: //input[@placeholder='Name']
20:28:23.530 INFO  manager.ListenerWD -- Location of element-->input
20:28:23.555 INFO  manager.ListenerWD -- Before click element-->inputtext-->
20:28:23.702 INFO  manager.ListenerWD -- After click element-->input
20:28:23.779 INFO  manager.ListenerWD -- SendKeys-->
20:28:23.789 INFO  manager.ListenerWD -- SendKeys_TagName-->input
20:28:23.863 INFO  manager.ListenerWD -- SendKeys-->
20:28:23.873 INFO  manager.ListenerWD -- SendKeys_TagName-->input
20:28:23.936 INFO  manager.ListenerWD -- SendKeys-->
20:28:23.943 INFO  manager.ListenerWD -- SendKeys_TagName-->input
20:28:23.992 INFO  manager.ListenerWD -- Before find element-->By.xpath: //input[@placeholder='Last Name']
20:28:24.017 INFO  manager.ListenerWD -- After find element-->By.xpath: //input[@placeholder='Last Name']
20:28:24.022 INFO  manager.ListenerWD -- Location of element-->input
20:28:24.051 INFO  manager.ListenerWD -- Before click element-->inputtext-->
20:28:24.163 INFO  manager.ListenerWD -- After click element-->input
20:28:24.232 INFO  manager.ListenerWD -- SendKeys-->
20:28:24.241 INFO  manager.ListenerWD -- SendKeys_TagName-->input
20:28:24.310 INFO  manager.ListenerWD -- SendKeys-->
20:28:24.312 INFO  manager.ListenerWD -- SendKeys_TagName-->input
20:28:24.393 INFO  manager.ListenerWD -- SendKeys-->
20:28:24.402 INFO  manager.ListenerWD -- SendKeys_TagName-->input
20:28:24.448 INFO  manager.ListenerWD -- Before find element-->By.xpath: //input[@placeholder='Phone']
20:28:24.472 INFO  manager.ListenerWD -- After find element-->By.xpath: //input[@placeholder='Phone']
20:28:24.482 INFO  manager.ListenerWD -- Location of element-->input
20:28:24.502 INFO  manager.ListenerWD -- Before click element-->inputtext-->
20:28:24.605 INFO  manager.ListenerWD -- After click element-->input
20:28:24.652 INFO  manager.ListenerWD -- SendKeys-->
20:28:24.668 INFO  manager.ListenerWD -- SendKeys_TagName-->input
20:28:24.736 INFO  manager.ListenerWD -- SendKeys-->
20:28:24.742 INFO  manager.ListenerWD -- SendKeys_TagName-->input
20:28:24.818 INFO  manager.ListenerWD -- SendKeys-->
20:28:24.828 INFO  manager.ListenerWD -- SendKeys_TagName-->input
20:28:24.888 INFO  manager.ListenerWD -- Before find element-->By.xpath: //input[@placeholder='email']
20:28:24.917 INFO  manager.ListenerWD -- After find element-->By.xpath: //input[@placeholder='email']
20:28:24.927 INFO  manager.ListenerWD -- Location of element-->input
20:28:24.957 INFO  manager.ListenerWD -- Before click element-->inputtext-->
20:28:25.069 INFO  manager.ListenerWD -- After click element-->input
20:28:25.133 INFO  manager.ListenerWD -- SendKeys-->
20:28:25.142 INFO  manager.ListenerWD -- SendKeys_TagName-->input
20:28:25.211 INFO  manager.ListenerWD -- SendKeys-->
20:28:25.219 INFO  manager.ListenerWD -- SendKeys_TagName-->input
20:28:25.288 INFO  manager.ListenerWD -- SendKeys-->
20:28:25.292 INFO  manager.ListenerWD -- SendKeys_TagName-->input
20:28:25.382 INFO  manager.ListenerWD -- Before find element-->By.xpath: //input[@placeholder='Address']
20:28:25.404 INFO  manager.ListenerWD -- After find element-->By.xpath: //input[@placeholder='Address']
20:28:25.420 INFO  manager.ListenerWD -- Location of element-->input
20:28:25.447 INFO  manager.ListenerWD -- Before click element-->inputtext-->
20:28:25.566 INFO  manager.ListenerWD -- After click element-->input
20:28:25.632 INFO  manager.ListenerWD -- SendKeys-->
20:28:25.647 INFO  manager.ListenerWD -- SendKeys_TagName-->input
20:28:25.715 INFO  manager.ListenerWD -- SendKeys-->
20:28:25.722 INFO  manager.ListenerWD -- SendKeys_TagName-->input
20:28:25.791 INFO  manager.ListenerWD -- SendKeys-->
20:28:25.802 INFO  manager.ListenerWD -- SendKeys_TagName-->input
20:28:25.886 INFO  manager.ListenerWD -- Before find element-->By.xpath: //input[@placeholder='description']
20:28:25.920 INFO  manager.ListenerWD -- After find element-->By.xpath: //input[@placeholder='description']
20:28:25.933 INFO  manager.ListenerWD -- Location of element-->input
20:28:25.965 INFO  manager.ListenerWD -- Before click element-->inputtext-->
20:28:26.083 INFO  manager.ListenerWD -- After click element-->input
20:28:26.143 INFO  manager.ListenerWD -- SendKeys-->
20:28:26.158 INFO  manager.ListenerWD -- SendKeys_TagName-->input
20:28:26.230 INFO  manager.ListenerWD -- SendKeys-->
20:28:26.234 INFO  manager.ListenerWD -- SendKeys_TagName-->input
20:28:26.302 INFO  manager.ListenerWD -- Before find element-->By.cssSelector: .add_main__1tbl_ button
20:28:26.332 INFO  manager.ListenerWD -- After find element-->By.cssSelector: .add_main__1tbl_ button
20:28:26.347 INFO  manager.ListenerWD -- Location of element-->button
20:28:26.373 INFO  manager.ListenerWD -- Before click element-->buttontext-->Save
20:28:26.467 INFO  manager.ListenerWD -- After click element-->button
20:28:26.975 INFO  manager.ListenerWD -- Before find element-->By.cssSelector: a[href="/add"]
20:28:26.992 INFO  manager.ListenerWD -- After find element-->By.cssSelector: a[href="/add"]
20:28:27.007 INFO  manager.ListenerWD -- Location of element-->a
20:28:27.031 INFO  manager.ListenerWD -- Before click element-->atext-->ADD
20:28:27.143 INFO  manager.ListenerWD -- After click element-->a
20:28:27.144 INFO  manager.ListenerWD -- Before find element-->By.xpath: //input[@placeholder='Name']
20:28:27.167 INFO  manager.ListenerWD -- After find element-->By.xpath: //input[@placeholder='Name']
20:28:27.172 INFO  manager.ListenerWD -- Location of element-->input
20:28:27.195 INFO  manager.ListenerWD -- Before click element-->inputtext-->
20:28:27.327 INFO  manager.ListenerWD -- After click element-->input
20:28:27.397 INFO  manager.ListenerWD -- SendKeys-->
20:28:27.408 INFO  manager.ListenerWD -- SendKeys_TagName-->input
20:28:27.475 INFO  manager.ListenerWD -- SendKeys-->
20:28:27.486 INFO  manager.ListenerWD -- SendKeys_TagName-->input
20:28:27.553 INFO  manager.ListenerWD -- SendKeys-->
20:28:27.561 INFO  manager.ListenerWD -- SendKeys_TagName-->input
20:28:27.622 INFO  manager.ListenerWD -- Before find element-->By.xpath: //input[@placeholder='Last Name']
20:28:27.642 INFO  manager.ListenerWD -- After find element-->By.xpath: //input[@placeholder='Last Name']
20:28:27.662 INFO  manager.ListenerWD -- Location of element-->input
20:28:27.684 INFO  manager.ListenerWD -- Before click element-->inputtext-->
20:28:27.823 INFO  manager.ListenerWD -- After click element-->input
20:28:27.884 INFO  manager.ListenerWD -- SendKeys-->
20:28:27.892 INFO  manager.ListenerWD -- SendKeys_TagName-->input
20:28:27.968 INFO  manager.ListenerWD -- SendKeys-->
20:28:27.976 INFO  manager.ListenerWD -- SendKeys_TagName-->input
20:28:28.044 INFO  manager.ListenerWD -- SendKeys-->
20:28:28.052 INFO  manager.ListenerWD -- SendKeys_TagName-->input
20:28:28.111 INFO  manager.ListenerWD -- Before find element-->By.xpath: //input[@placeholder='Phone']
20:28:28.131 INFO  manager.ListenerWD -- After find element-->By.xpath: //input[@placeholder='Phone']
20:28:28.144 INFO  manager.ListenerWD -- Location of element-->input
20:28:28.175 INFO  manager.ListenerWD -- Before click element-->inputtext-->
20:28:28.301 INFO  manager.ListenerWD -- After click element-->input
20:28:28.362 INFO  manager.ListenerWD -- SendKeys-->
20:28:28.377 INFO  manager.ListenerWD -- SendKeys_TagName-->input
20:28:28.444 INFO  manager.ListenerWD -- SendKeys-->
20:28:28.453 INFO  manager.ListenerWD -- SendKeys_TagName-->input
20:28:28.515 INFO  manager.ListenerWD -- SendKeys-->
20:28:28.532 INFO  manager.ListenerWD -- SendKeys_TagName-->input
20:28:28.591 INFO  manager.ListenerWD -- Before find element-->By.xpath: //input[@placeholder='email']
20:28:28.612 INFO  manager.ListenerWD -- After find element-->By.xpath: //input[@placeholder='email']
20:28:28.628 INFO  manager.ListenerWD -- Location of element-->input
20:28:28.656 INFO  manager.ListenerWD -- Before click element-->inputtext-->
20:28:28.774 INFO  manager.ListenerWD -- After click element-->input
20:28:28.844 INFO  manager.ListenerWD -- SendKeys-->
20:28:28.852 INFO  manager.ListenerWD -- SendKeys_TagName-->input
20:28:28.912 INFO  manager.ListenerWD -- SendKeys-->
20:28:28.923 INFO  manager.ListenerWD -- SendKeys_TagName-->input
20:28:28.982 INFO  manager.ListenerWD -- SendKeys-->
20:28:28.986 INFO  manager.ListenerWD -- SendKeys_TagName-->input
20:28:29.055 INFO  manager.ListenerWD -- Before find element-->By.xpath: //input[@placeholder='Address']
20:28:29.079 INFO  manager.ListenerWD -- After find element-->By.xpath: //input[@placeholder='Address']
20:28:29.086 INFO  manager.ListenerWD -- Location of element-->input
20:28:29.111 INFO  manager.ListenerWD -- Before click element-->inputtext-->
20:28:29.212 INFO  manager.ListenerWD -- After click element-->input
20:28:29.282 INFO  manager.ListenerWD -- SendKeys-->
20:28:29.292 INFO  manager.ListenerWD -- SendKeys_TagName-->input
20:28:29.367 INFO  manager.ListenerWD -- SendKeys-->
20:28:29.372 INFO  manager.ListenerWD -- SendKeys_TagName-->input
20:28:29.440 INFO  manager.ListenerWD -- SendKeys-->
20:28:29.444 INFO  manager.ListenerWD -- SendKeys_TagName-->input
20:28:29.511 INFO  manager.ListenerWD -- Before find element-->By.xpath: //input[@placeholder='description']
20:28:29.532 INFO  manager.ListenerWD -- After find element-->By.xpath: //input[@placeholder='description']
20:28:29.542 INFO  manager.ListenerWD -- Location of element-->input
20:28:29.562 INFO  manager.ListenerWD -- Before click element-->inputtext-->
20:28:29.666 INFO  manager.ListenerWD -- After click element-->input
20:28:29.716 INFO  manager.ListenerWD -- SendKeys-->
20:28:29.725 INFO  manager.ListenerWD -- SendKeys_TagName-->input
20:28:29.789 INFO  manager.ListenerWD -- SendKeys-->
20:28:29.794 INFO  manager.ListenerWD -- SendKeys_TagName-->input
20:28:29.846 INFO  manager.ListenerWD -- Before find element-->By.cssSelector: .add_main__1tbl_ button
20:28:29.872 INFO  manager.ListenerWD -- After find element-->By.cssSelector: .add_main__1tbl_ button
20:28:29.885 INFO  manager.ListenerWD -- Location of element-->button
20:28:29.912 INFO  manager.ListenerWD -- Before click element-->buttontext-->Save
20:28:30.012 INFO  manager.ListenerWD -- After click element-->button
20:28:30.523 INFO  manager.TestNGListener -- Start test --> null
20:28:30.582 INFO  manager.HelperBase -- Number of Contacts before remove is -->4
20:28:30.582 INFO  manager.ListenerWD -- Before find element-->By.cssSelector: .contact-item_card__2SOIM
20:28:30.617 INFO  manager.ListenerWD -- After find element-->By.cssSelector: .contact-item_card__2SOIM
20:28:30.627 INFO  manager.ListenerWD -- Location of element-->div
20:28:30.654 INFO  manager.ListenerWD -- Before click element-->divtext-->Tony1694
05475671694
20:28:30.817 INFO  manager.ListenerWD -- After click element-->div
20:28:30.818 INFO  manager.ListenerWD -- Before find element-->By.xpath: //button[text()='Remove']
20:28:30.852 INFO  manager.ListenerWD -- After find element-->By.xpath: //button[text()='Remove']
20:28:30.872 INFO  manager.ListenerWD -- Location of element-->button
20:28:30.899 INFO  manager.ListenerWD -- Before click element-->buttontext-->Remove
20:28:31.032 INFO  manager.ListenerWD -- After click element-->button
20:28:32.085 INFO  manager.HelperBase -- Number of Contacts after remove is -->3
20:28:32.085 INFO  manager.TestNGListener -- Success test --> removeFirstContact
20:28:32.090 INFO  tests.TestBase -- ===============================================
20:28:32.092 INFO  manager.TestNGListener -- Stop testing on date -->Tue Jun 09 20:28:32 IDT 2026
